Successfully decoded the config file
connected to server
connected to server
connected to server
transaction not found in time map
time map: {[21, 249, 192, 236, 228, 205, 246, 255, 62, 10, 181, 145, 219, 68,
188, 210, 136, 185, 148, 236, 109, 255, 70, 158, 19, 211, 52, 92, 148, 101, 223,
226]: SystemTime { tv_sec: 1607513562, tv_nsec: 687923116 }, [107, 106, 221,
123, 124, 66, 122, 92, 205, 42, 172, 221, 156, 162, 89, 7, 35, 90, 64, 183, 116,
159, 128, 209, 135, 115, 1, 43, 116, 63, 200, 222]: SystemTime { tv_sec:
1607513562, tv_nsec: 679507528 }, [135, 237, 112, 105, 71, 14, 151, 117, 204,
186, 194, 58, 168, 218, 218, 93, 89, 16, 57, 196, 250, 37, 34, 61, 158, 176,
223, 246, 183, 239, 106, 251]: SystemTime { tv_sec: 1607513562, tv_nsec:
692245709 }, [105, 130, 53, 174, 150, 207, 161, 20, 234, 33, 213, 223, 237, 176,
144, 76, 45, 50, 34, 49, 57, 160, 65, 138, 60, 191, 27, 110, 59, 116, 13, 18]:
SystemTime { tv_sec: 1607513562, tv_nsec: 690211833 }, [236, 248, 96, 80, 196,
37, 189, 58, 208, 87, 222, 150, 194, 35, 19, 95, 54, 250, 208, 196, 45, 19, 33,
243, 205, 48, 32, 247, 146, 247, 59, 251]: SystemTime { tv_sec: 1607513562,
tv_nsec: 679653077 }, [26, 188, 94, 11, 90, 41, 172, 37, 20, 9, 66, 50, 227,
142, 52, 97, 171, 59, 75, 90, 224, 253, 73, 236, 179, 171, 8, 134, 120, 144,
227, 29]: SystemTime { tv_sec: 1607513562, tv_nsec: 676716297 }, [177, 241, 85,
130, 163, 226, 153, 33, 218, 5, 135, 86, 66, 187, 222, 231, 212, 109, 159, 102,
96, 247, 225, 176, 125, 178, 150, 83, 67, 143, 227, 221]: SystemTime { tv_sec:
1607513562, tv_nsec: 685889415 }, [105, 52, 100, 232, 213, 202, 115, 26, 131,
158, 231, 2, 76, 226, 59, 224, 246, 243, 186, 91, 138, 179, 133, 9, 237, 209,
154, 110, 241, 97, 195, 84]: SystemTime { tv_sec: 1607513562, tv_nsec: 692446412
}, [33, 227, 178, 239, 213, 215, 45, 138, 14, 214, 67, 43, 27, 45, 129, 56, 107,
3, 239, 140, 34, 180, 219, 233, 127, 89, 88, 120, 102, 38, 152, 241]: SystemTime
{ tv_sec: 1607513562, tv_nsec: 692845815 }, [165, 155, 172, 20, 127, 183, 120,
216, 189, 97, 191, 193, 103, 135, 238, 100, 151, 3, 37, 138, 246, 173, 4, 82,
85, 233, 148, 176, 47, 97, 99, 112]: SystemTime { tv_sec: 1607513562, tv_nsec:
684138573 }, [29, 156, 231, 234, 54, 27, 54, 194, 103, 253, 154, 75, 204, 149,
84, 162, 121, 85, 73, 134, 226, 145, 35, 167, 69, 87, 112, 253, 26, 54, 230,
195]: SystemTime { tv_sec: 1607513562, tv_nsec: 694243916 }, [61, 188, 223, 44,
51, 20, 152, 242, 44, 112, 172, 48, 133, 79, 51, 7, 65, 11, 51, 73, 150, 108,
92, 233, 224, 20, 219, 11, 237, 213, 30, 99]: SystemTime { tv_sec: 1607513562,
tv_nsec: 691173864 }, [99, 142, 51, 185, 181, 93, 82, 235, 228, 147, 72, 226,
140, 229, 243, 105, 17, 60, 95, 136, 3, 190, 89, 44, 152, 72, 233, 206, 140,
246, 226, 71]: SystemTime { tv_sec: 1607513562, tv_nsec: 696361271 }, [232, 17,
51, 168, 110, 26, 46, 207, 48, 119, 213, 150, 218, 13, 4, 188, 249, 65, 204,
237, 18, 51, 192, 30, 7, 41, 19, 100, 23, 214, 76, 155]: SystemTime { tv_sec:
1607513562, tv_nsec: 696493674 }, [52, 44, 29, 242, 20, 142, 11, 165, 243, 229,
183, 255, 4, 38, 4, 201, 25, 95, 178, 36, 167, 166, 12, 85, 173, 6, 227, 21,
136, 210, 13, 11]: SystemTime { tv_sec: 1607513562, tv_nsec: 675405749 }, [116,
37, 44, 235, 249, 153, 215, 188, 227, 120, 49, 44, 223, 190, 158, 247, 240, 222,
183, 32, 186, 72, 67, 243, 159, 170, 42, 245, 143, 117, 37, 6]: SystemTime {
tv_sec: 1607513562, tv_nsec: 689624622 }, [117, 79, 131, 71, 98, 156, 1, 191,
26, 29, 196, 133, 16, 105, 114, 108, 62, 111, 206, 154, 231, 178, 16, 222, 59,
201, 22, 170, 181, 112, 92, 72]: SystemTime { tv_sec: 1607513562, tv_nsec:
680724536 }, [7, 152, 73, 234, 122, 93, 242, 226, 233, 154, 66, 24, 149, 47,
188, 145, 248, 130, 222, 151, 95, 113, 148, 107, 94, 60, 0, 179, 160, 17, 178,
118]: SystemTime { tv_sec: 1607513562, tv_nsec: 680320573 }, [99, 211, 55, 28,
165, 79, 119, 247, 40, 226, 252, 196, 34, 247, 254, 26, 59, 185, 88, 10, 240,
140, 41, 147, 196, 62, 245, 150, 158, 77, 123, 102]: SystemTime { tv_sec:
1607513562, tv_nsec: 681159662 }, [42, 83, 201, 173, 171, 196, 22, 34, 110, 192,
89, 66, 11, 99, 138, 227, 173, 152, 137, 102, 94, 136, 59, 75, 43, 206, 41, 31,
227, 68, 152, 28]: SystemTime { tv_sec: 1607513562, tv_nsec: 697842666 }, [12,
97, 107, 224, 34, 1, 70, 148, 81, 75, 31, 105, 242, 60, 157, 214, 53, 94, 246,
105, 188, 235, 26, 33, 61, 217, 255, 213, 187, 248, 201, 57]: SystemTime {
tv_sec: 1607513562, tv_nsec: 698573321 }, [172, 6, 92, 47, 57, 229, 108, 37, 71,
210, 42, 232, 206, 240, 116, 26, 83, 141, 113, 127, 129, 7, 160, 190, 175, 234,
57, 49, 239, 225, 121, 16]: SystemTime { tv_sec: 1607513562, tv_nsec: 682972854
}, [61, 35, 112, 151, 22, 178, 33, 69, 255, 65, 133, 29, 174, 145, 156, 248,
101, 128, 120, 91, 249, 137, 206, 204, 191, 209, 72, 241, 41, 126, 136, 14]:
SystemTime { tv_sec: 1607513562, tv_nsec: 697205043 }, [43, 132, 22, 253, 134,
140, 8, 254, 116, 182, 224, 245, 200, 185, 175, 24, 160, 106, 134, 42, 197, 85,
194, 61, 211, 46, 156, 57, 147, 186, 220, 179]: SystemTime { tv_sec: 1607513562,
tv_nsec: 689018044 }, [102, 60, 50, 254, 173, 165, 114, 62, 47, 208, 152, 147,
252, 11, 134, 235, 37, 210, 249, 78, 145, 199, 84, 48, 73, 93, 210, 26, 79, 217,
213, 242]: SystemTime { tv_sec: 1607513562, tv_nsec: 683377382 }, [108, 107, 24,
75, 174, 39, 90, 192, 249, 62, 81, 94, 27, 105, 216, 110, 154, 205, 217, 36, 57,
44, 66, 40, 15, 141, 26, 155, 193, 150, 229, 246]: SystemTime { tv_sec:
1607513562, tv_nsec: 686896099 }, [210, 141, 158, 214, 77, 17, 83, 132, 241,
209, 21, 59, 91, 56, 108, 206, 227, 243, 2, 66, 112, 188, 72, 235, 92, 84, 132,
158, 199, 236, 130, 151]: SystemTime { tv_sec: 1607513562, tv_nsec: 699251655 },
[156, 83, 207, 174, 83, 89, 127, 206, 83, 243, 84, 69, 83, 107, 110, 89, 37, 25,
154, 68, 183, 191, 212, 68, 241, 208, 175, 69, 179, 174, 138, 126]: SystemTime {
tv_sec: 1607513562, tv_nsec: 678211597 }, [168, 167, 199, 12, 82, 181, 129, 138,
107, 202, 70, 112, 248, 189, 102, 92, 147, 237, 58, 36, 57, 99, 83, 189, 181,
251, 172, 152, 135, 221, 43, 225]: SystemTime { tv_sec: 1607513562, tv_nsec:
680883475 }, [184, 164, 12, 242, 234, 246, 171, 87, 187, 209, 133, 37, 204, 141,
27, 251, 122, 42, 79, 100, 142, 224, 202, 201, 182, 199, 83, 114, 58, 52, 81,
220]: SystemTime { tv_sec: 1607513562, tv_nsec: 692183645 }, [63, 101, 235, 64,
69, 167, 91, 73, 99, 37, 68, 34, 100, 155, 41, 103, 198, 158, 247, 36, 89, 33,
84, 16, 164, 32, 114, 217, 112, 245, 229, 18]: SystemTime { tv_sec: 1607513562,
tv_nsec: 693108030 }, [196, 8, 26, 16, 232, 36, 193, 49, 32, 237, 224, 200, 211,
182, 122, 29, 245, 236, 36, 198, 101, 3, 32, 233, 153, 51, 166, 22, 228, 80,
240, 128]: SystemTime { tv_sec: 1607513562, tv_nsec: 698703056 }, [220, 150, 62,
87, 107, 178, 6, 58, 15, 151, 142, 14, 188, 231, 6, 245, 207, 56, 237, 155, 48,
180, 140, 204, 76, 168, 75, 56, 68, 156, 33, 233]: SystemTime { tv_sec:
1607513562, tv_nsec: 679999055 }, [16, 139, 156, 10, 67, 59, 159, 26, 125, 117,
82, 91, 21, 196, 117, 122, 169, 204, 63, 61, 42, 157, 149, 139, 205, 240, 79, 5,
165, 190, 69, 61]: SystemTime { tv_sec: 1607513562, tv_nsec: 693623190 }, [206,
97, 121, 129, 171, 85, 7, 19, 51, 36, 119, 101, 38, 31, 97, 194, 80, 36, 245,
177, 203, 252, 222, 176, 91, 94, 90, 80, 231, 53, 118, 36]: SystemTime { tv_sec:
1607513562, tv_nsec: 677568363 }, [19, 53, 244, 237, 18, 246, 6, 217, 113, 67,
101, 213, 208, 49, 117, 206, 143, 237, 160, 118, 250, 155, 246, 161, 201, 71,
151, 166, 40, 167, 97, 214]: SystemTime { tv_sec: 1607513562, tv_nsec: 693685482
}, [201, 132, 12, 72, 95, 94, 220, 170, 42, 196, 96, 242, 11, 34, 139, 147, 196,
247, 225, 105, 95, 66, 32, 93, 7, 240, 54, 77, 34, 113, 98, 50]: SystemTime {
tv_sec: 1607513562, tv_nsec: 696787124 }, [30, 171, 215, 132, 46, 248, 234, 243,
201, 83, 173, 48, 213, 67, 243, 37, 216, 156, 246, 61, 16, 203, 255, 209, 189,
28, 253, 192, 111, 128, 220, 241]: SystemTime { tv_sec: 1607513562, tv_nsec:
683097335 }, [50, 243, 45, 25, 102, 117, 189, 221, 10, 175, 206, 16, 77, 246,
235, 178, 114, 17, 240, 214, 38, 129, 111, 17, 195, 73, 103, 237, 54, 140, 46,
186]: SystemTime { tv_sec: 1607513562, tv_nsec: 679151800 }, [244, 90, 24, 246,
164, 85, 55, 42, 68, 153, 34, 60, 22, 239, 124, 82, 254, 23, 195, 44, 46, 219,
184, 182, 15, 65, 136, 127, 11, 69, 80, 253]: SystemTime { tv_sec: 1607513562,
tv_nsec: 686533565 }, [157, 21, 107, 67, 154, 75, 123, 64, 210, 12, 62, 95, 252,
48, 184, 8, 248, 56, 60, 195, 10, 183, 25, 21, 246, 49, 4, 41, 50, 217, 227,
213]: SystemTime { tv_sec: 1607513562, tv_nsec: 681466027 }, [21, 188, 184, 52,
178, 186, 101, 239, 240, 49, 102, 10, 3, 2, 147, 145, 204, 135, 169, 133, 43,
65, 166, 30, 226, 94, 5, 181, 233, 155, 117, 10]: SystemTime { tv_sec:
1607513562, tv_nsec: 681845318 }, [90, 186, 102, 99, 142, 213, 125, 169, 220,
153, 193, 148, 195, 180, 52, 171, 85, 39, 30, 181, 33, 240, 231, 120, 251, 130,
145, 8, 102, 208, 226, 36]: SystemTime { tv_sec: 1607513562, tv_nsec: 685233301
}, [130, 45, 228, 246, 101, 227, 117, 127, 94, 205, 11, 167, 16, 129, 11, 107,
94, 116, 112, 34, 106, 242, 141, 43, 124, 158, 15, 226, 71, 103, 173, 253]:
SystemTime { tv_sec: 1607513562, tv_nsec: 688739747 }, [128, 199, 1, 214, 118,
184, 77, 192, 150, 116, 224, 77, 49, 242, 91, 77, 221, 109, 175, 82, 64, 162,
167, 120, 91, 46, 182, 188, 69, 150, 108, 14]: SystemTime { tv_sec: 1607513562,
tv_nsec: 691361286 }, [187, 243, 193, 187, 176, 75, 231, 127, 214, 225, 56, 65,
101, 196, 64, 80, 139, 36, 41, 85, 113, 11, 206, 180, 19, 14, 215, 238, 69, 189,
226, 175]: SystemTime { tv_sec: 1607513562, tv_nsec: 694328354 }, [68, 2, 202,
223, 230, 121, 79, 115, 193, 67, 122, 25, 82, 144, 169, 74, 43, 192, 72, 123,
233, 13, 206, 122, 41, 57, 67, 207, 222, 186, 165, 186]: SystemTime { tv_sec:
1607513562, tv_nsec: 678862701 }, [23, 250, 247, 47, 159, 4, 179, 166, 188, 151,
35, 115, 15, 124, 84, 3, 169, 165, 23, 156, 89, 131, 104, 127, 194, 218, 52, 22,
86, 30, 118, 240]: SystemTime { tv_sec: 1607513562, tv_nsec: 687141544 }, [65,
221, 183, 58, 186, 234, 108, 81, 40, 165, 161, 32, 57, 70, 134, 30, 184, 205,
180, 180, 115, 92, 59, 225, 34, 5, 106, 245, 94, 28, 74, 214]: SystemTime {
tv_sec: 1607513562, tv_nsec: 695098717 }, [128, 34, 222, 148, 170, 13, 41, 30,
234, 223, 34, 112, 176, 12, 59, 54, 67, 160, 82, 3, 150, 190, 76, 139, 61, 128,
95, 84, 28, 11, 49, 15]: SystemTime { tv_sec: 1607513562, tv_nsec: 682176375 },
[242, 43, 96, 210, 49, 227, 167, 79, 141, 81, 127, 159, 69, 226, 209, 38, 184,
71, 102, 28, 198, 250, 168, 74, 158, 140, 231, 232, 136, 40, 26, 217]:
SystemTime { tv_sec: 1607513562, tv_nsec: 695163410 }, [54, 243, 54, 92, 242,
66, 10, 147, 170, 182, 50, 234, 192, 202, 132, 174, 57, 19, 187, 5, 98, 22, 4,
144, 149, 32, 30, 100, 3, 171, 219, 246]: SystemTime { tv_sec: 1607513562,
tv_nsec: 691236289 }, [97, 57, 126, 213, 121, 163, 251, 80, 215, 94, 98, 251,
107, 43, 65, 214, 62, 241, 50, 156, 43, 57, 255, 200, 193, 88, 9, 216, 3, 151,
65, 165]: SystemTime { tv_sec: 1607513562, tv_nsec: 695629680 }, [93, 40, 239,
79, 56, 221, 154, 190, 165, 52, 119, 206, 26, 146, 68, 180, 167, 149, 52, 96,
234, 97, 249, 3, 52, 44, 189, 39, 144, 155, 187, 200]: SystemTime { tv_sec:
1607513562, tv_nsec: 681910262 }, [139, 228, 204, 118, 129, 21, 15, 108, 40,
250, 79, 200, 234, 71, 72, 102, 238, 30, 46, 119, 255, 82, 208, 92, 217, 93, 10,
167, 123, 88, 122, 233]: SystemTime { tv_sec: 1607513562, tv_nsec: 678339838 },
[137, 71, 236, 232, 92, 129, 120, 71, 54, 157, 176, 114, 192, 139, 21, 144, 89,
211, 107, 52, 9, 90, 221, 174, 92, 101, 161, 111, 121, 185, 201, 12]: SystemTime
{ tv_sec: 1607513562, tv_nsec: 687694261 }, [255, 101, 103, 143, 174, 85, 22,
199, 118, 5, 83, 92, 80, 34, 169, 183, 143, 162, 137, 196, 151, 96, 194, 114,
168, 21, 96, 62, 100, 74, 166, 214]: SystemTime { tv_sec: 1607513562, tv_nsec:
688281066 }, [203, 88, 250, 140, 44, 171, 110, 181, 18, 39, 252, 110, 188, 59,
220, 177, 140, 26, 75, 32, 124, 43, 96, 224, 197, 254, 124, 126, 204, 49, 15,
97]: SystemTime { tv_sec: 1607513562, tv_nsec: 689934819 }, [211, 20, 39, 82, 3,
11, 241, 20, 150, 68, 195, 251, 181, 150, 52, 101, 167, 232, 1, 159, 199, 23,
172, 59, 50, 49, 10, 0, 225, 8, 237, 87]: SystemTime { tv_sec: 1607513562,
tv_nsec: 687765080 }, [194, 188, 252, 184, 144, 4, 66, 71, 161, 130, 34, 235,
95, 81, 126, 119, 133, 230, 59, 21, 239, 54, 111, 236, 20, 11, 87, 84, 188, 88,
149, 35]: SystemTime { tv_sec: 1607513562, tv_nsec: 689361326 }, [43, 199, 134,
237, 176, 98, 119, 74, 218, 218, 189, 83, 173, 19, 241, 159, 86, 91, 169, 80,
151, 206, 39, 132, 146, 49, 10, 75, 249, 179, 69, 120]: SystemTime { tv_sec:
1607513562, tv_nsec: 689682804 }, [44, 154, 207, 223, 214, 0, 128, 185, 160,
250, 48, 147, 216, 21, 99, 86, 226, 131, 9, 114, 131, 18, 21, 215, 70, 182, 117,
0, 173, 140, 162, 24]: SystemTime { tv_sec: 1607513562, tv_nsec: 690464214 },
[80, 217, 239, 13, 39, 168, 77, 225, 88, 115, 74, 98, 193, 127, 92, 145, 1, 236,
141, 157, 206, 230, 164, 202, 125, 30, 232, 164, 39, 223, 65, 222]: SystemTime {
tv_sec: 1607513562, tv_nsec: 690730375 }, [235, 161, 74, 177, 26, 30, 152, 148,
255, 76, 51, 113, 12, 246, 216, 106, 10, 35, 173, 246, 47, 192, 28, 4, 144, 164,
225, 164, 85, 126, 186, 205]: SystemTime { tv_sec: 1607513562, tv_nsec:
696855038 }, [178, 50, 44, 63, 65, 233, 228, 38, 110, 30, 100, 218, 159, 88, 75,
12, 253, 79, 123, 137, 209, 51, 92, 172, 218, 231, 68, 8, 159, 120, 29, 24]:
SystemTime { tv_sec: 1607513562, tv_nsec: 697657086 }, [221, 43, 18, 135, 123,
216, 20, 192, 58, 31, 252, 193, 43, 141, 184, 128, 88, 182, 255, 86, 89, 157,
111, 250, 247, 216, 193, 204, 121, 135, 44, 5]: SystemTime { tv_sec: 1607513562,
tv_nsec: 691925140 }, [67, 155, 184, 224, 12, 83, 164, 157, 151, 184, 10, 230,
217, 250, 192, 251, 253, 110, 40, 103, 122, 132, 23, 143, 253, 51, 136, 209,
255, 124, 156, 148]: SystemTime { tv_sec: 1607513562, tv_nsec: 682049296 },
[135, 35, 215, 189, 121, 2, 220, 156, 243, 100, 192, 104, 222, 20, 241, 18, 237,
14, 21, 82, 43, 129, 43, 223, 114, 177, 150, 247, 64, 72, 134, 20]: SystemTime {
tv_sec: 1607513562, tv_nsec: 688336168 }, [34, 187, 3, 178, 172, 186, 33, 43,
172, 1, 151, 70, 147, 124, 42, 120, 158, 88, 206, 87, 12, 125, 75, 38, 136, 60,
94, 232, 55, 237, 147, 238]: SystemTime { tv_sec: 1607513562, tv_nsec: 691862865
}, [61, 108, 216, 110, 250, 13, 40, 111, 159, 44, 163, 198, 164, 68, 157, 7, 66,
86, 221, 238, 65, 40, 161, 189, 35, 210, 73, 12, 17, 95, 130, 111]: SystemTime {
tv_sec: 1607513562, tv_nsec: 683686506 }, [137, 129, 63, 184, 228, 7, 220, 240,
75, 179, 78, 237, 23, 150, 72, 219, 187, 24, 121, 167, 209, 70, 234, 152, 104,
80, 5, 142, 196, 211, 174, 215]: SystemTime { tv_sec: 1607513562, tv_nsec:
688942898 }, [10, 198, 21, 63, 233, 93, 197, 251, 43, 203, 40, 162, 83, 116,
207, 181, 251, 139, 127, 104, 192, 40, 104, 86, 84, 225, 241, 147, 208, 131,
183, 230]: SystemTime { tv_sec: 1607513562, tv_nsec: 681311429 }, [91, 211, 255,
158, 50, 194, 143, 70, 246, 177, 177, 249, 94, 68, 249, 123, 96, 194, 181, 94,
251, 249, 225, 0, 162, 144, 211, 36, 237, 97, 40, 14]: SystemTime { tv_sec:
1607513562, tv_nsec: 691046099 }, [209, 241, 76, 117, 196, 203, 114, 14, 199,
22, 89, 125, 226, 74, 111, 57, 7, 97, 141, 246, 112, 153, 235, 30, 250, 192, 13,
190, 177, 252, 85, 109]: SystemTime { tv_sec: 1607513562, tv_nsec: 692913793 },
[62, 117, 165, 189, 6, 31, 207, 61, 91, 175, 40, 231, 34, 6, 171, 188, 78, 178,
33, 119, 196, 104, 168, 60, 209, 30, 79, 102, 151, 9, 85, 178]: SystemTime {
tv_sec: 1607513562, tv_nsec: 698032202 }, [139, 188, 247, 28, 71, 52, 244, 56,
12, 55, 254, 141, 37, 101, 237, 210, 212, 195, 190, 57, 155, 84, 140, 179, 142,
167, 133, 184, 28, 75, 222, 1]: SystemTime { tv_sec: 1607513562, tv_nsec:
681781893 }, [89, 245, 91, 101, 37, 145, 235, 22, 59, 85, 192, 113, 134, 173,
68, 236, 143, 119, 217, 205, 175, 137, 132, 107, 36, 76, 50, 15, 233, 84, 89,
113]: SystemTime { tv_sec: 1607513562, tv_nsec: 680066450 }, [216, 146, 241,
117, 132, 200, 112, 97, 129, 55, 9, 247, 216, 43, 198, 165, 204, 241, 237, 16,
144, 172, 214, 158, 207, 4, 248, 58, 137, 107, 122, 178]: SystemTime { tv_sec:
1607513562, tv_nsec: 684855270 }, [121, 96, 48, 242, 170, 203, 240, 163, 140,
163, 4, 98, 37, 156, 155, 128, 102, 210, 190, 87, 159, 171, 216, 45, 183, 7,
234, 143, 104, 140, 204, 48]: SystemTime { tv_sec: 1607513562, tv_nsec:
679788905 }, [7, 60, 158, 225, 102, 180, 230, 188, 67, 123, 113, 60, 155, 219,
89, 100, 20, 8, 16, 120, 47, 133, 18, 165, 15, 0, 167, 17, 183, 172, 79, 9]:
SystemTime { tv_sec: 1607513562, tv_nsec: 681026299 }, [161, 67, 221, 246, 121,
201, 235, 199, 204, 92, 194, 131, 78, 249, 113, 141, 140, 208, 209, 71, 185,
210, 17, 163, 145, 31, 44, 120, 234, 31, 136, 14]: SystemTime { tv_sec:
1607513562, tv_nsec: 693297153 }, [89, 98, 254, 149, 216, 105, 97, 17, 232, 77,
99, 201, 211, 58, 240, 5, 7, 216, 92, 199, 88, 235, 170, 26, 147, 251, 182, 139,
229, 249, 183, 36]: SystemTime { tv_sec: 1607513562, tv_nsec: 675340280 }, [1,
159, 57, 159, 145, 9, 42, 212, 85, 238, 132, 204, 182, 194, 31, 220, 114, 15,
247, 198, 214, 5, 87, 120, 240, 237, 75, 143, 108, 92, 250, 103]: SystemTime {
tv_sec: 1607513562, tv_nsec: 676851796 }, [177, 80, 250, 235, 111, 251, 25, 15,
165, 18, 169, 105, 2, 106, 201, 113, 61, 172, 33, 246, 228, 175, 35, 26, 78,
157, 127, 195, 60, 99, 75, 67]: SystemTime { tv_sec: 1607513562, tv_nsec:
682547685 }, [0, 187, 55, 153, 167, 123, 109, 58, 52, 188, 60, 3, 126, 163, 46,
109, 223, 98, 51, 113, 223, 2, 203, 81, 237, 43, 105, 178, 88, 200, 173, 19]:
SystemTime { tv_sec: 1607513562, tv_nsec: 683141203 }, [24, 29, 93, 164, 44,
100, 105, 209, 176, 94, 54, 61, 222, 174, 36, 223, 62, 127, 38, 245, 9, 128,
228, 180, 235, 126, 34, 101, 98, 162, 93, 166]: SystemTime { tv_sec: 1607513562,
tv_nsec: 688451499 }, [63, 26, 15, 187, 83, 100, 35, 127, 92, 191, 103, 11, 67,
238, 224, 158, 200, 89, 233, 176, 82, 15, 203, 247, 57, 10, 101, 97, 249, 59,
76, 242]: SystemTime { tv_sec: 1607513562, tv_nsec: 688874159 }, [88, 174, 180,
241, 99, 170, 35, 129, 212, 110, 90, 50, 136, 88, 43, 154, 20, 20, 176, 167,
172, 159, 115, 178, 83, 53, 3, 207, 226, 6, 99, 136]: SystemTime { tv_sec:
1607513562, tv_nsec: 680192121 }, [223, 12, 35, 217, 199, 9, 135, 111, 39, 155,
200, 218, 65, 178, 8, 33, 197, 129, 66, 210, 106, 23, 28, 28, 120, 81, 149, 167,
69, 187, 244, 150]: SystemTime { tv_sec: 1607513562, tv_nsec: 686942917 }, [39,
6, 127, 26, 152, 164, 95, 178, 248, 228, 204, 3, 71, 122, 60, 226, 39, 122, 238,
253, 156, 77, 74, 117, 59, 0, 254, 50, 43, 190, 207, 138]: SystemTime { tv_sec:
1607513562, tv_nsec: 695296367 }, [21, 196, 72, 101, 187, 51, 254, 189, 212,
136, 64, 134, 87, 198, 3, 163, 149, 32, 53, 238, 208, 87, 223, 208, 214, 87,
208, 111, 3, 127, 11, 127]: SystemTime { tv_sec: 1607513562, tv_nsec: 694883615
}, [118, 199, 173, 141, 233, 125, 250, 247, 235, 115, 202, 68, 28, 154, 217,
228, 18, 60, 238, 65, 127, 213, 129, 154, 13, 50, 35, 194, 63, 214, 51, 134]:
SystemTime { tv_sec: 1607513562, tv_nsec: 696154618 }, [53, 221, 148, 37, 150,
116, 116, 221, 224, 225, 233, 206, 208, 40, 73, 141, 153, 209, 119, 179, 55, 66,
161, 230, 93, 142, 59, 255, 53, 36, 77, 92]: SystemTime { tv_sec: 1607513562,
tv_nsec: 677066449 }, [90, 165, 52, 212, 203, 82, 196, 248, 15, 222, 68, 10,
105, 123, 242, 61, 31, 149, 48, 102, 58, 190, 242, 33, 85, 170, 77, 17, 254,
116, 236, 52]: SystemTime { tv_sec: 1607513562, tv_nsec: 674286787 }, [173, 248,
10, 166, 242, 44, 254, 19, 183, 19, 95, 99, 5, 88, 197, 96, 52, 38, 239, 53, 17,
204, 115, 28, 96, 110, 192, 110, 203, 49, 51, 71]: SystemTime { tv_sec:
1607513562, tv_nsec: 674998617 }, [204, 52, 134, 77, 99, 146, 226, 121, 65, 178,
107, 153, 226, 33, 170, 71, 107, 83, 33, 201, 80, 105, 224, 200, 119, 186, 254,
160, 66, 1, 28, 140]: SystemTime { tv_sec: 1607513562, tv_nsec: 687878352 },
[120, 178, 177, 200, 94, 106, 157, 115, 187, 245, 135, 214, 182, 102, 5, 180,
107, 95, 234, 75, 248, 163, 17, 204, 132, 75, 34, 112, 77, 121, 14, 75]:
SystemTime { tv_sec: 1607513562, tv_nsec: 690012107 }, [165, 92, 249, 130, 244,
140, 255, 202, 151, 179, 194, 1, 147, 9, 153, 241, 84, 11, 96, 1, 235, 32, 219,
8, 102, 115, 198, 1, 4, 79, 195, 71]: SystemTime { tv_sec: 1607513562, tv_nsec:
685372979 }, [251, 89, 28, 148, 248, 228, 84, 129, 188, 180, 76, 71, 215, 163,
0, 170, 66, 131, 19, 88, 140, 238, 91, 197, 70, 98, 181, 100, 119, 0, 219, 23]:
SystemTime { tv_sec: 1607513562, tv_nsec: 676642596 }, [108, 12, 6, 97, 186,
252, 228, 118, 182, 152, 60, 212, 145, 90, 240, 67, 163, 103, 77, 130, 73, 126,
206, 65, 71, 104, 100, 238, 19, 71, 42, 62]: SystemTime { tv_sec: 1607513562,
tv_nsec: 675141149 }, [166, 16, 174, 148, 195, 84, 6, 177, 171, 49, 156, 195,
213, 96, 156, 214, 71, 136, 98, 215, 253, 149, 144, 211, 0, 137, 205, 222, 146,
155, 220, 140]: SystemTime { tv_sec: 1607513562, tv_nsec: 686209745 }, [223,
247, 248, 241, 92, 153, 63, 176, 227, 74, 80, 90, 102, 80, 77, 119, 141, 252,
92, 10, 47, 188, 25, 167, 124, 224, 200, 146, 217, 160, 132, 182]: SystemTime {
tv_sec: 1607513562, tv_nsec: 689509800 }, [152, 104, 90, 177, 23, 120, 61, 145,
225, 211, 178, 54, 32, 171, 130, 188, 168, 179, 220, 71, 60, 235, 195, 27, 57,
126, 42, 115, 102, 38, 97, 215]: SystemTime { tv_sec: 1607513562, tv_nsec:
692120688 }, [135, 48, 66, 125, 115, 71, 118, 181, 242, 125, 169, 231, 198, 18,
181, 91, 229, 173, 145, 74, 95, 137, 18, 206, 111, 22, 141, 131, 41, 79, 230,
139]: SystemTime { tv_sec: 1607513562, tv_nsec: 695829921 }, [17, 4, 212, 84,
166, 126, 248, 36, 8, 177, 8, 53, 121, 251, 118, 94, 21, 60, 95, 203, 136, 18,
38, 8, 244, 216, 49, 68, 21, 16, 80, 205]: SystemTime { tv_sec: 1607513562,
tv_nsec: 683755272 }, [107, 54, 47, 75, 157, 14, 211, 218, 233, 84, 253, 43,
147, 233, 130, 105, 94, 144, 241, 159, 80, 21, 50, 108, 18, 214, 138, 152, 80,
110, 3, 55]: SystemTime { tv_sec: 1607513562, tv_nsec: 684208842 }, [94, 53,
227, 32, 16, 213, 169, 34, 49, 249, 84, 142, 216, 59, 165, 205, 75, 241, 93, 32,
191, 208, 193, 140, 13, 0, 20, 167, 111, 211, 135, 38]: SystemTime { tv_sec:
1607513562, tv_nsec: 698881780 }, [205, 21, 226, 219, 97, 11, 42, 41, 247, 115,
201, 87, 64, 97, 164, 81, 232, 112, 146, 249, 43, 109, 247, 51, 249, 87, 168,
18, 29, 222, 170, 189]: SystemTime { tv_sec: 1607513562, tv_nsec: 687825770 },
[214, 52, 1, 85, 232, 122, 29, 227, 60, 177, 121, 249, 153, 130, 112, 43, 37,
224, 125, 38, 118, 115, 75, 182, 20, 213, 90, 215, 100, 171, 127, 236]:
SystemTime { tv_sec: 1607513562, tv_nsec: 697136836 }, [29, 77, 50, 88, 108,
254, 40, 95, 64, 128, 138, 233, 73, 107, 191, 2, 167, 52, 1, 151, 154, 238, 55,
141, 206, 219, 31, 157, 135, 221, 25, 119]: SystemTime { tv_sec: 1607513562,
tv_nsec: 697407203 }, [17, 232, 118, 120, 76, 91, 178, 97, 208, 148, 187, 132,
22, 29, 105, 116, 21, 132, 127, 128, 252, 74, 11, 254, 61, 252, 217, 90, 56,
250, 194, 177]: SystemTime { tv_sec: 1607513562, tv_nsec: 677452058 }, [138, 39,
161, 7, 87, 225, 106, 71, 182, 63, 32, 176, 196, 59, 100, 24, 84, 172, 161, 124,
195, 216, 238, 23, 208, 183, 161, 27, 223, 252, 136, 166]: SystemTime { tv_sec:
1607513562, tv_nsec: 679221585 }, [211, 7, 187, 119, 228, 60, 93, 75, 194, 110,
112, 168, 41, 64, 247, 175, 82, 32, 4, 247, 43, 17, 213, 173, 220, 83, 152, 212,
196, 84, 216, 49]: SystemTime { tv_sec: 1607513562, tv_nsec: 682750342 }, [37,
182, 188, 77, 188, 182, 210, 36, 245, 96, 145, 237, 186, 62, 201, 163, 126, 34,
146, 64, 208, 113, 69, 92, 24, 82, 221, 203, 219, 151, 100, 226]: SystemTime {
tv_sec: 1607513562, tv_nsec: 683190212 }, [92, 125, 153, 87, 219, 3, 139, 218,
35, 148, 156, 164, 227, 31, 163, 128, 83, 64, 23, 234, 24, 114, 82, 108, 58,
159, 136, 214, 175, 31, 141, 129]: SystemTime { tv_sec: 1607513562, tv_nsec:
689433883 }, [23, 89, 109, 209, 242, 215, 104, 118, 188, 205, 186, 238, 38, 158,
62, 84, 244, 174, 238, 4, 191, 170, 161, 161, 140, 99, 190, 241, 220, 225, 214,
87]: SystemTime { tv_sec: 1607513562, tv_nsec: 695231002 }, [89, 68, 241, 159,
55, 72, 194, 73, 194, 161, 38, 122, 247, 244, 108, 160, 57, 196, 6, 8, 127, 14,
246, 251, 209, 4, 115, 139, 236, 218, 206, 246]: SystemTime { tv_sec:
1607513562, tv_nsec: 696554338 }, [48, 242, 190, 240, 181, 149, 93, 254, 6, 74,
29, 101, 8, 117, 185, 191, 50, 236, 64, 127, 28, 228, 238, 215, 110, 37, 193,
105, 170, 132, 62, 9]: SystemTime { tv_sec: 1607513562, tv_nsec: 678268232 },
[159, 194, 236, 16, 199, 132, 221, 108, 89, 241, 18, 65, 115, 201, 254, 198, 36,
74, 148, 238, 47, 152, 253, 146, 192, 163, 37, 253, 196, 158, 207, 150]:
SystemTime { tv_sec: 1607513562, tv_nsec: 687614466 }, [112, 236, 179, 230, 211,
103, 78, 65, 12, 200, 20, 179, 114, 254, 0, 226, 119, 65, 128, 84, 49, 192, 172,
241, 180, 55, 168, 57, 75, 6, 234, 189]: SystemTime { tv_sec: 1607513562,
tv_nsec: 686102736 }, [72, 250, 213, 196, 81, 123, 134, 7, 237, 33, 151, 3, 172,
243, 46, 233, 196, 109, 176, 40, 163, 179, 51, 45, 157, 229, 75, 132, 251, 130,
121, 214]: SystemTime { tv_sec: 1607513562, tv_nsec: 693491231 }, [253, 203,
112, 109, 205, 144, 168, 8, 200, 131, 109, 155, 65, 77, 117, 240, 100, 180, 33,
126, 202, 245, 234, 148, 219, 39, 42, 207, 250, 148, 64, 79]: SystemTime {
tv_sec: 1607513562, tv_nsec: 684599653 }, [49, 225, 74, 118, 131, 188, 95, 157,
153, 241, 242, 223, 4, 56, 169, 97, 81, 42, 172, 253, 24, 108, 137, 215, 76,
216, 39, 25, 6, 254, 14, 156]: SystemTime { tv_sec: 1607513562, tv_nsec:
690985864 }, [99, 60, 93, 100, 23, 177, 176, 68, 38, 21, 162, 204, 44, 20, 134,
112, 82, 238, 116, 189, 209, 248, 231, 203, 90, 69, 3, 143, 194, 170, 154, 2]:
SystemTime { tv_sec: 1607513562, tv_nsec: 692977111 }, [157, 243, 143, 81, 97,
112, 231, 35, 131, 169, 28, 76, 65, 231, 135, 202, 81, 156, 84, 140, 175, 26,
138, 87, 230, 192, 63, 249, 48, 60, 150, 8]: SystemTime { tv_sec: 1607513562,
tv_nsec: 680956973 }, [188, 216, 213, 225, 161, 21, 28, 110, 205, 67, 38, 81,
98, 247, 225, 228, 72, 68, 78, 214, 84, 20, 147, 207, 79, 161, 218, 66, 200,
111, 12, 218]: SystemTime { tv_sec: 1607513562, tv_nsec: 697006551 }, [141, 25,
209, 153, 160, 19, 163, 59, 88, 122, 53, 156, 67, 46, 107, 32, 30, 200, 131, 80,
199, 212, 175, 89, 148, 249, 164, 4, 134, 187, 236, 76]: SystemTime { tv_sec:
1607513562, tv_nsec: 699192169 }, [50, 25, 222, 71, 67, 194, 42, 16, 14, 224,
91, 178, 63, 221, 246, 207, 179, 253, 44, 103, 205, 117, 227, 182, 94, 143, 181,
82, 55, 205, 8, 165]: SystemTime { tv_sec: 1607513562, tv_nsec: 683051492 },
[117, 140, 250, 187, 85, 214, 168, 225, 200, 41, 244, 61, 46, 158, 152, 110, 60,
0, 200, 95, 252, 171, 168, 195, 92, 155, 180, 8, 175, 81, 76, 70]: SystemTime {
tv_sec: 1607513562, tv_nsec: 682481357 }, [224, 79, 35, 159, 2, 204, 102, 123,
152, 152, 92, 183, 150, 164, 166, 31, 132, 142, 30, 147, 103, 72, 55, 98, 231,
232, 161, 224, 74, 167, 180, 159]: SystemTime { tv_sec: 1607513562, tv_nsec:
676989839 }, [50, 221, 159, 151, 79, 132, 204, 30, 149, 172, 230, 224, 237, 196,
66, 217, 36, 243, 93, 127, 255, 23, 13, 205, 211, 117, 80, 107, 64, 223, 189,
97]: SystemTime { tv_sec: 1607513562, tv_nsec: 677915682 }, [77, 9, 95, 242,
189, 215, 245, 220, 117, 239, 40, 158, 190, 12, 25, 11, 202, 157, 127, 22, 66,
200, 50, 208, 108, 133, 252, 90, 69, 176, 3, 128]: SystemTime { tv_sec:
1607513562, tv_nsec: 682119684 }, [217, 199, 115, 207, 247, 179, 250, 72, 164,
135, 238, 173, 224, 63, 96, 173, 142, 242, 50, 3, 10, 96, 127, 34, 197, 180,
163, 96, 81, 242, 96, 76]: SystemTime { tv_sec: 1607513562, tv_nsec: 693427786
}, [205, 121, 191, 76, 199, 124, 194, 55, 121, 85, 84, 253, 217, 220, 228, 194,
58, 43, 209, 172, 181, 198, 154, 33, 240, 185, 50, 12, 27, 168, 183, 234]:
SystemTime { tv_sec: 1607513562, tv_nsec: 691543391 }, [22, 11, 163, 155, 94,
186, 12, 195, 173, 236, 3, 234, 229, 136, 104, 135, 233, 75, 229, 73, 99, 176,
38, 161, 14, 152, 226, 162, 169, 83, 182, 171]: SystemTime { tv_sec: 1607513562,
tv_nsec: 694780303 }, [235, 90, 70, 0, 214, 49, 215, 13, 44, 38, 135, 46, 142,
50, 131, 43, 135, 23, 98, 8, 48, 53, 177, 65, 101, 3, 109, 48, 3, 210, 91, 24]:
SystemTime { tv_sec: 1607513562, tv_nsec: 680375975 }, [145, 93, 2, 192, 120,
177, 163, 201, 1, 126, 60, 176, 13, 126, 167, 125, 129, 36, 10, 103, 215, 14,
173, 105, 128, 94, 214, 177, 172, 64, 155, 51]: SystemTime { tv_sec: 1607513562,
tv_nsec: 685161263 }, [102, 127, 84, 166, 48, 251, 204, 155, 240, 250, 149, 176,
181, 129, 79, 55, 218, 34, 235, 96, 104, 189, 243, 107, 240, 77, 93, 245, 112,
245, 74, 81]: SystemTime { tv_sec: 1607513562, tv_nsec: 691606014 }, [157, 103,
59, 52, 7, 218, 133, 36, 104, 219, 89, 89, 134, 3, 189, 17, 76, 152, 192, 197,
247, 54, 108, 16, 25, 241, 173, 204, 123, 134, 174, 186]: SystemTime { tv_sec:
1607513562, tv_nsec: 685441243 }, [77, 182, 49, 7, 166, 46, 250, 130, 48, 74,
163, 68, 142, 162, 222, 44, 69, 116, 48, 207, 155, 195, 219, 18, 12, 123, 82,
227, 68, 199, 105, 238]: SystemTime { tv_sec: 1607513562, tv_nsec: 692508054 },
[150, 31, 73, 66, 137, 150, 185, 151, 163, 6, 47, 82, 9, 180, 123, 27, 247, 154,
122, 202, 83, 34, 75, 108, 114, 255, 120, 50, 202, 122, 169, 2]: SystemTime {
tv_sec: 1607513562, tv_nsec: 694828551 }, [14, 9, 208, 220, 8, 229, 55, 1, 21,
119, 240, 176, 153, 243, 37, 198, 28, 31, 168, 104, 43, 85, 232, 229, 72, 28,
34, 8, 218, 13, 102, 82]: SystemTime { tv_sec: 1607513562, tv_nsec: 682298992 },
[251, 168, 83, 92, 33, 154, 5, 164, 105, 126, 126, 93, 48, 155, 64, 231, 167,
46, 81, 91, 192, 91, 3, 30, 0, 126, 228, 146, 242, 117, 55, 69]: SystemTime {
tv_sec: 1607513562, tv_nsec: 674325506 }, [97, 194, 166, 2, 77, 243, 226, 30,
91, 4, 217, 127, 235, 201, 41, 121, 194, 198, 22, 5, 222, 136, 181, 204, 156,
169, 182, 146, 213, 178, 152, 216]: SystemTime { tv_sec: 1607513562, tv_nsec:
697532990 }, [154, 180, 5, 110, 72, 249, 38, 199, 194, 85, 159, 6, 122, 38, 52,
60, 219, 10, 238, 7, 242, 33, 112, 160, 120, 163, 119, 252, 225, 108, 109, 134]:
SystemTime { tv_sec: 1607513562, tv_nsec: 694712367 }, [101, 28, 222, 12, 217,
73, 167, 78, 63, 45, 103, 6, 241, 101, 210, 236, 41, 249, 237, 231, 28, 120, 6,
215, 61, 82, 118, 16, 234, 14, 169, 58]: SystemTime { tv_sec: 1607513562,
tv_nsec: 677371391 }, [190, 144, 86, 163, 205, 147, 215, 69, 87, 177, 135, 177,
23, 120, 181, 192, 147, 187, 24, 117, 39, 51, 72, 72, 96, 199, 185, 182, 141, 7,
59, 55]: SystemTime { tv_sec: 1607513562, tv_nsec: 683500261 }, [245, 58, 152,
245, 85, 130, 34, 62, 238, 217, 165, 91, 248, 120, 169, 154, 220, 96, 62, 141,
74, 115, 152, 109, 213, 75, 86, 125, 3, 137, 103, 161]: SystemTime { tv_sec:
1607513562, tv_nsec: 691109127 }, [167, 188, 207, 60, 43, 0, 201, 232, 153, 110,
253, 131, 89, 242, 22, 157, 29, 126, 100, 153, 163, 228, 225, 64, 169, 36, 152,
248, 164, 33, 115, 97]: SystemTime { tv_sec: 1607513562, tv_nsec: 679010408 },
[243, 9, 243, 44, 99, 25, 122, 27, 25, 88, 235, 207, 203, 249, 16, 42, 191, 157,
177, 88, 102, 108, 207, 185, 1, 177, 181, 226, 239, 79, 225, 140]: SystemTime {
tv_sec: 1607513562, tv_nsec: 694368714 }, [218, 76, 228, 91, 102, 127, 175, 117,
142, 129, 149, 174, 202, 83, 245, 10, 153, 157, 153, 43, 201, 27, 136, 195, 90,
249, 84, 167, 180, 137, 81, 244]: SystemTime { tv_sec: 1607513562, tv_nsec:
675063919 }, [235, 4, 202, 108, 216, 0, 183, 33, 224, 122, 93, 132, 192, 37, 51,
106, 59, 94, 37, 88, 90, 10, 232, 72, 206, 152, 195, 112, 14, 182, 61, 136]:
SystemTime { tv_sec: 1607513562, tv_nsec: 685778379 }, [12, 201, 63, 139, 118,
107, 111, 168, 65, 58, 5, 227, 190, 11, 148, 37, 42, 180, 135, 50, 143, 54, 38,
90, 129, 186, 145, 240, 1, 187, 229, 143]: SystemTime { tv_sec: 1607513562,
tv_nsec: 691300076 }, [70, 166, 214, 170, 254, 81, 188, 69, 132, 132, 165, 27,
208, 252, 115, 118, 10, 87, 63, 144, 178, 5, 197, 78, 194, 53, 210, 196, 54,
202, 138, 81]: SystemTime { tv_sec: 1607513562, tv_nsec: 678154005 }, [252, 48,
86, 197, 122, 36, 49, 129, 43, 70, 213, 136, 173, 201, 228, 208, 53, 168, 45,
171, 38, 9, 100, 168, 135, 75, 209, 208, 13, 32, 150, 132]: SystemTime { tv_sec:
1607513562, tv_nsec: 689231907 }, [248, 97, 104, 236, 98, 232, 202, 86, 113,
109, 2, 0, 163, 151, 192, 115, 249, 81, 135, 139, 10, 60, 12, 148, 229, 128,
113, 122, 169, 25, 29, 134]: SystemTime { tv_sec: 1607513562, tv_nsec: 687214607
}, [128, 100, 155, 138, 240, 207, 231, 64, 68, 5, 186, 93, 73, 2, 184, 194, 138,
243, 80, 136, 32, 20, 64, 236, 245, 5, 221, 79, 192, 80, 46, 58]: SystemTime {
tv_sec: 1607513562, tv_nsec: 690532078 }, [117, 45, 121, 65, 109, 227, 149, 202,
72, 78, 35, 63, 212, 137, 238, 151, 230, 184, 113, 198, 119, 112, 33, 70, 6, 75,
173, 68, 191, 117, 18, 155]: SystemTime { tv_sec: 1607513562, tv_nsec: 674605613
}, [129, 65, 121, 6, 129, 98, 103, 29, 96, 234, 130, 230, 179, 167, 78, 35, 11,
24, 59, 136, 35, 227, 3, 123, 13, 163, 113, 221, 132, 61, 166, 135]: SystemTime
{ tv_sec: 1607513562, tv_nsec: 675894648 }, [205, 2, 185, 223, 220, 20, 35, 32,
184, 151, 32, 64, 246, 111, 219, 69, 95, 75, 68, 67, 111, 179, 149, 142, 149, 7,
70, 91, 63, 43, 146, 205]: SystemTime { tv_sec: 1607513562, tv_nsec: 682237195
}, [6, 134, 202, 145, 97, 41, 22, 198, 41, 230, 82, 234, 213, 87, 144, 161, 6,
194, 17, 168, 32, 99, 203, 147, 156, 191, 106, 116, 70, 218, 22, 108]:
SystemTime { tv_sec: 1607513562, tv_nsec: 691482738 }, [157, 172, 110, 168, 60,
164, 67, 175, 73, 180, 181, 111, 106, 236, 170, 186, 27, 63, 125, 110, 215, 139,
115, 133, 173, 7, 147, 18, 182, 101, 114, 130]: SystemTime { tv_sec: 1607513562,
tv_nsec: 681232284 }, [255, 225, 43, 63, 72, 123, 137, 250, 243, 245, 239, 198,
33, 23, 179, 95, 83, 103, 139, 246, 127, 201, 69, 32, 110, 110, 204, 80, 40,
194, 46, 67]: SystemTime { tv_sec: 1607513562, tv_nsec: 684033113 }, [95, 31,
153, 190, 244, 112, 236, 80, 102, 228, 195, 64, 171, 231, 192, 32, 101, 85, 74,
104, 204, 248, 230, 187, 125, 18, 184, 40, 187, 220, 5, 62]: SystemTime {
tv_sec: 1607513562, tv_nsec: 684458775 }, [138, 118, 94, 123, 52, 82, 61, 177,
52, 72, 132, 88, 192, 30, 207, 162, 41, 199, 240, 154, 79, 44, 3, 128, 53, 126,
246, 225, 150, 65, 162, 126]: SystemTime { tv_sec: 1607513562, tv_nsec:
699128582 }, [160, 216, 75, 206, 60, 201, 111, 138, 33, 22, 187, 148, 105, 56,
41, 148, 112, 198, 169, 204, 29, 67, 186, 82, 231, 111, 78, 149, 93, 129, 156,
85]: SystemTime { tv_sec: 1607513562, tv_nsec: 677222636 }, [216, 13, 19, 113,
254, 242, 3, 245, 16, 179, 188, 2, 61, 42, 197, 163, 15, 102, 136, 222, 21, 182,
132, 156, 251, 239, 234, 11, 56, 88, 231, 60]: SystemTime { tv_sec: 1607513562,
tv_nsec: 685302592 }, [76, 8, 250, 141, 58, 72, 105, 227, 9, 121, 53, 90, 114,
38, 201, 156, 226, 25, 242, 241, 79, 244, 98, 163, 240, 125, 75, 199, 104, 81,
200, 117]: SystemTime { tv_sec: 1607513562, tv_nsec: 685521972 }, [220, 137, 39,
237, 73, 144, 206, 55, 18, 28, 96, 27, 122, 45, 204, 113, 164, 144, 115, 96,
140, 131, 142, 239, 155, 250, 152, 1, 217, 136, 126, 232]: SystemTime { tv_sec:
1607513562, tv_nsec: 674545612 }, [169, 187, 102, 177, 206, 139, 11, 108, 246,
188, 239, 234, 91, 106, 163, 153, 68, 97, 126, 251, 85, 73, 185, 103, 204, 238,
128, 93, 75, 64, 184, 85]: SystemTime { tv_sec: 1607513562, tv_nsec: 693236297
}, [6, 226, 171, 156, 69, 30, 176, 106, 240, 48, 1, 180, 92, 114, 242, 152, 52,
107, 54, 77, 80, 235, 0, 93, 172, 164, 192, 104, 94, 203, 30, 1]: SystemTime {
tv_sec: 1607513562, tv_nsec: 690592699 }, [158, 95, 177, 61, 107, 75, 225, 100,
124, 241, 110, 17, 181, 120, 250, 40, 14, 190, 124, 190, 195, 240, 18, 203, 85,
103, 141, 77, 186, 115, 28, 55]: SystemTime { tv_sec: 1607513562, tv_nsec:
690091963 }, [152, 166, 90, 150, 246, 141, 167, 202, 39, 241, 164, 75, 193, 24,
29, 78, 184, 131, 230, 203, 43, 147, 31, 6, 160, 18, 236, 0, 107, 152, 231, 12]:
SystemTime { tv_sec: 1607513562, tv_nsec: 674868578 }, [116, 124, 207, 101, 124,
19, 210, 30, 109, 47, 255, 198, 231, 245, 26, 133, 62, 7, 21, 19, 14, 167, 78,
126, 120, 134, 20, 191, 101, 10, 155, 129]: SystemTime { tv_sec: 1607513562,
tv_nsec: 678473906 }, [200, 241, 68, 121, 83, 149, 25, 141, 36, 195, 228, 61,
187, 139, 238, 231, 203, 208, 167, 17, 95, 100, 217, 12, 194, 240, 243, 94, 195,
127, 124, 126]: SystemTime { tv_sec: 1607513562, tv_nsec: 684667092 }, [14, 41,
165, 74, 172, 158, 71, 234, 189, 193, 85, 50, 52, 40, 167, 147, 250, 185, 213,
213, 73, 187, 206, 161, 41, 76, 72, 184, 181, 202, 135, 51]: SystemTime {
tv_sec: 1607513562, tv_nsec: 693750001 }, [153, 92, 164, 190, 243, 155, 101,
179, 62, 43, 254, 14, 242, 130, 215, 52, 79, 254, 12, 93, 135, 233, 213, 122,
91, 210, 126, 198, 208, 173, 82, 198]: SystemTime { tv_sec: 1607513562, tv_nsec:
684788761 }, [174, 254, 141, 202, 174, 79, 64, 175, 186, 222, 118, 158, 152,
223, 53, 190, 155, 246, 112, 103, 171, 190, 124, 130, 116, 122, 120, 172, 164,
243, 121, 152]: SystemTime { tv_sec: 1607513562, tv_nsec: 690247989 }, [93, 234,
211, 4, 9, 46, 133, 244, 134, 169, 143, 243, 25, 102, 44, 129, 89, 148, 232, 2,
117, 54, 71, 187, 125, 61, 63, 130, 215, 184, 96, 155]: SystemTime { tv_sec:
1607513562, tv_nsec: 697469367 }, [85, 168, 230, 84, 79, 10, 59, 14, 50, 90,
233, 101, 232, 200, 236, 26, 110, 180, 247, 126, 247, 249, 55, 122, 14, 2, 227,
139, 107, 150, 180, 170]: SystemTime { tv_sec: 1607513562, tv_nsec: 675826189 },
[198, 4, 242, 109, 229, 136, 2, 130, 82, 105, 50, 145, 158, 153, 131, 114, 243,
19, 187, 24, 36, 166, 60, 246, 63, 219, 39, 136, 164, 60, 32, 186]: SystemTime {
tv_sec: 1607513562, tv_nsec: 676281611 }, [123, 228, 106, 238, 97, 236, 22, 73,
202, 181, 165, 117, 135, 23, 199, 73, 237, 101, 188, 130, 210, 118, 216, 180,
253, 97, 244, 124, 91, 136, 154, 101]: SystemTime { tv_sec: 1607513562, tv_nsec:
689731360 }, [70, 185, 125, 202, 160, 169, 6, 183, 102, 104, 171, 56, 30, 116,
154, 250, 48, 140, 185, 13, 202, 146, 198, 21, 253, 22, 96, 194, 64, 72, 252,
216]: SystemTime { tv_sec: 1607513562, tv_nsec: 697908228 }, [54, 79, 87, 161,
201, 96, 63, 134, 184, 137, 164, 83, 120, 204, 206, 251, 42, 184, 74, 96, 222,
228, 35, 161, 69, 134, 208, 159, 68, 223, 201, 18]: SystemTime { tv_sec:
1607513562, tv_nsec: 682616966 }, [148, 187, 181, 178, 198, 49, 165, 151, 231,
175, 54, 185, 107, 98, 179, 6, 235, 54, 197, 227, 113, 29, 97, 82, 105, 103,
246, 81, 218, 248, 29, 98]: SystemTime { tv_sec: 1607513562, tv_nsec: 695764047
}, [25, 66, 187, 29, 121, 99, 183, 76, 110, 166, 9, 216, 121, 255, 125, 103,
101, 228, 189, 220, 112, 134, 163, 243, 73, 218, 226, 124, 188, 146, 7, 187]:
SystemTime { tv_sec: 1607513562, tv_nsec: 698210258 }, [239, 192, 2, 219, 23,
80, 172, 224, 77, 38, 90, 146, 46, 84, 204, 196, 58, 119, 69, 102, 119, 87, 69,
145, 146, 65, 67, 142, 105, 228, 157, 104]: SystemTime { tv_sec: 1607513562,
tv_nsec: 677644941 }, [88, 189, 161, 49, 88, 94, 24, 33, 199, 227, 63, 191, 65,
5, 212, 19, 177, 76, 141, 15, 66, 35, 127, 115, 93, 142, 192, 174, 12, 58, 255,
42]: SystemTime { tv_sec: 1607513562, tv_nsec: 679083000 }, [71, 74, 164, 196,
133, 23, 191, 77, 38, 75, 233, 250, 234, 93, 51, 154, 211, 71, 233, 60, 35, 229,
145, 46, 85, 156, 208, 78, 242, 45, 84, 214]: SystemTime { tv_sec: 1607513562,
tv_nsec: 674673317 }, [85, 247, 166, 182, 136, 27, 153, 138, 176, 109, 235, 232,
118, 165, 76, 218, 211, 78, 157, 123, 21, 178, 116, 36, 183, 111, 68, 93, 115,
209, 221, 224]: SystemTime { tv_sec: 1607513562, tv_nsec: 685950356 }, [55, 211,
212, 217, 123, 168, 31, 32, 96, 34, 15, 179, 208, 111, 131, 251, 15, 136, 55,
164, 58, 49, 118, 124, 149, 96, 0, 138, 222, 80, 106, 160]: SystemTime { tv_sec:
1607513562, tv_nsec: 687346778 }, [36, 227, 112, 208, 171, 151, 1, 169, 171,
237, 212, 209, 36, 122, 20, 132, 176, 156, 133, 17, 19, 163, 208, 207, 11, 208,
115, 118, 24, 96, 192, 13]: SystemTime { tv_sec: 1607513562, tv_nsec: 694577084
}, [76, 8, 253, 194, 1, 103, 75, 243, 40, 167, 38, 115, 189, 28, 187, 160, 94,
201, 59, 207, 200, 67, 71, 32, 176, 178, 148, 243, 38, 10, 110, 153]: SystemTime
{ tv_sec: 1607513562, tv_nsec: 697068583 }, [39, 71, 97, 93, 139, 202, 144, 7,
138, 161, 199, 77, 185, 253, 214, 225, 12, 39, 225, 99, 150, 19, 105, 49, 224,
5, 100, 251, 6, 100, 195, 208]: SystemTime { tv_sec: 1607513562, tv_nsec:
699006272 }, [19, 199, 93, 220, 171, 91, 228, 193, 156, 218, 160, 87, 185, 9,
26, 240, 11, 87, 232, 250, 211, 103, 167, 26, 86, 99, 254, 191, 165, 75, 56,
240]: SystemTime { tv_sec: 1607513562, tv_nsec: 687006223 }, [76, 246, 201, 119,
26, 53, 215, 217, 104, 106, 115, 64, 193, 197, 220, 93, 3, 13, 200, 175, 235,
63, 27, 221, 23, 16, 128, 105, 0, 76, 243, 45]: SystemTime { tv_sec: 1607513562,
tv_nsec: 693810871 }, [254, 198, 192, 149, 244, 215, 45, 207, 74, 249, 1, 207,
206, 188, 220, 109, 65, 236, 148, 245, 110, 74, 199, 42, 24, 165, 231, 4, 10,
123, 175, 136]: SystemTime { tv_sec: 1607513562, tv_nsec: 678588070 }, [194, 76,
90, 82, 128, 130, 34, 252, 153, 214, 137, 66, 80, 117, 108, 232, 240, 37, 231,
140, 235, 133, 111, 158, 12, 125, 122, 151, 17, 16, 42, 214]: SystemTime {
tv_sec: 1607513562, tv_nsec: 674490402 }, [177, 227, 170, 145, 209, 229, 153,
47, 94, 124, 205, 12, 228, 75, 223, 116, 222, 67, 62, 181, 56, 222, 158, 222,
66, 19, 92, 39, 85, 141, 149, 78]: SystemTime { tv_sec: 1607513562, tv_nsec:
689857195 }, [92, 69, 210, 229, 8, 240, 135, 104, 161, 31, 189, 190, 120, 62,
26, 29, 3, 195, 107, 119, 90, 195, 4, 30, 202, 106, 122, 38, 118, 253, 112, 62]:
SystemTime { tv_sec: 1607513562, tv_nsec: 674192006 }, [161, 74, 87, 208, 211,
119, 158, 82, 73, 171, 40, 31, 4, 113, 76, 217, 148, 64, 185, 121, 251, 48, 182,
138, 5, 215, 31, 94, 233, 246, 175, 121]: SystemTime { tv_sec: 1607513562,
tv_nsec: 689773258 }, [7, 142, 226, 87, 130, 166, 240, 222, 51, 65, 212, 98,
144, 28, 0, 145, 203, 125, 145, 129, 99, 83, 131, 91, 210, 43, 228, 212, 16,
122, 246, 231]: SystemTime { tv_sec: 1607513562, tv_nsec: 678673686 }, [55, 248,
82, 180, 223, 62, 210, 218, 197, 76, 29, 30, 196, 70, 134, 210, 126, 5, 165, 25,
94, 95, 36, 151, 175, 203, 152, 128, 198, 113, 44, 174]: SystemTime { tv_sec:
1607513562, tv_nsec: 676784911 }, [77, 188, 194, 85, 48, 244, 204, 248, 83, 134,
217, 11, 108, 28, 157, 195, 179, 3, 206, 107, 24, 199, 242, 29, 10, 124, 142,
32, 182, 172, 203, 13]: SystemTime { tv_sec: 1607513562, tv_nsec: 695572473 },
[72, 88, 13, 173, 184, 166, 90, 98, 204, 44, 238, 211, 156, 44, 146, 73, 70, 43,
182, 243, 64, 168, 97, 8, 50, 155, 139, 57, 226, 118, 122, 225]: SystemTime {
tv_sec: 1607513562, tv_nsec: 676140160 }, [185, 246, 211, 35, 226, 174, 253,
129, 253, 109, 142, 89, 177, 241, 49, 17, 57, 29, 132, 201, 106, 242, 93, 227,
226, 243, 225, 155, 82, 92, 237, 90]: SystemTime { tv_sec: 1607513562, tv_nsec:
686835152 }, [190, 102, 208, 96, 161, 113, 229, 129, 111, 42, 221, 137, 62, 81,
230, 173, 153, 63, 56, 126, 192, 237, 184, 164, 194, 129, 251, 121, 159, 26,
165, 192]: SystemTime { tv_sec: 1607513562, tv_nsec: 679587228 }, [242, 0, 62,
68, 141, 247, 153, 129, 210, 143, 60, 255, 35, 33, 231, 99, 250, 242, 237, 88,
6, 18, 78, 202, 38, 9, 93, 53, 34, 63, 191, 180]: SystemTime { tv_sec:
1607513562, tv_nsec: 688806849 }, [86, 15, 220, 187, 49, 228, 146, 105, 91, 99,
95, 162, 12, 42, 67, 42, 112, 68, 67, 239, 81, 232, 178, 56, 251, 37, 117, 6,
100, 108, 32, 186]: SystemTime { tv_sec: 1607513562, tv_nsec: 690051941 }, [97,
97, 177, 234, 188, 181, 95, 95, 3, 218, 103, 98, 59, 248, 213, 4, 195, 44, 210,
90, 84, 31, 16, 18, 131, 245, 66, 253, 234, 251, 198, 56]: SystemTime { tv_sec:
1607513562, tv_nsec: 694040696 }, [159, 232, 198, 33, 212, 144, 190, 255, 197,
181, 108, 0, 179, 93, 5, 97, 83, 252, 170, 3, 94, 76, 139, 157, 252, 59, 152,
187, 36, 150, 196, 248]: SystemTime { tv_sec: 1607513562, tv_nsec: 679720612 },
[125, 9, 167, 243, 84, 171, 220, 199, 20, 65, 54, 226, 175, 11, 108, 29, 56,
174, 57, 127, 233, 46, 187, 221, 147, 149, 190, 128, 125, 154, 155, 239]:
SystemTime { tv_sec: 1607513562, tv_nsec: 694119240 }, [195, 48, 249, 36, 226,
217, 28, 236, 202, 210, 201, 125, 168, 12, 134, 96, 216, 53, 140, 188, 237, 185,
66, 253, 170, 103, 224, 186, 101, 157, 90, 235]: SystemTime { tv_sec:
1607513562, tv_nsec: 695027249 }, [202, 235, 207, 57, 63, 180, 157, 117, 169,
25, 23, 111, 169, 20, 173, 43, 136, 165, 122, 164, 45, 9, 191, 163, 202, 101,
67, 133, 29, 84, 255, 100]: SystemTime { tv_sec: 1607513562, tv_nsec: 697782401
}, [110, 44, 172, 127, 137, 36, 182, 98, 20, 173, 79, 236, 253, 78, 44, 243,
170, 58, 105, 163, 231, 40, 195, 58, 37, 145, 229, 6, 21, 215, 230, 225]:
SystemTime { tv_sec: 1607513562, tv_nsec: 698269612 }, [253, 221, 179, 66, 129,
244, 98, 74, 137, 122, 255, 35, 99, 90, 243, 166, 98, 147, 46, 125, 234, 228,
196, 3, 186, 80, 73, 98, 246, 162, 65, 54]: SystemTime { tv_sec: 1607513562,
tv_nsec: 677972263 }, [61, 128, 168, 47, 16, 56, 9, 56, 213, 41, 155, 119, 35,
114, 133, 53, 65, 189, 201, 232, 44, 115, 32, 224, 30, 108, 6, 148, 130, 7, 174,
10]: SystemTime { tv_sec: 1607513562, tv_nsec: 674369992 }, [203, 67, 48, 0,
101, 162, 168, 142, 227, 158, 173, 13, 133, 31, 220, 25, 113, 78, 155, 116, 53,
159, 83, 17, 43, 112, 167, 77, 106, 162, 21, 136]: SystemTime { tv_sec:
1607513562, tv_nsec: 674432028 }, [75, 206, 61, 103, 102, 187, 125, 127, 120,
124, 227, 69, 76, 154, 121, 139, 146, 13, 130, 197, 140, 18, 174, 60, 2, 97,
226, 172, 51, 12, 14, 214]: SystemTime { tv_sec: 1607513562, tv_nsec: 678800328
}, [216, 91, 189, 120, 5, 90, 129, 224, 9, 23, 139, 119, 40, 63, 191, 51, 240,
134, 5, 36, 106, 114, 47, 30, 96, 87, 29, 218, 146, 49, 135, 18]: SystemTime {
tv_sec: 1607513562, tv_nsec: 686486877 }, [97, 29, 100, 202, 83, 249, 148, 124,
87, 165, 148, 178, 78, 132, 110, 212, 68, 85, 243, 23, 21, 247, 122, 149, 18,
228, 246, 23, 185, 30, 244, 203]: SystemTime { tv_sec: 1607513562, tv_nsec:
688054753 }, [246, 244, 120, 65, 132, 28, 185, 85, 79, 188, 114, 76, 113, 232,
49, 101, 60, 232, 89, 103, 59, 71, 47, 183, 186, 125, 209, 14, 83, 0, 189, 189]:
SystemTime { tv_sec: 1607513562, tv_nsec: 678940183 }, [6, 39, 239, 150, 250,
148, 220, 41, 187, 20, 252, 142, 53, 85, 53, 213, 37, 72, 75, 22, 103, 173, 140,
62, 71, 253, 139, 171, 47, 79, 248, 39]: SystemTime { tv_sec: 1607513562,
tv_nsec: 681094182 }, [222, 7, 213, 179, 120, 48, 214, 51, 193, 221, 242, 174,
190, 228, 192, 217, 78, 6, 169, 210, 139, 204, 75, 142, 229, 81, 255, 92, 100,
78, 233, 70]: SystemTime { tv_sec: 1607513562, tv_nsec: 675613698 }, [48, 127,
94, 151, 113, 241, 46, 248, 204, 35, 228, 203, 13, 88, 35, 38, 25, 167, 251,
221, 56, 190, 20, 111, 15, 210, 74, 44, 156, 211, 240, 252]: SystemTime {
tv_sec: 1607513562, tv_nsec: 694951275 }, [5, 16, 9, 13, 0, 139, 86, 167, 18,
18, 214, 130, 10, 6, 118, 55, 141, 147, 53, 193, 153, 244, 107, 110, 25, 46, 20,
169, 236, 62, 12, 254]: SystemTime { tv_sec: 1607513562, tv_nsec: 683250247 },
[66, 215, 56, 218, 159, 58, 6, 251, 8, 29, 105, 242, 156, 106, 209, 8, 6, 33,
129, 251, 10, 235, 12, 155, 245, 194, 113, 29, 79, 49, 68, 219]: SystemTime {
tv_sec: 1607513562, tv_nsec: 683010860 }, [201, 37, 226, 246, 79, 76, 88, 71,
44, 87, 68, 200, 25, 216, 173, 6, 6, 247, 127, 86, 243, 86, 125, 87, 3, 167, 63,
212, 183, 237, 172, 188]: SystemTime { tv_sec: 1607513562, tv_nsec: 684269260 },
[45, 34, 78, 96, 248, 7, 196, 219, 203, 5, 202, 38, 214, 233, 32, 220, 114, 248,
246, 29, 168, 137, 25, 58, 242, 167, 172, 17, 47, 227, 101, 175]: SystemTime {
tv_sec: 1607513562, tv_nsec: 689164716 }, [181, 69, 75, 155, 201, 80, 67, 146,
84, 102, 99, 10, 194, 58, 47, 76, 120, 18, 222, 169, 243, 34, 39, 230, 115, 237,
182, 66, 185, 181, 151, 201]: SystemTime { tv_sec: 1607513562, tv_nsec:
689294736 }, [94, 136, 63, 186, 65, 210, 111, 251, 19, 81, 52, 217, 33, 87, 164,
185, 169, 193, 55, 101, 11, 144, 172, 8, 125, 129, 184, 236, 101, 89, 194, 93]:
SystemTime { tv_sec: 1607513562, tv_nsec: 676572784 }, [134, 43, 157, 32, 173,
84, 148, 147, 126, 71, 235, 140, 63, 8, 233, 192, 117, 220, 95, 86, 240, 143,
196, 131, 28, 190, 124, 230, 220, 215, 48, 140]: SystemTime { tv_sec:
1607513562, tv_nsec: 688392592 }, [30, 183, 26, 179, 155, 42, 52, 38, 198, 166,
180, 159, 242, 113, 238, 83, 142, 101, 88, 231, 181, 125, 7, 18, 118, 197, 41,
133, 45, 101, 170, 169]: SystemTime { tv_sec: 1607513562, tv_nsec: 690377511 },
[36, 216, 164, 13, 8, 215, 136, 51, 188, 244, 237, 6, 210, 207, 195, 93, 162,
124, 13, 202, 245, 146, 1, 49, 151, 160, 35, 125, 242, 108, 127, 182]:
SystemTime { tv_sec: 1607513562, tv_nsec: 695363787 }, [109, 169, 199, 253, 236,
50, 74, 233, 50, 249, 43, 134, 174, 211, 131, 0, 99, 210, 122, 78, 20, 137, 236,
1, 52, 178, 204, 62, 219, 137, 233, 249]: SystemTime { tv_sec: 1607513562,
tv_nsec: 695696311 }, [236, 235, 70, 1, 4, 157, 58, 128, 129, 93, 253, 62, 88,
214, 195, 129, 244, 108, 158, 219, 201, 41, 131, 38, 220, 110, 3, 113, 116, 52,
150, 211]: SystemTime { tv_sec: 1607513562, tv_nsec: 674806460 }, [166, 59, 166,
47, 84, 152, 42, 128, 173, 134, 59, 107, 212, 183, 189, 200, 234, 61, 120, 127,
85, 127, 189, 199, 252, 218, 204, 210, 251, 182, 195, 239]: SystemTime { tv_sec:
1607513562, tv_nsec: 691799617 }, [79, 134, 162, 16, 75, 150, 102, 221, 37, 81,
201, 184, 25, 240, 104, 197, 207, 112, 168, 127, 77, 172, 111, 1, 184, 130, 154,
255, 133, 66, 115, 82]: SystemTime { tv_sec: 1607513562, tv_nsec: 697270210 },
[113, 130, 12, 59, 102, 199, 245, 56, 40, 230, 96, 142, 221, 48, 72, 202, 65,
210, 114, 171, 215, 180, 42, 197, 151, 13, 132, 75, 109, 2, 129, 58]: SystemTime
{ tv_sec: 1607513562, tv_nsec: 694197314 }, [65, 150, 70, 13, 223, 208, 42, 109,
220, 140, 213, 16, 179, 188, 112, 190, 67, 253, 2, 145, 50, 71, 65, 37, 27, 45,
203, 117, 246, 60, 253, 64]: SystemTime { tv_sec: 1607513562, tv_nsec: 681391805
}, [60, 7, 3, 92, 43, 89, 21, 138, 166, 230, 145, 157, 187, 160, 222, 3, 144,
163, 80, 82, 150, 23, 113, 59, 166, 9, 77, 198, 239, 106, 129, 31]: SystemTime {
tv_sec: 1607513562, tv_nsec: 694405857 }, [128, 158, 146, 92, 251, 82, 253, 126,
44, 190, 107, 122, 13, 184, 115, 190, 213, 243, 42, 103, 220, 115, 121, 226,
223, 90, 135, 12, 211, 254, 107, 141]: SystemTime { tv_sec: 1607513562, tv_nsec:
698760078 }, [239, 118, 159, 13, 66, 168, 117, 180, 58, 83, 213, 3, 71, 102, 2,
107, 91, 233, 109, 108, 138, 105, 26, 198, 51, 249, 223, 173, 26, 157, 139,
183]: SystemTime { tv_sec: 1607513562, tv_nsec: 698823894 }, [162, 204, 123,
114, 22, 137, 145, 30, 225, 103, 229, 4, 7, 242, 65, 48, 133, 250, 90, 188, 156,
227, 91, 54, 61, 61, 32, 50, 126, 198, 21, 114]: SystemTime { tv_sec:
1607513562, tv_nsec: 699070479 }, [230, 85, 231, 69, 162, 249, 131, 246, 76,
167, 205, 16, 225, 246, 56, 104, 195, 81, 44, 101, 146, 94, 104, 243, 139, 190,
146, 227, 91, 111, 61, 27]: SystemTime { tv_sec: 1607513562, tv_nsec: 690287175
}, [163, 96, 6, 200, 119, 117, 240, 9, 216, 231, 188, 163, 222, 233, 192, 183,
143, 39, 161, 222, 229, 64, 96, 236, 227, 184, 52, 190, 41, 224, 71, 121]:
SystemTime { tv_sec: 1607513562, tv_nsec: 696224709 }, [206, 121, 76, 196, 182,
207, 233, 182, 106, 142, 59, 125, 7, 35, 46, 54, 146, 161, 119, 181, 188, 95,
210, 242, 191, 109, 148, 178, 200, 234, 169, 231]: SystemTime { tv_sec:
1607513562, tv_nsec: 680804251 }, [53, 199, 115, 150, 40, 163, 48, 4, 150, 246,
147, 213, 105, 208, 149, 210, 67, 16, 38, 119, 104, 67, 195, 90, 188, 138, 78,
105, 184, 0, 55, 25]: SystemTime { tv_sec: 1607513562, tv_nsec: 693945849 },
[171, 15, 80, 135, 131, 73, 113, 165, 4, 126, 22, 173, 143, 74, 41, 211, 193,
232, 8, 88, 2, 88, 192, 15, 199, 41, 46, 117, 18, 107, 30, 115]: SystemTime {
tv_sec: 1607513562, tv_nsec: 676495442 }, [169, 238, 136, 18, 249, 132, 174,
255, 149, 145, 0, 195, 35, 54, 70, 104, 25, 140, 54, 80, 85, 131, 140, 36, 231,
0, 50, 185, 51, 184, 41, 225]: SystemTime { tv_sec: 1607513562, tv_nsec:
683900455 }, [140, 65, 162, 21, 52, 51, 111, 96, 9, 118, 248, 223, 170, 152, 33,
129, 154, 106, 17, 50, 30, 255, 36, 204, 217, 241, 53, 20, 196, 192, 187, 33]:
SystemTime { tv_sec: 1607513562, tv_nsec: 690131485 }, [239, 109, 222, 166, 250,
237, 133, 124, 15, 222, 221, 27, 248, 53, 176, 22, 181, 222, 104, 252, 86, 161,
209, 161, 153, 200, 147, 37, 215, 89, 6, 16]: SystemTime { tv_sec: 1607513562,
tv_nsec: 686373908 }, [22, 197, 127, 178, 61, 231, 200, 52, 20, 253, 90, 50,
235, 182, 5, 181, 56, 18, 58, 62, 171, 166, 53, 12, 199, 37, 202, 106, 130, 170,
206, 119]: SystemTime { tv_sec: 1607513562, tv_nsec: 676032190 }, [93, 178, 216,
85, 116, 189, 165, 86, 96, 162, 31, 55, 195, 54, 23, 54, 133, 243, 26, 174, 214,
182, 4, 6, 72, 122, 70, 140, 32, 62, 236, 25]: SystemTime { tv_sec: 1607513562,
tv_nsec: 685025809 }, [164, 209, 6, 129, 200, 112, 107, 152, 126, 88, 172, 194,
196, 87, 128, 22, 185, 100, 98, 30, 207, 44, 170, 178, 247, 245, 240, 206, 27,
215, 237, 100]: SystemTime { tv_sec: 1607513562, tv_nsec: 686707353 }, [179,
252, 146, 199, 98, 224, 231, 107, 45, 7, 236, 94, 66, 156, 161, 93, 193, 1, 27,
17, 118, 129, 69, 169, 84, 101, 197, 7, 145, 118, 174, 243]: SystemTime {
tv_sec: 1607513562, tv_nsec: 682796964 }, [97, 236, 53, 227, 222, 143, 50, 44,
109, 166, 137, 100, 246, 54, 168, 214, 50, 87, 68, 255, 66, 77, 187, 133, 254,
46, 32, 49, 103, 108, 75, 114]: SystemTime { tv_sec: 1607513562, tv_nsec:
686154012 }, [218, 109, 108, 184, 179, 101, 224, 206, 61, 240, 12, 188, 207,
107, 211, 171, 220, 233, 23, 188, 198, 129, 251, 12, 50, 248, 34, 162, 243, 157,
181, 57]: SystemTime { tv_sec: 1607513562, tv_nsec: 693359968 }, [63, 244, 28,
190, 209, 82, 215, 221, 102, 75, 150, 244, 5, 84, 2, 206, 181, 94, 113, 11, 29,
85, 111, 222, 30, 21, 198, 166, 84, 176, 179, 238]: SystemTime { tv_sec:
1607513562, tv_nsec: 680644774 }, [166, 26, 184, 87, 10, 205, 29, 3, 158, 228,
202, 112, 132, 55, 201, 77, 85, 130, 140, 224, 124, 3, 248, 221, 95, 10, 75,
123, 120, 1, 27, 75]: SystemTime { tv_sec: 1607513562, tv_nsec: 692385412 },
[190, 167, 208, 121, 179, 60, 112, 66, 177, 162, 28, 161, 50, 132, 45, 141, 112,
241, 92, 211, 247, 135, 93, 205, 206, 125, 111, 80, 224, 128, 41, 70]:
SystemTime { tv_sec: 1607513562, tv_nsec: 694159779 }, [115, 162, 56, 252, 213,
1, 36, 211, 11, 243, 248, 76, 16, 191, 109, 95, 68, 213, 88, 139, 157, 39, 144,
202, 125, 200, 137, 92, 164, 203, 176, 66]: SystemTime { tv_sec: 1607513562,
tv_nsec: 698403414 }, [27, 79, 248, 221, 116, 247, 217, 182, 218, 53, 16, 47,
187, 153, 64, 206, 130, 14, 252, 20, 32, 41, 25, 76, 119, 139, 101, 2, 152, 242,
104, 134]: SystemTime { tv_sec: 1607513562, tv_nsec: 697597278 }, [173, 28, 162,
47, 254, 127, 200, 48, 169, 169, 107, 139, 162, 26, 23, 243, 42, 219, 36, 149,
81, 255, 26, 190, 32, 122, 127, 134, 102, 120, 8, 155]: SystemTime { tv_sec:
1607513562, tv_nsec: 679861449 }, [227, 2, 2, 163, 165, 104, 157, 251, 18, 107,
17, 200, 25, 180, 45, 84, 43, 141, 181, 82, 207, 42, 132, 166, 218, 152, 30,
102, 18, 198, 78, 110]: SystemTime { tv_sec: 1607513562, tv_nsec: 684329510 },
[108, 194, 177, 244, 120, 100, 157, 147, 243, 147, 240, 80, 15, 244, 56, 13,
186, 214, 96, 204, 165, 109, 107, 86, 252, 167, 8, 73, 166, 102, 198, 64]:
SystemTime { tv_sec: 1607513562, tv_nsec: 691419471 }, [252, 122, 131, 210, 62,
120, 59, 113, 208, 82, 218, 78, 39, 215, 253, 92, 38, 142, 54, 79, 228, 165, 72,
146, 87, 186, 42, 33, 92, 39, 41, 31]: SystemTime { tv_sec: 1607513562, tv_nsec:
677488416 }, [179, 79, 250, 136, 73, 208, 89, 223, 100, 189, 191, 149, 114, 91,
59, 143, 110, 251, 225, 91, 146, 251, 153, 134, 229, 87, 254, 149, 240, 38, 55,
24]: SystemTime { tv_sec: 1607513562, tv_nsec: 686435325 }, [174, 43, 230, 191,
34, 69, 5, 108, 174, 202, 203, 188, 26, 86, 53, 191, 22, 97, 0, 207, 160, 72,
94, 51, 18, 67, 132, 23, 95, 250, 181, 20]: SystemTime { tv_sec: 1607513562,
tv_nsec: 682424718 }, [151, 195, 148, 38, 157, 198, 105, 146, 93, 169, 179, 142,
198, 145, 182, 109, 150, 6, 209, 152, 184, 19, 85, 22, 207, 179, 81, 55, 27, 10,
234, 247]: SystemTime { tv_sec: 1607513562, tv_nsec: 683562427 }, [11, 164, 187,
120, 203, 251, 136, 11, 120, 194, 114, 3, 153, 231, 50, 111, 230, 92, 185, 74,
215, 164, 37, 14, 100, 8, 160, 140, 59, 194, 160, 241]: SystemTime { tv_sec:
1607513562, tv_nsec: 678034674 }, [58, 152, 56, 94, 212, 181, 100, 74, 139, 70,
245, 84, 164, 116, 6, 5, 225, 73, 98, 202, 244, 214, 36, 113, 226, 70, 69, 61,
34, 77, 216, 99]: SystemTime { tv_sec: 1607513562, tv_nsec: 698092535 }, [28,
250, 14, 86, 242, 80, 245, 146, 128, 20, 91, 194, 114, 145, 5, 145, 65, 76, 29,
211, 133, 229, 243, 239, 190, 121, 106, 190, 52, 243, 13, 67]: SystemTime {
tv_sec: 1607513562, tv_nsec: 681726951 }, [238, 154, 245, 208, 236, 15, 91, 35,
40, 142, 47, 198, 130, 19, 181, 70, 245, 27, 170, 111, 112, 6, 218, 55, 145, 74,
132, 99, 238, 225, 49, 166]: SystemTime { tv_sec: 1607513562, tv_nsec: 683312681
}, [250, 19, 181, 124, 36, 60, 18, 176, 148, 104, 3, 226, 119, 212, 44, 218, 47,
225, 227, 248, 95, 31, 55, 203, 153, 69, 191, 237, 8, 225, 213, 140]: SystemTime
{ tv_sec: 1607513562, tv_nsec: 687069210 }, [167, 185, 37, 90, 29, 111, 135, 10,
43, 166, 50, 85, 109, 134, 80, 160, 230, 34, 113, 27, 40, 215, 172, 220, 177, 7,
6, 211, 140, 173, 122, 91]: SystemTime { tv_sec: 1607513562, tv_nsec: 692777887
}, [6, 128, 64, 234, 136, 160, 68, 96, 35, 40, 82, 122, 150, 10, 25, 122, 114,
46, 233, 29, 108, 208, 46, 85, 18, 28, 148, 150, 25, 66, 194, 187]: SystemTime {
tv_sec: 1607513562, tv_nsec: 675691213 }, [75, 7, 105, 117, 45, 32, 212, 193,
241, 144, 200, 57, 37, 52, 22, 1, 50, 219, 24, 162, 39, 149, 222, 72, 157, 233,
54, 236, 21, 176, 20, 254]: SystemTime { tv_sec: 1607513562, tv_nsec: 682861324
}, [153, 109, 208, 134, 35, 13, 182, 248, 114, 213, 5, 79, 89, 87, 107, 107,
218, 37, 88, 112, 4, 23, 75, 145, 74, 76, 237, 89, 223, 68, 67, 85]: SystemTime
{ tv_sec: 1607513562, tv_nsec: 677143153 }, [94, 113, 83, 7, 182, 147, 65, 233,
191, 175, 251, 141, 197, 206, 54, 73, 36, 184, 146, 223, 25, 30, 125, 163, 137,
30, 247, 13, 38, 159, 48, 199]: SystemTime { tv_sec: 1607513562, tv_nsec:
688106442 }, [190, 157, 228, 245, 18, 115, 222, 174, 249, 245, 99, 208, 61, 185,
145, 245, 135, 43, 173, 175, 43, 248, 146, 5, 164, 126, 9, 224, 238, 60, 157,
199]: SystemTime { tv_sec: 1607513562, tv_nsec: 697968572 }, [95, 29, 162, 203,
34, 145, 171, 60, 215, 241, 250, 3, 27, 239, 98, 124, 79, 10, 18, 215, 192, 199,
17, 52, 217, 173, 190, 21, 249, 145, 188, 97]: SystemTime { tv_sec: 1607513562,
tv_nsec: 696931549 }, [202, 182, 143, 170, 97, 52, 54, 11, 72, 137, 232, 216,
46, 121, 157, 168, 243, 131, 70, 164, 123, 216, 144, 92, 91, 158, 228, 34, 26,
0, 163, 200]: SystemTime { tv_sec: 1607513562, tv_nsec: 698150761 }, [49, 40,
73, 166, 197, 222, 45, 54, 43, 230, 162, 94, 7, 62, 246, 147, 76, 242, 61, 140,
152, 244, 170, 92, 21, 207, 49, 48, 169, 113, 31, 112]: SystemTime { tv_sec:
1607513562, tv_nsec: 684911818 }, [111, 48, 229, 254, 16, 20, 185, 58, 169, 149,
138, 201, 114, 192, 205, 165, 240, 255, 96, 207, 182, 225, 134, 44, 213, 16,
103, 137, 148, 46, 149, 241]: SystemTime { tv_sec: 1607513562, tv_nsec:
675961516 }, [199, 166, 21, 252, 37, 128, 182, 61, 229, 18, 118, 1, 181, 167,
168, 188, 51, 219, 8, 67, 191, 0, 246, 98, 79, 121, 28, 92, 194, 206, 63, 157]:
SystemTime { tv_sec: 1607513562, tv_nsec: 684395861 }, [29, 232, 229, 17, 7,
202, 9, 80, 177, 119, 220, 229, 27, 106, 233, 175, 128, 140, 17, 244, 116, 131,
145, 92, 72, 60, 87, 211, 199, 189, 17, 0]: SystemTime { tv_sec: 1607513562,
tv_nsec: 692710146 }, [74, 17, 213, 156, 1, 84, 218, 91, 68, 159, 249, 221, 40,
111, 235, 142, 234, 159, 10, 219, 72, 186, 0, 107, 45, 191, 61, 146, 211, 45,
198, 147]: SystemTime { tv_sec: 1607513562, tv_nsec: 677531102 }, [120, 115, 22,
160, 56, 31, 147, 88, 97, 45, 87, 195, 61, 64, 98, 135, 25, 209, 221, 183, 203,
130, 14, 139, 100, 169, 183, 116, 38, 251, 165, 169]: SystemTime { tv_sec:
1607513562, tv_nsec: 682364845 }, [199, 154, 31, 214, 203, 204, 245, 25, 254,
92, 97, 24, 189, 18, 167, 79, 69, 149, 188, 79, 209, 12, 184, 11, 255, 191, 68,
94, 228, 182, 73, 33]: SystemTime { tv_sec: 1607513562, tv_nsec: 690855781 },
[25, 2, 121, 145, 41, 75, 84, 20, 93, 123, 220, 115, 106, 204, 97, 67, 42, 211,
200, 234, 60, 23, 204, 226, 208, 74, 29, 171, 236, 48, 150, 70]: SystemTime {
tv_sec: 1607513562, tv_nsec: 678714242 }, [201, 20, 122, 10, 147, 152, 212, 55,
233, 193, 156, 105, 155, 148, 146, 229, 8, 141, 74, 64, 181, 46, 217, 168, 88,
217, 177, 209, 73, 154, 127, 153]: SystemTime { tv_sec: 1607513562, tv_nsec:
683433506 }, [8, 219, 203, 23, 156, 163, 12, 225, 70, 65, 162, 171, 35, 82, 205,
29, 118, 229, 75, 119, 24, 221, 12, 84, 245, 180, 66, 149, 109, 92, 195, 146]:
SystemTime { tv_sec: 1607513562, tv_nsec: 684541414 }, [14, 223, 143, 18, 182,
253, 44, 5, 117, 164, 82, 194, 242, 140, 243, 237, 221, 122, 93, 182, 71, 57,
205, 13, 226, 90, 133, 101, 136, 108, 2, 252]: SystemTime { tv_sec: 1607513562,
tv_nsec: 680127326 }, [221, 154, 137, 162, 246, 194, 196, 111, 17, 127, 94, 84,
168, 254, 34, 152, 180, 106, 9, 231, 185, 103, 125, 86, 252, 246, 186, 195, 177,
238, 144, 116]: SystemTime { tv_sec: 1607513562, tv_nsec: 675759086 }, [176,
199, 238, 143, 218, 243, 31, 108, 65, 180, 82, 133, 129, 25, 143, 170, 153, 153,
41, 50, 161, 235, 162, 193, 198, 71, 232, 30, 68, 39, 206, 122]: SystemTime {
tv_sec: 1607513562, tv_nsec: 685840732 }, [145, 137, 233, 196, 243, 248, 39, 48,
202, 179, 223, 189, 242, 237, 79, 241, 67, 137, 217, 21, 23, 180, 167, 242, 113,
39, 232, 136, 80, 211, 87, 206]: SystemTime { tv_sec: 1607513562, tv_nsec:
678094183 }, [187, 51, 170, 48, 30, 164, 206, 110, 64, 242, 225, 192, 133, 2,
99, 134, 44, 115, 209, 12, 255, 85, 52, 181, 137, 247, 181, 99, 93, 57, 105,
212]: SystemTime { tv_sec: 1607513562, tv_nsec: 677789611 }, [47, 231, 244, 182,
181, 191, 184, 117, 166, 255, 20, 11, 158, 13, 245, 138, 193, 50, 160, 157, 143,
113, 138, 89, 169, 103, 30, 189, 215, 195, 222, 245]: SystemTime { tv_sec:
1607513562, tv_nsec: 683826911 }, [133, 115, 127, 173, 158, 71, 106, 50, 51,
205, 125, 194, 150, 80, 26, 70, 254, 226, 14, 122, 233, 150, 203, 235, 154, 102,
117, 253, 164, 220, 120, 93]: SystemTime { tv_sec: 1607513562, tv_nsec:
692634851 }, [6, 22, 13, 132, 143, 142, 77, 48, 111, 214, 100, 119, 93, 135,
150, 190, 169, 95, 28, 32, 120, 117, 242, 166, 60, 143, 138, 89, 119, 48, 188,
39]: SystemTime { tv_sec: 1607513562, tv_nsec: 694445613 }, [102, 150, 154, 184,
246, 103, 238, 172, 84, 12, 116, 132, 157, 221, 220, 179, 71, 128, 129, 58, 204,
212, 56, 251, 86, 169, 117, 215, 183, 192, 222, 193]: SystemTime { tv_sec:
1607513562, tv_nsec: 698337630 }, [133, 233, 163, 121, 202, 236, 147, 221, 7,
252, 249, 238, 38, 73, 24, 126, 145, 142, 9, 115, 192, 243, 74, 154, 70, 165,
78, 206, 163, 90, 214, 53]: SystemTime { tv_sec: 1607513562, tv_nsec: 696296216
}, [39, 170, 51, 191, 76, 211, 103, 76, 40, 164, 154, 127, 184, 168, 219, 58,
107, 32, 188, 13, 55, 203, 180, 225, 71, 125, 166, 131, 175, 21, 2, 87]:
SystemTime { tv_sec: 1607513562, tv_nsec: 689814066 }, [156, 169, 20, 2, 94,
162, 5, 195, 164, 251, 214, 126, 82, 111, 193, 0, 207, 147, 167, 37, 49, 131,
169, 62, 169, 61, 124, 104, 138, 19, 102, 205]: SystemTime { tv_sec: 1607513562,
tv_nsec: 697340451 }, [21, 19, 246, 156, 245, 128, 146, 143, 125, 49, 155, 219,
7, 138, 203, 130, 252, 51, 181, 222, 194, 109, 184, 197, 0, 148, 149, 223, 192,
33, 21, 20]: SystemTime { tv_sec: 1607513562, tv_nsec: 697718669 }, [28, 189,
191, 17, 141, 50, 184, 16, 23, 2, 101, 192, 179, 137, 59, 111, 245, 152, 212,
210, 148, 183, 10, 182, 141, 194, 149, 155, 110, 130, 246, 111]: SystemTime {
tv_sec: 1607513562, tv_nsec: 684970482 }, [79, 220, 168, 190, 41, 61, 240, 59,
97, 124, 170, 70, 134, 42, 247, 99, 243, 114, 185, 31, 169, 116, 204, 68, 191,
102, 106, 83, 151, 27, 98, 86]: SystemTime { tv_sec: 1607513562, tv_nsec:
698459350 }, [12, 207, 180, 19, 180, 37, 240, 75, 110, 45, 151, 137, 122, 246,
86, 51, 71, 236, 204, 46, 27, 135, 175, 195, 150, 180, 179, 95, 204, 179, 96,
175]: SystemTime { tv_sec: 1607513562, tv_nsec: 677608083 }, [165, 168, 179,
248, 60, 160, 26, 244, 166, 28, 20, 240, 0, 6, 48, 177, 76, 220, 67, 230, 28,
97, 97, 30, 208, 88, 63, 21, 68, 130, 47, 247]: SystemTime { tv_sec: 1607513562,
tv_nsec: 679371397 }, [197, 161, 141, 134, 139, 129, 2, 203, 130, 30, 241, 254,
22, 81, 4, 20, 77, 40, 68, 220, 139, 197, 199, 120, 38, 154, 239, 207, 154, 26,
6, 249]: SystemTime { tv_sec: 1607513562, tv_nsec: 684732929 }, [204, 63, 255,
180, 96, 255, 143, 7, 170, 59, 248, 14, 136, 136, 72, 93, 181, 66, 71, 179, 218,
155, 105, 215, 170, 225, 198, 62, 51, 174, 247, 0]: SystemTime { tv_sec:
1607513562, tv_nsec: 689894902 }, [246, 55, 157, 129, 28, 113, 52, 35, 237, 91,
145, 149, 1, 17, 47, 224, 170, 33, 84, 154, 53, 188, 7, 48, 120, 239, 185, 104,
227, 240, 32, 204]: SystemTime { tv_sec: 1607513562, tv_nsec: 677727470 }, [234,
249, 152, 113, 126, 1, 98, 143, 12, 58, 249, 159, 199, 114, 39, 206, 221, 10,
18, 80, 82, 1, 125, 34, 99, 149, 82, 171, 219, 138, 118, 116]: SystemTime {
tv_sec: 1607513562, tv_nsec: 687280517 }, [193, 55, 179, 27, 135, 187, 14, 220,
207, 95, 77, 61, 250, 236, 87, 230, 236, 26, 37, 213, 231, 145, 121, 104, 161,
198, 95, 166, 74, 95, 198, 248]: SystemTime { tv_sec: 1607513562, tv_nsec:
688154276 }, [78, 96, 152, 200, 117, 23, 174, 98, 58, 77, 6, 200, 109, 63, 43,
139, 77, 251, 135, 4, 105, 9, 171, 179, 130, 48, 172, 148, 83, 240, 208, 114]:
SystemTime { tv_sec: 1607513562, tv_nsec: 693172333 }, [140, 143, 152, 24, 245,
63, 85, 162, 150, 77, 80, 137, 46, 22, 99, 43, 26, 139, 122, 12, 124, 101, 215,
42, 169, 200, 100, 15, 238, 147, 250, 197]: SystemTime { tv_sec: 1607513562,
tv_nsec: 693559002 }, [2, 195, 47, 24, 113, 94, 147, 18, 121, 225, 12, 107, 202,
77, 170, 81, 37, 84, 66, 172, 3, 177, 99, 8, 172, 235, 231, 71, 15, 118, 45,
34]: SystemTime { tv_sec: 1607513562, tv_nsec: 686049436 }, [57, 95, 48, 90, 93,
250, 88, 220, 247, 31, 250, 85, 243, 8, 184, 164, 154, 220, 176, 184, 172, 100,
214, 10, 101, 200, 237, 252, 116, 128, 230, 229]: SystemTime { tv_sec:
1607513562, tv_nsec: 691731951 }, [76, 109, 253, 162, 7, 27, 124, 226, 119, 195,
0, 23, 128, 201, 215, 95, 3, 139, 164, 24, 90, 73, 164, 195, 132, 249, 124, 190,
226, 250, 231, 174]: SystemTime { tv_sec: 1607513562, tv_nsec: 687480387 },
[215, 237, 27, 108, 3, 242, 248, 235, 137, 66, 167, 99, 79, 222, 155, 52, 218,
104, 200, 207, 35, 19, 162, 16, 106, 207, 159, 50, 162, 126, 5, 206]: SystemTime
{ tv_sec: 1607513562, tv_nsec: 695955344 }, [167, 108, 254, 142, 88, 197, 194,
168, 175, 222, 31, 163, 158, 185, 111, 218, 17, 138, 52, 127, 101, 1, 239, 212,
3, 22, 153, 44, 171, 155, 69, 219]: SystemTime { tv_sec: 1607513562, tv_nsec:
675533526 }, [159, 32, 95, 34, 165, 251, 110, 80, 200, 215, 52, 24, 209, 163,
54, 125, 106, 88, 61, 95, 9, 125, 187, 192, 145, 1, 88, 144, 183, 98, 47, 149]:
SystemTime { tv_sec: 1607513562, tv_nsec: 674740094 }, [176, 12, 152, 102, 192,
219, 149, 193, 206, 250, 221, 9, 70, 206, 195, 153, 139, 223, 215, 85, 190, 166,
94, 42, 100, 17, 62, 97, 35, 135, 132, 131]: SystemTime { tv_sec: 1607513562,
tv_nsec: 692572967 }, [55, 193, 218, 29, 74, 238, 40, 62, 54, 162, 145, 91, 45,
238, 152, 87, 15, 92, 67, 117, 35, 136, 118, 94, 14, 57, 92, 129, 44, 231, 156,
211]: SystemTime { tv_sec: 1607513562, tv_nsec: 698945792 }, [94, 78, 34, 213,
212, 217, 117, 146, 103, 127, 222, 8, 45, 197, 248, 58, 78, 186, 194, 193, 149,
228, 19, 169, 196, 47, 174, 32, 173, 180, 90, 72]: SystemTime { tv_sec:
1607513562, tv_nsec: 689093611 }, [59, 65, 5, 21, 133, 127, 150, 21, 208, 2,
151, 109, 121, 116, 39, 12, 225, 4, 41, 201, 226, 127, 230, 168, 66, 101, 188,
159, 180, 191, 91, 127]: SystemTime { tv_sec: 1607513562, tv_nsec: 696088477 },
[123, 196, 62, 151, 47, 104, 0, 6, 149, 89, 43, 252, 6, 152, 165, 21, 194, 18,
178, 80, 229, 108, 49, 184, 113, 246, 82, 143, 102, 134, 41, 223]: SystemTime {
tv_sec: 1607513562, tv_nsec: 694483064 }, [254, 14, 242, 90, 9, 25, 184, 165,
237, 243, 85, 128, 186, 41, 138, 181, 149, 146, 51, 124, 88, 239, 33, 109, 95,
109, 80, 113, 101, 20, 221, 209]: SystemTime { tv_sec: 1607513562, tv_nsec:
690789201 }, [74, 197, 168, 191, 255, 191, 21, 65, 62, 49, 29, 174, 231, 164,
65, 90, 105, 27, 252, 13, 88, 224, 154, 56, 1, 209, 79, 14, 241, 46, 155, 121]:
SystemTime { tv_sec: 1607513562, tv_nsec: 696427112 }, [183, 215, 188, 194, 223,
125, 73, 201, 124, 126, 78, 200, 176, 199, 114, 127, 210, 222, 119, 159, 13,
195, 125, 80, 105, 235, 254, 22, 137, 166, 188, 211]: SystemTime { tv_sec:
1607513562, tv_nsec: 696619737 }, [50, 103, 8, 92, 97, 142, 192, 4, 152, 15,
198, 87, 73, 90, 2, 84, 151, 172, 205, 223, 249, 158, 230, 177, 158, 141, 60, 9,
203, 26, 139, 154]: SystemTime { tv_sec: 1607513562, tv_nsec: 680511853 }, [184,
105, 255, 32, 219, 47, 168, 57, 174, 118, 66, 151, 73, 212, 199, 202, 141, 13,
223, 113, 28, 193, 228, 207, 45, 92, 237, 217, 226, 93, 182, 65]: SystemTime {
tv_sec: 1607513562, tv_nsec: 692053704 }, [252, 193, 199, 149, 152, 188, 153,
150, 188, 87, 158, 82, 92, 103, 177, 241, 223, 167, 42, 51, 91, 34, 245, 43, 36,
30, 98, 175, 41, 36, 156, 68]: SystemTime { tv_sec: 1607513562, tv_nsec:
689974331 }, [78, 53, 6, 187, 3, 15, 111, 255, 119, 56, 100, 25, 42, 80, 170, 5,
115, 85, 160, 70, 202, 42, 253, 3, 96, 90, 100, 13, 104, 212, 222, 110]:
SystemTime { tv_sec: 1607513562, tv_nsec: 693882361 }, [122, 214, 145, 235, 100,
125, 149, 129, 37, 237, 12, 98, 215, 105, 72, 178, 24, 35, 9, 67, 17, 178, 83,
131, 195, 15, 63, 159, 7, 73, 135, 246]: SystemTime { tv_sec: 1607513562,
tv_nsec: 694078899 }, [141, 9, 194, 71, 255, 127, 54, 144, 116, 178, 14, 35, 20,
218, 19, 10, 178, 11, 56, 142, 227, 68, 232, 152, 5, 76, 26, 80, 141, 6, 174,
245]: SystemTime { tv_sec: 1607513562, tv_nsec: 688682805 }, [194, 5, 22, 135,
108, 147, 109, 45, 228, 30, 6, 174, 205, 139, 21, 6, 0, 173, 40, 252, 40, 110,
179, 189, 120, 166, 109, 189, 30, 37, 105, 99]: SystemTime { tv_sec: 1607513562,
tv_nsec: 678632474 }, [201, 161, 98, 63, 140, 78, 118, 44, 15, 39, 225, 173,
201, 53, 233, 235, 0, 119, 83, 214, 243, 219, 3, 158, 123, 148, 136, 49, 247,
69, 248, 169]: SystemTime { tv_sec: 1607513562, tv_nsec: 683971342 }, [253, 171,
151, 230, 49, 196, 93, 9, 173, 223, 36, 93, 13, 79, 207, 241, 106, 50, 41, 213,
231, 240, 65, 159, 230, 29, 226, 187, 62, 158, 149, 210]: SystemTime { tv_sec:
1607513562, tv_nsec: 677331858 }, [233, 99, 227, 149, 83, 170, 109, 200, 198,
13, 229, 250, 17, 183, 213, 48, 251, 251, 203, 154, 79, 38, 110, 137, 31, 34,
229, 11, 228, 36, 101, 157]: SystemTime { tv_sec: 1607513562, tv_nsec: 688216388
}, [221, 166, 200, 239, 80, 28, 182, 199, 246, 13, 226, 219, 222, 96, 223, 180,
83, 175, 135, 212, 249, 243, 197, 225, 8, 57, 32, 61, 119, 232, 219, 203]:
SystemTime { tv_sec: 1607513562, tv_nsec: 681525354 }, [102, 89, 121, 165, 96,
40, 82, 149, 29, 232, 65, 108, 215, 12, 147, 16, 63, 165, 216, 66, 117, 104,
107, 118, 81, 8, 14, 51, 149, 171, 216, 88]: SystemTime { tv_sec: 1607513562,
tv_nsec: 686276387 }, [222, 235, 45, 52, 171, 194, 41, 189, 62, 221, 6, 166,
113, 43, 46, 128, 132, 194, 25, 2, 162, 220, 70, 65, 62, 205, 190, 146, 40, 62,
171, 9]: SystemTime { tv_sec: 1607513562, tv_nsec: 686599800 }, [6, 244, 3, 34,
80, 12, 75, 219, 83, 100, 202, 30, 165, 184, 181, 229, 84, 130, 159, 33, 17, 15,
183, 129, 136, 206, 166, 102, 228, 3, 64, 51]: SystemTime { tv_sec: 1607513562,
tv_nsec: 679291864 }, [216, 148, 51, 243, 232, 133, 180, 17, 176, 125, 54, 227,
186, 128, 165, 99, 97, 229, 12, 52, 67, 47, 102, 59, 238, 223, 93, 58, 136, 231,
203, 92]: SystemTime { tv_sec: 1607513562, tv_nsec: 682689944 }, [56, 117, 251,
223, 156, 172, 170, 140, 35, 204, 240, 219, 70, 102, 219, 176, 211, 16, 140,
240, 159, 11, 25, 169, 227, 97, 214, 153, 149, 182, 74, 177]: SystemTime {
tv_sec: 1607513562, tv_nsec: 675205535 }, [163, 227, 192, 123, 116, 106, 91,
198, 168, 80, 3, 165, 170, 11, 235, 35, 33, 104, 88, 195, 125, 186, 92, 97, 222,
1, 126, 120, 217, 80, 201, 38]: SystemTime { tv_sec: 1607513562, tv_nsec:
680250633 }, [17, 18, 152, 23, 126, 215, 52, 149, 122, 198, 120, 107, 185, 240,
206, 205, 122, 207, 238, 239, 16, 173, 3, 143, 35, 64, 239, 33, 233, 122, 183,
40]: SystemTime { tv_sec: 1607513562, tv_nsec: 684087114 }, [23, 58, 26, 106, 5,
97, 37, 255, 237, 79, 202, 226, 51, 18, 232, 90, 29, 135, 47, 33, 56, 174, 214,
235, 234, 210, 149, 1, 52, 93, 218, 225]: SystemTime { tv_sec: 1607513562,
tv_nsec: 685096208 }, [225, 52, 106, 194, 69, 72, 156, 173, 79, 6, 228, 236,
136, 3, 183, 204, 41, 157, 152, 210, 203, 45, 233, 223, 170, 42, 111, 66, 112,
68, 159, 181]: SystemTime { tv_sec: 1607513562, tv_nsec: 689561837 }, [223, 109,
32, 34, 69, 247, 122, 149, 68, 119, 137, 198, 25, 238, 8, 37, 183, 239, 151,
152, 177, 147, 34, 202, 158, 18, 10, 159, 126, 255, 123, 74]: SystemTime {
tv_sec: 1607513562, tv_nsec: 683617664 }, [225, 124, 200, 186, 50, 15, 71, 115,
45, 169, 172, 245, 21, 26, 249, 235, 173, 119, 219, 70, 13, 178, 217, 137, 174,
164, 186, 189, 241, 105, 174, 167]: SystemTime { tv_sec: 1607513562, tv_nsec:
675472536 }, [221, 230, 167, 88, 177, 61, 120, 115, 233, 242, 182, 79, 197, 113,
249, 104, 245, 4, 27, 198, 154, 10, 184, 10, 32, 103, 246, 117, 108, 157, 93,
226]: SystemTime { tv_sec: 1607513562, tv_nsec: 675270007 }, [5, 8, 119, 172,
164, 75, 3, 216, 245, 102, 165, 214, 173, 234, 50, 80, 197, 230, 160, 225, 48,
151, 63, 53, 228, 191, 167, 18, 90, 236, 42, 163]: SystemTime { tv_sec:
1607513562, tv_nsec: 676363001 }, [27, 41, 228, 229, 55, 115, 35, 161, 199, 27,
59, 86, 36, 1, 25, 18, 105, 222, 9, 136, 50, 26, 5, 58, 122, 19, 183, 89, 55,
116, 177, 59]: SystemTime { tv_sec: 1607513562, tv_nsec: 678410174 }, [124, 202,
89, 40, 166, 189, 203, 126, 246, 219, 142, 194, 131, 198, 4, 161, 160, 80, 16,
248, 103, 208, 126, 236, 188, 102, 173, 151, 171, 27, 223, 194]: SystemTime {
tv_sec: 1607513562, tv_nsec: 680441854 }, [182, 49, 45, 39, 123, 11, 41, 153,
26, 107, 75, 86, 10, 230, 180, 17, 194, 226, 206, 77, 82, 3, 250, 159, 21, 113,
171, 106, 101, 152, 52, 217]: SystemTime { tv_sec: 1607513562, tv_nsec:
681955483 }, [54, 118, 77, 136, 171, 90, 89, 49, 247, 149, 40, 195, 164, 190,
237, 197, 126, 199, 173, 244, 140, 134, 250, 94, 93, 78, 228, 20, 88, 1, 108,
78]: SystemTime { tv_sec: 1607513562, tv_nsec: 686333748 }, [166, 64, 97, 61,
197, 231, 169, 197, 75, 62, 229, 27, 73, 195, 176, 123, 56, 101, 40, 182, 166,
194, 101, 237, 118, 109, 76, 194, 179, 105, 7, 196]: SystemTime { tv_sec:
1607513562, tv_nsec: 685649381 }, [125, 102, 215, 182, 217, 74, 80, 76, 74, 50,
200, 211, 48, 189, 204, 215, 242, 249, 161, 226, 221, 74, 77, 183, 142, 129, 97,
234, 220, 98, 224, 82]: SystemTime { tv_sec: 1607513562, tv_nsec: 690334753 },
[85, 74, 121, 245, 222, 48, 52, 105, 12, 251, 120, 230, 58, 0, 242, 147, 112,
68, 208, 9, 80, 145, 55, 79, 150, 105, 3, 203, 252, 162, 238, 209]: SystemTime {
tv_sec: 1607513562, tv_nsec: 690923657 }, [97, 135, 121, 96, 255, 171, 232, 8,
164, 110, 81, 80, 58, 104, 246, 115, 245, 114, 137, 59, 19, 190, 9, 76, 59, 140,
187, 145, 254, 66, 246, 119]: SystemTime { tv_sec: 1607513562, tv_nsec:
691667324 }, [0, 56, 90, 209, 212, 82, 221, 98, 67, 111, 1, 87, 155, 97, 106,
199, 63, 214, 190, 209, 169, 36, 135, 23, 199, 87, 168, 160, 73, 20, 34, 231]:
SystemTime { tv_sec: 1607513562, tv_nsec: 693996076 }, [169, 75, 167, 140, 188,
237, 112, 154, 203, 72, 185, 80, 10, 168, 15, 234, 229, 111, 67, 12, 70, 26,
159, 236, 205, 219, 58, 184, 131, 191, 110, 40]: SystemTime { tv_sec:
1607513562, tv_nsec: 690660883 }, [201, 40, 13, 206, 124, 147, 134, 101, 104,
106, 75, 246, 229, 162, 76, 158, 2, 58, 238, 73, 27, 168, 239, 23, 76, 225, 100,
39, 55, 70, 60, 187]: SystemTime { tv_sec: 1607513562, tv_nsec: 677414545 },
[168, 173, 53, 160, 196, 44, 94, 215, 165, 142, 166, 149, 98, 59, 164, 161, 77,
64, 48, 78, 38, 149, 48, 208, 182, 61, 178, 104, 157, 156, 90, 108]: SystemTime
{ tv_sec: 1607513562, tv_nsec: 677282160 }, [165, 117, 148, 158, 177, 173, 42,
134, 118, 192, 76, 85, 201, 14, 108, 214, 29, 131, 33, 77, 80, 72, 149, 35, 54,
14, 10, 106, 114, 218, 183, 43]: SystemTime { tv_sec: 1607513562, tv_nsec:
680580052 }, [118, 238, 219, 66, 246, 144, 109, 65, 120, 203, 179, 194, 2, 108,
60, 15, 110, 91, 146, 29, 95, 142, 61, 107, 248, 16, 49, 149, 60, 99, 86, 5]:
SystemTime { tv_sec: 1607513562, tv_nsec: 686008914 }, [126, 191, 77, 104, 75,
151, 204, 230, 213, 194, 211, 244, 162, 107, 106, 249, 100, 22, 254, 13, 4, 168,
113, 136, 113, 82, 109, 155, 6, 171, 44, 27]: SystemTime { tv_sec: 1607513562,
tv_nsec: 687547108 }, [19, 53, 38, 236, 1, 27, 93, 123, 56, 7, 215, 205, 23,
207, 23, 50, 152, 51, 136, 251, 234, 213, 26, 48, 198, 125, 119, 88, 188, 179,
251, 104]: SystemTime { tv_sec: 1607513562, tv_nsec: 679439034 }, [137, 23, 208,
92, 33, 35, 109, 95, 161, 53, 22, 54, 128, 62, 76, 232, 253, 16, 195, 9, 17,
243, 210, 30, 52, 47, 209, 204, 160, 108, 136, 78]: SystemTime { tv_sec:
1607513562, tv_nsec: 691993607 }, [18, 116, 147, 159, 199, 226, 251, 99, 65,
222, 25, 3, 34, 204, 24, 126, 41, 33, 61, 231, 251, 115, 12, 1, 105, 138, 222,
167, 235, 214, 87, 1]: SystemTime { tv_sec: 1607513562, tv_nsec: 682927342 },
[160, 66, 38, 49, 197, 109, 120, 43, 208, 142, 168, 4, 180, 46, 49, 214, 235,
155, 20, 0, 71, 82, 136, 76, 34, 13, 100, 197, 186, 121, 207, 153]: SystemTime {
tv_sec: 1607513562, tv_nsec: 693040821 }, [191, 115, 248, 48, 217, 42, 182, 25,
170, 101, 232, 235, 253, 181, 218, 9, 235, 218, 226, 223, 227, 207, 109, 148,
82, 203, 243, 138, 190, 113, 241, 101]: SystemTime { tv_sec: 1607513562,
tv_nsec: 694287395 }, [98, 60, 130, 81, 177, 26, 93, 12, 206, 134, 187, 5, 17,
159, 0, 253, 227, 199, 111, 145, 139, 49, 222, 214, 213, 230, 136, 148, 59, 142,
91, 61]: SystemTime { tv_sec: 1607513562, tv_nsec: 690174339 }, [103, 221, 118,
161, 156, 44, 124, 27, 46, 219, 43, 47, 159, 254, 236, 85, 82, 199, 156, 14, 10,
221, 129, 17, 174, 114, 254, 165, 211, 97, 8, 56]: SystemTime { tv_sec:
1607513562, tv_nsec: 694522511 }, [161, 169, 229, 183, 184, 175, 22, 255, 240,
246, 160, 123, 66, 66, 136, 16, 179, 62, 141, 36, 155, 164, 211, 65, 41, 216,
40, 5, 89, 211, 19, 175]: SystemTime { tv_sec: 1607513562, tv_nsec: 687414130 },
[13, 50, 58, 229, 47, 251, 94, 162, 8, 29, 150, 238, 8, 145, 99, 27, 218, 86,
93, 221, 204, 249, 42, 131, 41, 140, 13, 103, 123, 253, 216, 177]: SystemTime {
tv_sec: 1607513562, tv_nsec: 695432608 }, [104, 13, 19, 163, 216, 132, 150, 140,
7, 26, 135, 92, 95, 41, 28, 219, 3, 131, 155, 0, 26, 115, 22, 113, 172, 105,
239, 35, 185, 162, 41, 195]: SystemTime { tv_sec: 1607513562, tv_nsec: 695887505
}, [28, 113, 77, 200, 125, 122, 49, 246, 28, 194, 183, 51, 157, 74, 26, 213,
240, 88, 14, 226, 105, 227, 137, 28, 62, 50, 124, 42, 225, 85, 84, 155]:
SystemTime { tv_sec: 1607513562, tv_nsec: 696022996 }, [94, 219, 106, 203, 77,
31, 155, 184, 173, 203, 200, 182, 157, 88, 80, 120, 240, 93, 193, 61, 162, 138,
102, 40, 64, 155, 11, 136, 37, 115, 132, 146]: SystemTime { tv_sec: 1607513562,
tv_nsec: 685719588 }, [52, 246, 51, 120, 31, 136, 82, 155, 198, 203, 57, 37,
224, 128, 138, 21, 155, 127, 146, 188, 121, 75, 140, 132, 139, 130, 33, 113,
204, 157, 33, 21]: SystemTime { tv_sec: 1607513562, tv_nsec: 694641952 }, [91,
21, 116, 6, 128, 134, 156, 88, 187, 105, 21, 59, 127, 241, 180, 127, 255, 145,
86, 49, 48, 47, 191, 53, 183, 174, 187, 194, 142, 151, 181, 106]: SystemTime {
tv_sec: 1607513562, tv_nsec: 698516993 }, [180, 228, 2, 232, 169, 157, 163, 114,
72, 153, 203, 108, 12, 183, 222, 242, 41, 72, 196, 169, 42, 198, 141, 200, 226,
19, 37, 87, 95, 227, 20, 104]: SystemTime { tv_sec: 1607513562, tv_nsec:
687987992 }, [215, 205, 217, 72, 156, 233, 249, 141, 116, 45, 92, 118, 232, 145,
207, 89, 38, 112, 191, 120, 26, 232, 130, 241, 214, 141, 205, 4, 158, 193, 219,
193]: SystemTime { tv_sec: 1607513562, tv_nsec: 678751201 }, [15, 226, 27, 1,
34, 207, 92, 194, 7, 222, 73, 183, 130, 11, 148, 67, 90, 50, 136, 6, 252, 74,
215, 3, 176, 229, 22, 14, 175, 36, 198, 12]: SystemTime { tv_sec: 1607513562,
tv_nsec: 695498183 }, [2, 200, 223, 43, 133, 168, 4, 78, 77, 211, 58, 131, 121,
25, 30, 208, 55, 205, 217, 185, 200, 230, 64, 106, 82, 191, 207, 60, 76, 19, 4,
250]: SystemTime { tv_sec: 1607513562, tv_nsec: 698637340 }, [55, 0, 67, 244,
119, 53, 72, 44, 234, 81, 27, 138, 249, 59, 2, 162, 180, 190, 57, 214, 40, 77,
222, 185, 202, 130, 57, 226, 161, 69, 246, 163]: SystemTime { tv_sec:
1607513562, tv_nsec: 681996649 }, [243, 155, 178, 182, 75, 81, 252, 88, 122,
189, 182, 25, 36, 42, 5, 222, 205, 216, 55, 106, 235, 64, 173, 253, 59, 37, 45,
152, 215, 127, 69, 57]: SystemTime { tv_sec: 1607513562, tv_nsec: 690417967 },
[110, 209, 195, 231, 191, 209, 17, 21, 243, 2, 65, 123, 172, 151, 128, 139, 54,
216, 91, 212, 128, 79, 169, 139, 28, 17, 193, 47, 248, 50, 18, 193]: SystemTime
{ tv_sec: 1607513562, tv_nsec: 679930649 }, [65, 192, 50, 196, 217, 232, 152,
45, 45, 101, 30, 206, 16, 96, 251, 63, 241, 153, 153, 223, 166, 175, 254, 84,
62, 61, 253, 193, 219, 233, 57, 49]: SystemTime { tv_sec: 1607513562, tv_nsec:
686784063 }, [213, 246, 74, 169, 73, 223, 126, 41, 69, 77, 2, 164, 217, 72, 52,
139, 208, 237, 154, 243, 9, 68, 163, 252, 120, 211, 111, 138, 119, 46, 233,
119]: SystemTime { tv_sec: 1607513562, tv_nsec: 677687478 }, [196, 173, 248, 91,
82, 192, 192, 64, 135, 51, 124, 62, 153, 181, 103, 247, 0, 197, 105, 193, 163,
230, 27, 147, 187, 56, 130, 18, 39, 120, 110, 233]: SystemTime { tv_sec:
1607513562, tv_nsec: 678534805 }, [80, 54, 132, 2, 203, 182, 120, 24, 157, 40,
132, 209, 47, 108, 149, 90, 214, 154, 8, 216, 184, 105, 213, 137, 183, 51, 19,
207, 128, 205, 92, 20]: SystemTime { tv_sec: 1607513562, tv_nsec: 681660800 },
[26, 184, 239, 38, 255, 104, 210, 80, 102, 224, 233, 162, 132, 112, 27, 206,
155, 95, 87, 44, 169, 14, 185, 79, 19, 205, 191, 97, 104, 200, 7, 193]:
SystemTime { tv_sec: 1607513562, tv_nsec: 676436737 }, [210, 43, 146, 66, 80,
42, 109, 206, 49, 5, 91, 130, 50, 108, 250, 66, 111, 180, 93, 57, 252, 115, 181,
25, 22, 36, 24, 3, 203, 14, 231, 62]: SystemTime { tv_sec: 1607513562, tv_nsec:
692315640 }, [23, 173, 75, 206, 65, 178, 2, 32, 97, 99, 114, 105, 121, 15, 121,
49, 109, 135, 158, 125, 158, 52, 201, 136, 94, 247, 63, 175, 224, 39, 53, 240]:
SystemTime { tv_sec: 1607513562, tv_nsec: 685587098 }, [96, 78, 225, 194, 187,
253, 53, 26, 5, 181, 178, 5, 26, 10, 104, 17, 50, 252, 216, 88, 34, 165, 95,
218, 231, 6, 247, 5, 25, 46, 78, 149]: SystemTime { tv_sec: 1607513562, tv_nsec:
674936586 }, [105, 184, 59, 246, 233, 24, 199, 145, 139, 214, 153, 77, 163, 54,
100, 72, 12, 55, 148, 120, 50, 105, 29, 225, 252, 184, 175, 140, 134, 213, 123,
202]: SystemTime { tv_sec: 1607513562, tv_nsec: 676212560 }}
block hashes: [[175, 85, 112, 245, 161, 129, 11, 122, 247, 140, 175, 75, 199,
10, 102, 15, 13, 245, 30, 66, 186, 249, 29, 77, 229, 178, 50, 141, 224, 232, 61,
252], [205, 38, 98, 21, 78, 109, 118, 178, 178, 185, 46, 112, 192, 202, 195,
204, 245, 52, 249, 183, 78, 181, 184, 152, 25, 236, 80, 144, 131, 208, 10, 80],
[205, 4, 164, 117, 68, 152, 224, 109, 181, 161, 60, 95, 55, 31, 31, 4, 255, 109,
36, 112, 242, 74, 169, 189, 136, 101, 64, 229, 220, 231, 127, 112], [213, 104,
138, 82, 213, 90, 2, 236, 74, 234, 94, 193, 234, 223, 255, 225, 201, 224, 238,
106, 77, 219, 226, 55, 127, 152, 50, 109, 66, 223, 201, 117], [128, 5, 240, 45,
67, 250, 6, 231, 208, 88, 95, 182, 76, 150, 29, 87, 227, 24, 178, 122, 20, 92,
133, 123, 205, 58, 107, 219, 65, 63, 247, 252], [93, 238, 77, 214, 15, 248, 208,
186, 153, 0, 254, 145, 233, 14, 13, 207, 101, 240, 87, 13, 66, 196, 49, 247, 39,
208, 48, 13, 215, 13, 196, 49], [20, 172, 87, 124, 219, 46, 246, 217, 134, 7,
139, 64, 84, 204, 152, 147, 169, 161, 74, 22, 219, 176, 216, 243, 123, 137, 22,
124, 31, 26, 172, 223], [163, 235, 141, 184, 159, 197, 18, 60, 207, 212, 149,
133, 5, 159, 41, 43, 196, 10, 28, 13, 85, 11, 134, 15, 36, 248, 78, 251, 71, 96,
251, 242], [76, 14, 7, 24, 50, 213, 39, 105, 74, 222, 165, 123, 80, 221, 123,
33, 100, 194, 164, 124, 2, 148, 13, 207, 38, 250, 7, 196, 77, 109, 34, 42], [89,
36, 81, 53, 22, 165, 153, 52, 53, 236, 74, 36, 6, 16, 48, 74, 202, 125, 74, 207,
31, 45, 229, 206, 104, 18, 168, 196, 54, 16, 198, 230], [141, 133, 248, 70, 114,
64, 98, 138, 148, 129, 155, 38, 190, 226, 110, 58, 155, 40, 4, 51, 76, 99, 72,
45, 234, 206, 200, 214, 74, 180, 225, 231], [11, 80, 0, 183, 58, 83, 240, 145,
108, 147, 198, 143, 75, 155, 107, 168, 175, 90, 16, 151, 134, 52, 174, 79, 34,
55, 225, 243, 251, 227, 36, 250], [210, 122, 141, 154, 141, 56, 199, 163, 124,
146, 36, 80, 167, 161, 150, 31, 19, 138, 191, 162, 95, 93, 163, 223, 43, 151,
40, 32, 113, 95, 165, 174], [31, 94, 220, 111, 30, 251, 22, 93, 69, 166, 84,
121, 141, 75, 170, 165, 14, 59, 77, 36, 24, 41, 19, 174, 245, 17, 10, 21, 88,
14, 186, 173], [118, 177, 255, 26, 108, 177, 178, 55, 56, 100, 126, 177, 234,
64, 216, 241, 75, 3, 114, 133, 228, 87, 33, 74, 171, 51, 88, 116, 254, 182, 231,
158], [230, 108, 87, 1, 74, 97, 86, 6, 26, 230, 105, 128, 158, 197, 215, 53,
228, 132, 232, 252, 253, 84, 14, 17, 12, 155, 4, 248, 76, 11, 69, 4], [153, 142,
144, 123, 251, 179, 79, 113, 198, 107, 109, 198, 196, 15, 233, 140, 166, 210,
213, 162, 151, 85, 188, 90, 4, 130, 76, 54, 8, 42, 97, 209], [163, 72, 98, 26,
82, 119, 9, 167, 211, 167, 30, 236, 24, 222, 123, 178, 129, 160, 26, 249, 127,
6, 254, 70, 60, 135, 208, 222, 92, 67, 127, 117], [91, 198, 116, 113, 193, 137,
215, 140, 118, 70, 29, 202, 182, 20, 26, 115, 59, 218, 179, 121, 157, 29, 105,
224, 196, 25, 17, 156, 146, 232, 43, 61], [27, 141, 1, 3, 227, 168, 217, 206,
139, 218, 59, 255, 113, 34, 91, 228, 181, 187, 24, 131, 4, 102, 174, 148, 245,
23, 50, 27, 126, 204, 111, 148], [34, 162, 100, 238, 99, 188, 130, 106, 109,
247, 120, 128, 10, 98, 202, 143, 112, 51, 213, 15, 20, 199, 199, 56, 236, 226,
59, 80, 95, 43, 243, 196], [232, 95, 68, 11, 134, 93, 112, 94, 48, 196, 229, 6,
53, 255, 184, 136, 12, 160, 59, 60, 84, 242, 148, 222, 181, 119, 184, 0, 187,
217, 109, 233], [122, 66, 227, 137, 35, 104, 248, 38, 146, 130, 2, 1, 74, 108,
169, 90, 61, 141, 132, 109, 242, 80, 136, 218, 128, 1, 134, 99, 237, 249, 107,
28], [174, 210, 184, 36, 95, 220, 138, 204, 69, 237, 165, 26, 188, 125, 7, 230,
18, 194, 95, 5, 202, 221, 21, 121, 243, 71, 79, 11, 241, 246, 189, 198], [177,
110, 254, 52, 232, 16, 216, 247, 145, 68, 62, 250, 37, 25, 254, 166, 153, 133,
124, 184, 188, 191, 147, 246, 159, 110, 234, 65, 99, 117, 51, 51], [86, 31, 98,
123, 66, 19, 37, 141, 200, 134, 52, 152, 187, 155, 7, 201, 4, 195, 198, 90, 120,
193, 163, 107, 202, 50, 145, 84, 209, 222, 210, 19], [18, 9, 254, 59, 195, 73,
126, 71, 55, 109, 251, 217, 223, 6, 0, 161, 124, 99, 56, 76, 133, 248, 89, 103,
25, 86, 216, 40, 158, 90, 11, 232], [66, 242, 138, 70, 3, 159, 137, 77, 58, 1,
121, 208, 144, 133, 27, 167, 149, 239, 8, 26, 225, 40, 207, 84, 238, 78, 73,
109, 52, 83, 36, 77], [29, 121, 104, 255, 201, 149, 214, 164, 149, 7, 22, 104,
244, 169, 87, 190, 211, 92, 110, 249, 18, 246, 44, 102, 126, 92, 181, 53, 203,
43, 187, 30], [83, 155, 76, 76, 65, 161, 63, 31, 4, 82, 245, 163, 90, 103, 67,
196, 33, 41, 70, 247, 243, 45, 237, 40, 167, 217, 253, 177, 118, 114, 203, 84],
[72, 169, 126, 66, 21, 70, 248, 212, 202, 225, 207, 136, 197, 26, 69, 154, 140,
16, 168, 132, 66, 238, 214, 54, 67, 221, 38, 60, 239, 136, 12, 28], [22, 100,
166, 224, 234, 18, 210, 52, 180, 145, 29, 1, 24, 0, 187, 15, 140, 17, 1, 160,
249, 164, 154, 145, 238, 110, 36, 147, 227, 77, 142, 123], [112, 125, 86, 241,
242, 130, 174, 226, 52, 87, 126, 101, 11, 234, 46, 123, 24, 187, 97, 49, 164,
153, 88, 43, 225, 136, 118, 171, 169, 157, 75, 96], [234, 103, 98, 104, 199, 30,
185, 97, 202, 229, 241, 166, 141, 200, 113, 123, 231, 209, 188, 180, 5, 23, 231,
42, 95, 145, 14, 189, 118, 194, 188, 33], [77, 117, 246, 24, 105, 16, 75, 170,
76, 207, 245, 190, 115, 49, 27, 233, 189, 214, 204, 49, 119, 147, 1, 223, 198,
153, 71, 148, 3, 200, 167, 134], [7, 100, 199, 38, 167, 47, 142, 29, 36, 95, 51,
42, 29, 2, 47, 255, 218, 218, 12, 76, 178, 160, 22, 136, 110, 75, 51, 182, 108,
185, 165, 63], [170, 44, 156, 157, 123, 235, 196, 177, 102, 86, 71, 170, 175,
107, 2, 135, 66, 186, 143, 171, 252, 213, 99, 102, 67, 236, 105, 132, 157, 172,
48, 84], [48, 154, 148, 129, 228, 89, 232, 234, 1, 199, 160, 138, 195, 254, 52,
186, 196, 67, 129, 137, 205, 112, 16, 70, 99, 150, 60, 79, 66, 198, 149, 127],
[233, 165, 245, 32, 30, 179, 195, 200, 86, 224, 162, 36, 82, 122, 245, 172, 126,
177, 118, 127, 177, 175, 249, 189, 83, 186, 65, 166, 12, 222, 151, 133], [168,
243, 103, 73, 13, 193, 82, 207, 182, 26, 78, 100, 0, 95, 186, 182, 33, 66, 93,
228, 194, 101, 83, 14, 188, 212, 178, 243, 206, 99, 91, 101], [106, 51, 159,
246, 222, 252, 110, 115, 207, 23, 222, 163, 234, 129, 244, 30, 139, 236, 9, 43,
76, 237, 132, 26, 108, 16, 115, 44, 4, 2, 167, 39], [252, 26, 71, 164, 185, 98,
89, 155, 137, 131, 157, 15, 235, 224, 41, 24, 226, 92, 55, 226, 254, 150, 197,
79, 43, 122, 107, 172, 234, 181, 192, 189], [166, 187, 19, 60, 177, 227, 99,
138, 215, 184, 163, 255, 5, 57, 102, 142, 158, 86, 249, 184, 80, 239, 27, 42,
129, 15, 84, 34, 234, 166, 195, 35], [13, 181, 84, 157, 211, 65, 216, 161, 26,
33, 166, 83, 87, 79, 150, 11, 146, 232, 190, 243, 102, 182, 107, 52, 12, 221,
218, 51, 252, 157, 173, 20], [69, 255, 246, 85, 99, 225, 115, 121, 237, 162,
217, 184, 102, 155, 154, 116, 250, 32, 106, 91, 200, 157, 185, 70, 76, 133, 82,
230, 42, 201, 5, 158], [34, 11, 47, 141, 62, 9, 255, 171, 143, 235, 52, 154, 90,
8, 118, 220, 243, 50, 95, 160, 169, 21, 20, 131, 150, 34, 210, 172, 168, 21,
144, 65], [151, 77, 16, 76, 38, 52, 175, 183, 162, 159, 169, 110, 113, 151, 171,
50, 115, 125, 121, 138, 229, 0, 114, 86, 247, 211, 208, 183, 209, 103, 231,
155], [5, 230, 29, 108, 80, 231, 178, 117, 102, 29, 241, 209, 148, 94, 241, 239,
12, 72, 224, 145, 42, 2, 72, 248, 30, 222, 205, 113, 209, 164, 21, 168], [19,
65, 232, 201, 163, 76, 184, 232, 117, 19, 36, 61, 215, 102, 109, 143, 72, 128,
46, 49, 141, 93, 22, 120, 156, 60, 0, 105, 193, 155, 87, 200], [114, 238, 74,
96, 242, 215, 5, 179, 243, 152, 85, 198, 90, 105, 47, 24, 254, 69, 244, 224,
133, 207, 80, 61, 138, 155, 99, 10, 55, 182, 230, 146], [122, 203, 241, 204,
213, 250, 95, 146, 178, 18, 126, 27, 147, 215, 124, 33, 42, 15, 68, 252, 106,
203, 171, 167, 215, 181, 61, 25, 4, 177, 191, 68], [94, 1, 150, 138, 44, 102,
171, 42, 15, 183, 245, 46, 36, 28, 117, 241, 43, 75, 152, 30, 38, 197, 57, 2,
133, 166, 54, 53, 40, 66, 252, 169], [148, 140, 123, 38, 199, 48, 234, 74, 132,
156, 155, 193, 10, 12, 217, 65, 80, 55, 83, 200, 182, 229, 72, 166, 236, 67,
221, 0, 163, 22, 47, 243], [163, 100, 71, 230, 165, 42, 62, 176, 223, 14, 157,
226, 255, 54, 200, 97, 123, 183, 223, 26, 63, 100, 70, 5, 106, 134, 28, 212,
131, 218, 33, 115], [105, 205, 171, 125, 227, 180, 194, 125, 209, 150, 147, 87,
179, 156, 40, 69, 53, 204, 172, 186, 123, 210, 193, 124, 70, 164, 19, 5, 154,
187, 103, 241], [198, 239, 229, 231, 12, 232, 64, 56, 175, 21, 114, 159, 122,
101, 223, 201, 132, 47, 159, 135, 132, 223, 166, 140, 144, 47, 244, 63, 163,
166, 246, 193], [240, 133, 51, 221, 238, 218, 153, 22, 34, 167, 29, 93, 239, 47,
108, 143, 124, 46, 39, 82, 105, 172, 174, 250, 161, 138, 243, 237, 99, 141, 105,
162], [200, 88, 143, 61, 84, 104, 20, 164, 207, 120, 234, 27, 213, 213, 68, 222,
49, 4, 56, 160, 90, 29, 101, 123, 176, 62, 166, 15, 219, 45, 131, 189], [53, 67,
129, 203, 48, 218, 155, 114, 36, 89, 104, 15, 91, 43, 217, 254, 64, 90, 49, 207,
187, 87, 81, 161, 245, 189, 144, 52, 186, 54, 153, 24], [172, 222, 107, 124,
236, 237, 68, 195, 238, 211, 230, 11, 141, 93, 19, 75, 182, 234, 213, 44, 76,
194, 116, 172, 175, 107, 16, 204, 27, 174, 48, 54], [211, 172, 190, 226, 8, 219,
3, 38, 58, 56, 14, 67, 169, 140, 143, 23, 78, 76, 191, 120, 8, 41, 173, 199,
204, 78, 114, 84, 169, 32, 12, 82], [104, 209, 215, 159, 138, 79, 77, 48, 141,
100, 21, 192, 4, 75, 239, 100, 238, 45, 61, 83, 204, 220, 244, 73, 72, 69, 170,
239, 178, 8, 229, 146], [174, 235, 196, 181, 224, 196, 12, 211, 85, 254, 246,
167, 180, 45, 142, 158, 164, 240, 211, 25, 95, 96, 197, 211, 132, 223, 67, 203,
117, 91, 29, 87], [0, 81, 207, 208, 100, 234, 74, 145, 8, 100, 56, 206, 127,
107, 61, 33, 202, 98, 215, 110, 226, 100, 166, 63, 54, 146, 229, 124, 218, 137,
205, 110], [63, 113, 10, 192, 136, 219, 51, 54, 48, 135, 222, 43, 154, 101, 117,
65, 254, 84, 71, 130, 29, 235, 170, 159, 229, 203, 213, 56, 235, 26, 95, 41],
[199, 190, 252, 42, 192, 216, 99, 22, 213, 148, 245, 105, 146, 201, 123, 0, 41,
98, 66, 144, 162, 171, 187, 58, 22, 81, 80, 149, 3, 8, 19, 129], [33, 163, 109,
165, 170, 160, 198, 59, 220, 134, 4, 57, 124, 180, 170, 175, 191, 25, 22, 163,
170, 233, 184, 130, 184, 151, 22, 114, 40, 29, 105, 8], [28, 195, 252, 142, 169,
177, 46, 54, 199, 117, 154, 43, 51, 160, 29, 77, 39, 211, 123, 153, 137, 97,
226, 37, 209, 121, 56, 178, 120, 65, 241, 60], [42, 120, 138, 44, 10, 114, 104,
63, 215, 253, 6, 128, 42, 50, 90, 4, 197, 89, 177, 197, 204, 128, 52, 76, 104,
178, 80, 37, 60, 87, 231, 111], [195, 24, 92, 233, 137, 248, 28, 255, 19, 35,
146, 217, 113, 88, 245, 87, 24, 104, 136, 180, 111, 146, 177, 137, 98, 38, 201,
38, 228, 243, 81, 172], [218, 167, 95, 180, 53, 186, 204, 158, 181, 40, 193, 10,
204, 195, 66, 155, 33, 192, 150, 189, 147, 13, 167, 54, 147, 238, 51, 53, 242,
196, 108, 66], [137, 219, 227, 78, 116, 127, 214, 60, 146, 88, 61, 201, 15, 91,
127, 35, 64, 229, 139, 120, 184, 139, 8, 49, 174, 119, 9, 22, 18, 190, 229, 14],
[147, 145, 197, 167, 204, 45, 69, 218, 220, 203, 241, 105, 15, 213, 67, 98, 65,
119, 103, 123, 148, 78, 137, 83, 255, 58, 201, 107, 29, 11, 165, 9], [17, 97,
69, 65, 36, 100, 88, 106, 8, 230, 186, 175, 49, 72, 178, 52, 98, 88, 248, 239,
81, 71, 67, 164, 243, 171, 61, 186, 244, 13, 187, 27], [40, 46, 144, 45, 135,
245, 21, 224, 30, 7, 231, 211, 51, 83, 199, 221, 232, 41, 177, 38, 76, 55, 239,
34, 214, 204, 231, 25, 19, 206, 146, 38], [221, 103, 127, 25, 254, 174, 125,
142, 120, 51, 76, 0, 150, 215, 227, 98, 160, 254, 158, 170, 245, 30, 108, 133,
200, 239, 149, 237, 37, 32, 30, 109], [197, 52, 94, 33, 229, 171, 68, 126, 206,
232, 95, 53, 150, 212, 220, 142, 50, 189, 0, 56, 199, 31, 50, 141, 25, 234, 138,
52, 42, 5, 20, 201], [21, 91, 227, 121, 152, 89, 111, 41, 116, 217, 209, 222,
11, 135, 199, 160, 68, 86, 50, 173, 100, 219, 179, 78, 49, 61, 156, 225, 80, 50,
53, 153], [208, 143, 155, 214, 24, 201, 94, 135, 184, 161, 42, 111, 84, 137,
207, 2, 122, 166, 51, 111, 227, 183, 38, 197, 60, 157, 56, 143, 173, 22, 107,
7], [186, 243, 23, 29, 16, 68, 17, 28, 30, 44, 241, 252, 192, 249, 201, 79, 4,
95, 242, 45, 51, 143, 216, 240, 66, 92, 226, 40, 162, 236, 42, 198], [247, 142,
96, 177, 110, 99, 65, 58, 77, 200, 192, 221, 130, 69, 51, 137, 148, 24, 238,
191, 244, 89, 145, 135, 96, 52, 246, 129, 57, 204, 9, 185], [255, 241, 134, 202,
247, 142, 151, 133, 149, 145, 20, 213, 32, 211, 198, 97, 204, 117, 189, 29, 185,
246, 239, 238, 127, 154, 88, 157, 167, 71, 149, 223], [53, 146, 23, 67, 164, 90,
247, 85, 248, 197, 201, 81, 75, 231, 42, 74, 197, 96, 157, 9, 51, 230, 210, 52,
193, 231, 134, 5, 174, 28, 99, 26], [168, 152, 180, 33, 194, 96, 247, 208, 166,
95, 94, 169, 110, 126, 2, 253, 4, 207, 121, 67, 25, 180, 132, 115, 60, 138, 136,
31, 207, 85, 151, 126], [118, 168, 114, 1, 108, 69, 165, 237, 212, 217, 51, 162,
228, 92, 207, 78, 246, 99, 61, 143, 230, 42, 52, 99, 237, 3, 136, 31, 68, 11,
168, 31], [142, 162, 17, 113, 73, 227, 79, 117, 56, 82, 239, 233, 119, 112, 32,
142, 186, 135, 16, 122, 53, 202, 99, 158, 210, 196, 194, 251, 23, 191, 151,
132], [220, 108, 44, 167, 53, 78, 248, 2, 28, 67, 85, 91, 151, 154, 254, 110,
84, 80, 153, 183, 205, 178, 192, 195, 237, 45, 20, 206, 102, 252, 161, 136],
[212, 103, 96, 169, 94, 138, 189, 76, 131, 191, 228, 141, 99, 255, 76, 138, 192,
222, 58, 141, 167, 130, 28, 253, 205, 118, 28, 168, 46, 71, 138, 182], [0, 4,
241, 102, 90, 133, 99, 142, 239, 1, 84, 151, 207, 222, 69, 144, 16, 25, 106,
229, 1, 55, 18, 118, 116, 91, 217, 45, 192, 199, 180, 74], [158, 159, 70, 87,
194, 14, 157, 108, 92, 247, 146, 69, 212, 227, 110, 230, 172, 159, 109, 202,
255, 195, 222, 118, 202, 45, 213, 26, 172, 211, 236, 58], [140, 217, 149, 251,
227, 85, 77, 217, 231, 31, 237, 207, 78, 199, 207, 60, 163, 120, 93, 83, 75,
240, 40, 235, 79, 33, 149, 126, 4, 183, 218, 53], [57, 162, 55, 189, 53, 119,
159, 174, 65, 43, 238, 176, 120, 35, 250, 24, 198, 169, 4, 182, 106, 172, 125,
147, 172, 67, 232, 146, 118, 164, 204, 158], [125, 112, 166, 194, 7, 139, 234,
134, 46, 4, 2, 162, 237, 224, 99, 163, 165, 108, 44, 183, 206, 47, 35, 129, 218,
3, 70, 81, 189, 183, 102, 221], [53, 170, 4, 210, 149, 16, 231, 224, 47, 167,
216, 108, 181, 250, 148, 93, 111, 66, 104, 8, 19, 216, 69, 150, 149, 217, 217,
127, 90, 188, 136, 201], [77, 245, 123, 222, 40, 147, 9, 124, 166, 98, 122, 152,
53, 111, 178, 121, 231, 113, 11, 161, 194, 159, 241, 227, 220, 41, 200, 71, 129,
223, 200, 97], [211, 61, 151, 94, 31, 52, 89, 126, 119, 62, 152, 204, 17, 216,
33, 10, 75, 162, 230, 66, 196, 51, 197, 111, 109, 114, 137, 34, 227, 59, 98,
170], [169, 197, 231, 73, 89, 215, 75, 220, 149, 82, 7, 124, 205, 211, 167, 171,
137, 113, 150, 184, 28, 97, 133, 89, 43, 66, 32, 14, 202, 53, 105, 61], [97,
128, 133, 146, 37, 122, 158, 118, 57, 131, 95, 171, 69, 198, 7, 218, 10, 239,
198, 196, 119, 207, 90, 33, 241, 2, 50, 36, 182, 145, 216, 244], [120, 37, 6,
10, 151, 23, 39, 204, 50, 147, 215, 176, 76, 46, 164, 153, 148, 201, 248, 54,
54, 79, 11, 87, 75, 117, 247, 219, 95, 104, 126, 64], [172, 83, 27, 141, 54,
152, 140, 64, 184, 87, 65, 186, 186, 35, 163, 55, 11, 241, 94, 241, 146, 153,
15, 216, 188, 250, 254, 218, 167, 203, 217, 53], [95, 203, 162, 99, 59, 239, 28,
41, 66, 14, 14, 237, 123, 3, 124, 237, 139, 0, 70, 107, 14, 143, 28, 92, 225,
202, 210, 233, 126, 17, 122, 173], [93, 193, 33, 240, 121, 23, 57, 113, 163,
103, 110, 144, 182, 137, 94, 252, 134, 155, 226, 201, 6, 140, 46, 190, 239, 250,
187, 33, 55, 0, 20, 65], [50, 248, 62, 98, 140, 10, 237, 80, 242, 91, 164, 50,
29, 234, 119, 168, 56, 227, 110, 159, 240, 185, 88, 115, 4, 154, 58, 67, 96,
213, 184, 71], [227, 75, 52, 88, 199, 213, 208, 62, 198, 29, 68, 139, 217, 154,
231, 61, 19, 253, 66, 41, 79, 217, 77, 166, 149, 190, 88, 47, 57, 248, 74, 170],
[124, 187, 6, 183, 232, 155, 128, 255, 230, 14, 56, 93, 244, 241, 215, 49, 6,
51, 174, 71, 27, 230, 67, 148, 253, 63, 157, 204, 215, 124, 128, 81], [236, 29,
83, 3, 35, 168, 41, 216, 182, 251, 73, 56, 1, 135, 118, 77, 219, 210, 203, 63,
81, 173, 240, 198, 123, 133, 85, 74, 124, 47, 116, 63], [79, 230, 214, 252, 17,
134, 29, 4, 37, 167, 43, 106, 29, 31, 6, 126, 84, 125, 98, 61, 86, 18, 131, 155,
194, 235, 208, 244, 69, 3, 19, 192], [202, 127, 172, 167, 202, 105, 198, 140,
233, 231, 52, 120, 82, 250, 212, 200, 51, 46, 254, 162, 35, 79, 228, 102, 114,
72, 209, 107, 43, 68, 56, 60], [129, 108, 56, 221, 177, 198, 67, 7, 255, 187,
72, 252, 67, 142, 63, 186, 192, 70, 221, 238, 219, 198, 162, 129, 60, 134, 167,
184, 16, 224, 133, 34], [245, 198, 229, 49, 10, 196, 20, 253, 144, 172, 176,
251, 104, 136, 63, 156, 62, 54, 119, 182, 226, 208, 19, 151, 145, 69, 91, 236,
78, 226, 115, 105], [1, 103, 53, 111, 143, 85, 185, 24, 241, 198, 133, 61, 77,
107, 102, 227, 223, 220, 51, 21, 227, 3, 216, 94, 237, 87, 233, 156, 115, 177,
66, 234], [9, 75, 99, 182, 218, 158, 224, 56, 42, 150, 90, 87, 36, 162, 189,
167, 248, 91, 102, 71, 1, 151, 47, 132, 250, 134, 100, 222, 230, 102, 231, 74],
[2, 176, 73, 138, 237, 216, 99, 42, 83, 6, 189, 37, 26, 96, 102, 57, 169, 197,
4, 195, 180, 181, 207, 201, 137, 244, 62, 8, 47, 35, 167, 69], [105, 144, 68,
176, 174, 103, 20, 190, 108, 36, 134, 104, 185, 196, 89, 70, 238, 235, 85, 12,
80, 193, 194, 67, 91, 207, 248, 48, 27, 171, 65, 224], [40, 79, 16, 197, 1, 77,
12, 68, 84, 218, 147, 168, 9, 212, 74, 191, 148, 29, 183, 190, 120, 194, 139,
151, 91, 119, 111, 53, 91, 113, 142, 153], [42, 215, 123, 86, 94, 123, 125, 42,
244, 185, 64, 0, 121, 104, 75, 113, 87, 240, 63, 175, 30, 10, 112, 225, 79, 48,
49, 237, 40, 25, 40, 29], [238, 40, 171, 200, 237, 47, 139, 153, 154, 226, 91,
35, 151, 242, 39, 120, 42, 49, 218, 202, 19, 131, 38, 165, 48, 236, 110, 47,
179, 134, 71, 156], [43, 151, 126, 210, 22, 74, 98, 36, 176, 39, 1, 83, 217, 72,
29, 186, 88, 214, 195, 208, 45, 203, 35, 73, 42, 128, 115, 101, 106, 151, 17,
87], [15, 171, 140, 199, 155, 94, 136, 12, 40, 195, 123, 110, 52, 22, 74, 169,
108, 152, 223, 230, 137, 185, 207, 69, 156, 154, 196, 254, 163, 57, 188, 27],
[102, 183, 149, 136, 75, 7, 121, 16, 102, 194, 122, 100, 198, 125, 153, 229, 34,
157, 166, 147, 212, 22, 124, 106, 138, 132, 150, 62, 175, 167, 17, 156], [210,
184, 14, 187, 156, 230, 51, 173, 73, 169, 204, 252, 197, 138, 199, 173, 51, 169,
171, 71, 65, 82, 154, 228, 36, 122, 59, 7, 232, 250, 28, 116], [208, 31, 206,
155, 215, 86, 99, 223, 135, 97, 130, 118, 37, 76, 157, 127, 68, 205, 13, 171,
157, 185, 146, 136, 202, 170, 15, 165, 198, 68, 49, 195], [133, 170, 250, 74,
32, 128, 108, 198, 130, 242, 195, 123, 132, 194, 53, 213, 197, 89, 31, 114, 71,
123, 46, 22, 228, 74, 41, 18, 204, 63, 185, 97], [65, 241, 196, 221, 209, 24,
48, 131, 180, 131, 150, 18, 157, 236, 87, 158, 155, 122, 230, 27, 207, 36, 183,
67, 207, 229, 155, 125, 85, 138, 38, 118], [147, 236, 230, 52, 11, 174, 76, 39,
49, 237, 38, 70, 129, 209, 112, 173, 146, 166, 178, 23, 23, 211, 11, 60, 78, 98,
70, 216, 83, 98, 227, 48], [134, 198, 2, 71, 112, 230, 199, 79, 55, 48, 222,
205, 157, 76, 18, 49, 24, 75, 61, 39, 98, 118, 95, 34, 88, 221, 207, 25, 92, 39,
246, 197], [217, 194, 211, 18, 67, 153, 142, 209, 87, 211, 152, 93, 214, 84,
114, 155, 237, 58, 109, 2, 227, 39, 115, 48, 9, 101, 104, 125, 168, 208, 92,
124], [17, 51, 191, 44, 253, 206, 151, 93, 80, 39, 235, 72, 116, 221, 200, 135,
200, 222, 135, 162, 193, 121, 194, 56, 146, 190, 14, 181, 238, 166, 219, 157],
[230, 173, 108, 154, 58, 59, 118, 88, 195, 91, 172, 246, 85, 63, 203, 143, 254,
52, 56, 117, 52, 166, 72, 254, 24, 248, 117, 184, 247, 168, 109, 219], [35, 118,
142, 5, 177, 10, 127, 3, 53, 211, 227, 90, 157, 48, 128, 92, 191, 178, 77, 226,
112, 213, 108, 195, 4, 77, 70, 165, 210, 123, 249, 233], [253, 33, 178, 68, 13,
177, 215, 149, 232, 81, 9, 52, 140, 178, 191, 88, 201, 45, 33, 124, 64, 35, 115,
22, 1, 94, 201, 132, 99, 179, 213, 41], [223, 132, 93, 140, 54, 150, 110, 96,
96, 1, 210, 186, 137, 236, 85, 100, 187, 252, 10, 42, 54, 15, 73, 51, 19, 91,
254, 67, 27, 110, 250, 57], [230, 156, 184, 53, 227, 55, 227, 196, 169, 14, 195,
204, 55, 183, 225, 126, 93, 253, 171, 209, 83, 20, 78, 174, 59, 124, 68, 32,
114, 240, 15, 63], [156, 83, 8, 239, 229, 36, 129, 249, 198, 211, 48, 177, 67,
86, 66, 18, 225, 214, 161, 19, 74, 71, 108, 26, 70, 12, 103, 34, 52, 37, 101,
114], [154, 198, 195, 226, 233, 241, 238, 174, 222, 184, 130, 157, 156, 49, 208,
28, 8, 250, 242, 177, 34, 120, 57, 31, 251, 112, 213, 233, 50, 222, 99, 96],
[251, 157, 15, 54, 148, 27, 11, 43, 12, 90, 107, 191, 122, 13, 13, 226, 89, 23,
205, 215, 122, 193, 29, 198, 40, 57, 139, 60, 156, 86, 175, 88], [137, 224, 195,
35, 99, 168, 136, 129, 117, 206, 159, 46, 136, 231, 212, 16, 182, 147, 178, 26,
24, 169, 140, 117, 93, 103, 29, 174, 122, 194, 165, 2], [31, 104, 185, 2, 116,
241, 187, 7, 95, 211, 66, 55, 138, 186, 17, 234, 128, 166, 140, 58, 225, 141,
28, 42, 116, 114, 150, 77, 214, 22, 37, 75], [64, 82, 127, 72, 159, 13, 14, 34,
188, 252, 24, 5, 219, 115, 175, 200, 95, 81, 160, 6, 113, 4, 70, 191, 241, 9,
255, 35, 1, 80, 239, 242], [159, 125, 157, 12, 244, 22, 177, 25, 241, 114, 132,
199, 156, 126, 92, 190, 180, 226, 73, 230, 47, 243, 78, 161, 183, 117, 108, 242,
42, 38, 118, 77], [139, 85, 219, 191, 10, 180, 63, 249, 73, 49, 66, 128, 229,
98, 28, 225, 87, 126, 171, 115, 233, 152, 103, 6, 32, 245, 11, 73, 237, 179,
186, 189], [25, 228, 250, 34, 142, 248, 9, 181, 82, 93, 59, 54, 201, 221, 93,
50, 34, 122, 33, 241, 235, 218, 151, 95, 56, 192, 109, 24, 168, 51, 171, 152],
[105, 165, 219, 212, 167, 218, 213, 230, 94, 175, 84, 2, 99, 209, 214, 232, 219,
25, 124, 41, 161, 18, 59, 149, 119, 20, 9, 191, 235, 53, 237, 92], [248, 171,
14, 79, 155, 1, 175, 179, 213, 32, 248, 57, 159, 86, 18, 102, 208, 202, 211,
117, 207, 209, 218, 220, 134, 194, 87, 110, 87, 163, 94, 141], [112, 142, 33,
239, 32, 118, 45, 185, 228, 187, 205, 97, 13, 10, 215, 89, 119, 106, 154, 141,
151, 102, 253, 141, 165, 39, 96, 215, 78, 108, 157, 118], [201, 46, 47, 181, 71,
212, 236, 139, 151, 57, 202, 62, 90, 172, 143, 40, 98, 37, 145, 214, 199, 119,
171, 143, 177, 3, 1, 228, 246, 91, 138, 242], [218, 225, 226, 88, 101, 118, 188,
248, 9, 209, 9, 253, 109, 196, 89, 43, 132, 205, 200, 148, 154, 56, 190, 31, 14,
32, 86, 47, 28, 178, 28, 71], [9, 35, 71, 225, 109, 29, 20, 213, 56, 211, 18,
40, 81, 239, 36, 143, 213, 211, 100, 242, 250, 142, 66, 23, 160, 48, 151, 79,
10, 193, 215, 25], [154, 77, 139, 64, 26, 69, 11, 24, 18, 144, 239, 139, 196,
133, 139, 51, 38, 217, 9, 94, 127, 52, 104, 222, 154, 154, 222, 73, 63, 172,
113, 240], [19, 64, 144, 112, 45, 84, 79, 249, 181, 252, 26, 123, 110, 201, 141,
99, 237, 109, 33, 41, 9, 173, 203, 170, 62, 209, 136, 45, 22, 105, 79, 198],
[156, 139, 138, 152, 46, 124, 253, 61, 124, 221, 254, 180, 226, 93, 50, 103, 6,
41, 146, 145, 72, 115, 148, 124, 117, 156, 239, 166, 207, 83, 92, 88], [39, 146,
61, 181, 249, 113, 115, 10, 244, 6, 241, 222, 143, 85, 97, 54, 196, 153, 151,
132, 59, 43, 163, 13, 190, 253, 8, 126, 38, 215, 83, 29], [61, 237, 94, 234,
240, 112, 53, 31, 40, 80, 99, 145, 39, 189, 105, 166, 127, 63, 226, 134, 129,
38, 182, 135, 56, 223, 5, 66, 65, 168, 97, 49], [151, 106, 162, 112, 4, 157,
146, 141, 129, 44, 39, 108, 214, 93, 63, 206, 229, 219, 12, 76, 224, 127, 199,
141, 209, 140, 132, 150, 43, 79, 70, 6], [129, 254, 24, 42, 41, 204, 78, 55,
207, 101, 188, 214, 228, 253, 154, 244, 232, 17, 93, 195, 47, 210, 162, 183, 96,
240, 119, 103, 163, 108, 232, 195], [238, 25, 203, 57, 120, 38, 116, 4, 226,
192, 124, 219, 12, 242, 43, 134, 122, 171, 189, 164, 134, 156, 133, 76, 21, 43,
163, 37, 220, 139, 229, 142], [27, 205, 29, 183, 121, 60, 180, 152, 214, 75, 9,
52, 109, 169, 101, 30, 76, 88, 124, 111, 144, 1, 119, 252, 56, 118, 141, 114,
248, 243, 69, 140], [156, 166, 244, 18, 69, 208, 33, 197, 135, 148, 48, 38, 183,
30, 236, 125, 157, 196, 136, 133, 71, 198, 197, 67, 228, 195, 91, 3, 159, 127,
122, 117], [55, 157, 181, 202, 195, 13, 217, 111, 169, 156, 63, 88, 116, 7, 154,
130, 204, 147, 24, 143, 127, 40, 242, 17, 2, 80, 142, 245, 151, 180, 196, 80],
[173, 169, 175, 63, 85, 141, 82, 223, 42, 153, 163, 95, 59, 115, 219, 55, 241,
193, 104, 144, 120, 109, 152, 220, 39, 41, 231, 131, 129, 0, 86, 209], [200,
217, 139, 9, 124, 253, 15, 184, 174, 90, 193, 248, 195, 142, 86, 191, 220, 180,
86, 174, 219, 113, 133, 55, 136, 196, 30, 96, 81, 215, 15, 52], [3, 183, 63, 77,
157, 46, 242, 213, 110, 173, 65, 103, 87, 4, 121, 2, 209, 8, 184, 181, 64, 106,
16, 53, 201, 93, 109, 20, 120, 212, 152, 208], [103, 163, 229, 62, 126, 126,
213, 64, 18, 162, 61, 116, 14, 1, 219, 64, 186, 71, 22, 88, 239, 122, 161, 201,
147, 82, 150, 198, 126, 190, 186, 193], [102, 124, 1, 125, 5, 94, 157, 87, 171,
51, 116, 169, 212, 155, 6, 30, 79, 93, 226, 194, 167, 103, 137, 107, 103, 213,
155, 93, 110, 238, 202, 51], [207, 34, 75, 252, 155, 5, 172, 110, 60, 6, 204,
231, 29, 79, 28, 160, 137, 230, 180, 231, 54, 91, 102, 87, 105, 78, 134, 242,
59, 155, 91, 31], [201, 23, 64, 177, 81, 30, 164, 246, 220, 156, 167, 209, 28,
153, 214, 197, 196, 221, 86, 103, 190, 174, 234, 255, 203, 43, 143, 30, 202, 88,
188, 175], [218, 50, 193, 195, 115, 234, 125, 52, 245, 9, 229, 138, 159, 63,
214, 39, 124, 252, 84, 132, 8, 31, 18, 77, 197, 182, 30, 46, 89, 40, 15, 12],
[152, 235, 117, 100, 64, 109, 215, 169, 33, 109, 209, 188, 136, 157, 49, 90,
101, 114, 61, 98, 64, 199, 123, 240, 132, 226, 142, 64, 32, 30, 135, 166], [37,
30, 32, 188, 228, 219, 121, 1, 15, 207, 202, 163, 187, 128, 211, 165, 42, 151,
35, 52, 189, 8, 110, 151, 154, 241, 186, 174, 159, 107, 99, 48], [156, 23, 55,
13, 149, 123, 103, 178, 49, 229, 253, 79, 148, 116, 150, 250, 84, 178, 135, 244,
246, 74, 23, 33, 81, 255, 245, 160, 187, 221, 201, 105], [189, 79, 134, 23, 126,
154, 207, 95, 17, 230, 187, 136, 220, 121, 170, 1, 173, 8, 215, 180, 214, 20,
119, 170, 20, 131, 219, 75, 225, 31, 55, 137], [50, 23, 76, 36, 204, 29, 95,
204, 23, 62, 223, 112, 143, 194, 103, 93, 153, 128, 112, 6, 34, 170, 26, 18, 58,
177, 123, 175, 19, 21, 195, 14], [80, 107, 214, 30, 231, 2, 201, 246, 119, 208,
105, 8, 186, 105, 92, 136, 149, 11, 128, 88, 44, 164, 107, 28, 156, 211, 246,
190, 116, 75, 90, 237], [150, 235, 199, 221, 84, 121, 58, 107, 110, 79, 124,
140, 115, 136, 41, 109, 96, 207, 185, 251, 208, 46, 197, 87, 146, 216, 60, 34,
141, 197, 167, 21], [42, 83, 200, 46, 219, 20, 188, 196, 167, 11, 89, 21, 154,
106, 214, 23, 189, 193, 171, 199, 122, 97, 191, 212, 67, 249, 107, 170, 232, 77,
87, 245], [23, 237, 56, 99, 95, 174, 155, 214, 122, 172, 102, 61, 135, 39, 198,
59, 200, 142, 89, 60, 127, 103, 196, 213, 232, 156, 137, 9, 203, 229, 212, 24],
[69, 42, 40, 62, 160, 177, 53, 15, 170, 64, 149, 57, 95, 123, 243, 32, 122, 150,
117, 98, 174, 7, 28, 29, 171, 190, 211, 104, 221, 245, 169, 191], [162, 130,
190, 72, 248, 169, 84, 230, 134, 30, 194, 141, 241, 188, 180, 87, 208, 41, 184,
16, 47, 38, 80, 74, 41, 80, 53, 246, 55, 250, 137, 154], [193, 199, 196, 19,
208, 153, 107, 240, 214, 113, 14, 187, 30, 114, 219, 206, 143, 106, 177, 132,
234, 182, 97, 35, 74, 94, 215, 178, 4, 183, 136, 60], [87, 238, 20, 246, 180,
95, 5, 157, 236, 254, 79, 167, 16, 8, 95, 242, 20, 122, 231, 253, 30, 139, 231,
104, 133, 118, 206, 112, 4, 11, 202, 96], [106, 234, 149, 170, 61, 163, 249, 89,
135, 140, 41, 196, 206, 206, 59, 89, 24, 222, 38, 113, 166, 1, 48, 33, 25, 1,
86, 171, 104, 244, 179, 227], [2, 80, 164, 95, 143, 144, 48, 209, 166, 112, 202,
244, 105, 240, 171, 156, 21, 126, 3, 181, 86, 172, 187, 65, 64, 105, 145, 71,
32, 47, 209, 227], [218, 221, 235, 216, 241, 5, 145, 159, 28, 129, 201, 91, 74,
8, 227, 143, 35, 171, 225, 178, 150, 0, 205, 255, 63, 52, 108, 29, 251, 140, 10,
143], [189, 26, 200, 107, 41, 147, 250, 229, 11, 252, 81, 252, 112, 91, 196, 99,
33, 129, 11, 112, 73, 180, 28, 211, 219, 246, 40, 234, 255, 222, 200, 133],
[197, 70, 37, 234, 133, 35, 150, 45, 205, 229, 98, 22, 40, 190, 5, 107, 116, 37,
248, 157, 117, 131, 96, 226, 39, 39, 21, 77, 87, 139, 139, 226], [196, 201, 251,
78, 121, 108, 25, 109, 192, 77, 53, 53, 200, 183, 25, 203, 66, 201, 244, 210,
228, 11, 203, 44, 103, 91, 163, 94, 191, 0, 158, 163], [107, 191, 47, 231, 43,
166, 56, 148, 96, 228, 77, 246, 34, 34, 1, 29, 98, 204, 249, 243, 99, 221, 187,
191, 99, 157, 71, 201, 42, 122, 27, 31], [20, 204, 139, 63, 99, 6, 254, 123, 29,
168, 81, 92, 66, 57, 159, 201, 216, 200, 37, 97, 164, 48, 34, 237, 179, 27, 71,
176, 202, 208, 90, 218], [81, 201, 99, 246, 59, 168, 205, 65, 35, 217, 235, 230,
157, 47, 28, 120, 255, 164, 128, 158, 204, 28, 213, 216, 238, 88, 115, 50, 72,
244, 25, 109], [197, 28, 53, 91, 236, 26, 96, 126, 109, 83, 224, 128, 144, 18,
78, 168, 211, 187, 231, 82, 181, 252, 163, 134, 131, 14, 18, 76, 83, 180, 217,
14], [33, 190, 185, 119, 197, 184, 157, 131, 179, 80, 225, 106, 66, 154, 197,
235, 197, 121, 15, 174, 215, 41, 33, 158, 245, 36, 48, 77, 36, 179, 204, 227],
[46, 63, 226, 186, 81, 148, 246, 218, 235, 97, 246, 44, 27, 226, 19, 29, 172,
137, 0, 156, 76, 52, 250, 96, 70, 197, 2, 6, 227, 112, 36, 163], [226, 93, 32,
132, 207, 111, 54, 31, 221, 110, 157, 29, 140, 23, 14, 250, 120, 245, 158, 37,
120, 13, 11, 124, 86, 174, 226, 139, 193, 198, 254, 215], [47, 176, 102, 137,
205, 169, 16, 62, 203, 53, 144, 24, 22, 55, 71, 52, 68, 196, 19, 193, 125, 88,
106, 201, 142, 10, 25, 89, 68, 15, 175, 222], [11, 173, 84, 97, 173, 66, 102,
185, 86, 150, 111, 124, 107, 185, 186, 137, 179, 114, 187, 133, 124, 73, 5, 132,
41, 126, 4, 59, 94, 102, 139, 219], [211, 63, 240, 21, 12, 0, 22, 218, 47, 169,
212, 215, 119, 22, 55, 156, 36, 133, 168, 183, 242, 103, 136, 182, 95, 54, 214,
103, 91, 13, 229, 18], [150, 184, 20, 30, 209, 137, 134, 237, 151, 6, 60, 209,
104, 52, 191, 235, 138, 159, 20, 127, 216, 115, 75, 92, 187, 151, 88, 135, 44,
246, 172, 52], [61, 42, 218, 14, 188, 34, 101, 181, 80, 238, 252, 75, 92, 115,
109, 119, 147, 199, 107, 46, 194, 3, 100, 170, 76, 122, 112, 191, 136, 164, 87,
30], [189, 42, 205, 240, 202, 18, 61, 179, 46, 178, 135, 169, 170, 79, 198, 78,
224, 197, 231, 80, 54, 200, 212, 211, 238, 135, 24, 209, 178, 96, 145, 102],
[154, 146, 168, 216, 14, 252, 56, 30, 124, 30, 82, 100, 71, 199, 183, 235, 101,
239, 233, 19, 213, 1, 180, 130, 228, 182, 192, 88, 119, 111, 114, 40], [161,
203, 7, 193, 217, 2, 5, 229, 68, 252, 30, 67, 98, 101, 3, 168, 155, 49, 93, 124,
211, 249, 130, 159, 247, 12, 123, 189, 144, 209, 120, 76], [10, 199, 200, 67,
101, 50, 116, 11, 132, 194, 7, 95, 180, 215, 75, 231, 86, 210, 197, 116, 234,
132, 176, 72, 33, 192, 180, 16, 243, 191, 163, 13], [104, 76, 24, 170, 178, 6,
242, 119, 181, 233, 32, 165, 167, 246, 120, 77, 65, 233, 225, 55, 36, 33, 171,
204, 121, 245, 60, 13, 95, 64, 2, 174], [211, 19, 128, 180, 61, 14, 212, 17,
119, 165, 155, 163, 48, 88, 163, 72, 207, 65, 34, 44, 181, 164, 85, 120, 196,
65, 138, 76, 164, 108, 189, 73], [114, 74, 206, 84, 124, 87, 153, 94, 188, 205,
133, 159, 8, 28, 18, 41, 74, 212, 161, 13, 34, 109, 207, 108, 129, 220, 71, 96,
248, 213, 252, 9], [198, 59, 172, 200, 116, 143, 18, 21, 218, 111, 161, 218,
113, 167, 44, 45, 99, 213, 148, 140, 188, 16, 75, 142, 220, 99, 127, 14, 101,
202, 209, 72], [248, 93, 189, 153, 68, 183, 153, 75, 160, 125, 201, 169, 180,
157, 102, 244, 29, 189, 232, 37, 84, 176, 176, 176, 75, 15, 255, 181, 21, 238,
68, 11], [187, 8, 79, 14, 56, 173, 146, 35, 240, 181, 113, 187, 94, 210, 14, 30,
251, 177, 177, 63, 230, 143, 243, 101, 72, 163, 140, 117, 248, 82, 154, 248],
[205, 20, 167, 22, 66, 1, 175, 128, 37, 40, 176, 84, 93, 198, 85, 59, 47, 43,
205, 70, 4, 77, 219, 91, 94, 239, 177, 199, 84, 190, 31, 231], [87, 74, 175, 80,
89, 215, 114, 168, 49, 32, 132, 188, 13, 41, 40, 209, 122, 179, 201, 226, 166,
173, 16, 135, 160, 19, 201, 45, 243, 195, 254, 59], [132, 100, 112, 109, 132,
177, 62, 197, 54, 176, 250, 63, 223, 20, 79, 186, 249, 156, 119, 65, 227, 139,
62, 50, 64, 193, 128, 174, 14, 221, 185, 114], [229, 157, 174, 9, 82, 223, 135,
245, 213, 142, 56, 106, 226, 85, 220, 138, 161, 34, 146, 167, 97, 3, 191, 143,
130, 48, 199, 102, 146, 125, 77, 213], [154, 11, 198, 10, 226, 223, 34, 31, 176,
177, 61, 125, 15, 55, 148, 253, 223, 231, 163, 255, 166, 79, 41, 13, 227, 252,
42, 184, 98, 222, 99, 148], [209, 207, 141, 234, 231, 29, 194, 50, 109, 11, 136,
176, 98, 190, 235, 169, 49, 26, 74, 217, 54, 237, 33, 109, 20, 20, 250, 19, 230,
88, 141, 169], [135, 82, 8, 96, 32, 67, 91, 4, 32, 210, 129, 190, 199, 202, 14,
6, 230, 228, 35, 149, 104, 234, 87, 161, 140, 114, 219, 163, 127, 9, 78, 54],
[217, 0, 147, 8, 218, 77, 223, 169, 158, 98, 190, 130, 136, 65, 218, 207, 29,
226, 61, 164, 151, 168, 120, 23, 46, 185, 16, 3, 109, 251, 154, 89], [3, 62,
248, 11, 93, 184, 36, 130, 6, 24, 14, 93, 116, 178, 241, 155, 183, 81, 46, 82,
4, 35, 50, 75, 39, 217, 120, 233, 194, 78, 183, 134], [73, 89, 114, 73, 54, 181,
79, 178, 2, 107, 9, 232, 169, 107, 222, 87, 15, 59, 169, 5, 167, 220, 66, 240,
77, 251, 82, 72, 245, 188, 69, 22], [67, 2, 91, 70, 175, 230, 27, 198, 1, 196,
137, 207, 60, 126, 68, 154, 60, 207, 180, 194, 183, 152, 85, 63, 10, 6, 100, 43,
158, 38, 11, 109], [61, 133, 148, 105, 111, 78, 237, 102, 240, 45, 179, 195,
138, 73, 40, 143, 209, 78, 203, 16, 17, 107, 186, 38, 75, 88, 109, 74, 137, 235,
145, 35], [105, 48, 103, 59, 233, 89, 97, 103, 60, 13, 248, 37, 126, 139, 7, 58,
182, 51, 146, 67, 61, 81, 231, 114, 28, 221, 91, 122, 128, 182, 104, 248], [47,
243, 138, 105, 43, 56, 233, 229, 221, 72, 98, 181, 154, 28, 99, 101, 22, 66, 30,
137, 111, 189, 129, 178, 107, 223, 80, 229, 32, 137, 151, 20], [149, 206, 181,
183, 94, 230, 73, 25, 14, 105, 143, 173, 55, 211, 230, 207, 149, 195, 123, 54,
211, 163, 37, 53, 14, 32, 99, 56, 223, 241, 97, 114], [137, 89, 84, 210, 6, 117,
239, 154, 139, 44, 88, 46, 127, 247, 203, 76, 60, 161, 57, 187, 189, 242, 185,
238, 121, 11, 184, 152, 236, 146, 50, 181], [248, 47, 168, 57, 246, 180, 111,
216, 78, 220, 86, 224, 28, 247, 200, 198, 212, 250, 170, 33, 144, 83, 74, 255,
92, 29, 23, 9, 95, 10, 60, 19], [171, 84, 3, 110, 24, 233, 128, 57, 83, 1, 51,
39, 76, 118, 9, 27, 48, 61, 128, 243, 47, 189, 3, 176, 116, 62, 192, 20, 1, 198,
246, 237], [91, 89, 236, 183, 231, 120, 26, 100, 247, 29, 135, 238, 187, 234,
163, 109, 148, 212, 54, 11, 108, 112, 109, 153, 89, 3, 252, 147, 191, 144, 57,
186], [40, 159, 60, 225, 107, 111, 95, 71, 186, 9, 104, 41, 225, 26, 83, 60,
155, 174, 206, 163, 224, 200, 186, 37, 190, 19, 32, 197, 72, 204, 155, 26],
[203, 6, 105, 167, 39, 200, 207, 50, 79, 179, 69, 194, 241, 245, 98, 36, 13,
105, 36, 68, 155, 213, 250, 148, 235, 252, 211, 105, 128, 98, 28, 8], [121, 174,
22, 48, 46, 134, 123, 69, 103, 10, 56, 78, 96, 185, 65, 160, 220, 65, 73, 57,
174, 219, 86, 168, 198, 91, 33, 172, 113, 191, 225, 223], [92, 240, 235, 76,
193, 17, 118, 164, 166, 219, 48, 236, 249, 112, 187, 67, 28, 96, 77, 53, 4, 89,
83, 135, 47, 51, 201, 210, 183, 246, 74, 132], [250, 56, 35, 31, 5, 219, 97,
103, 226, 87, 15, 156, 13, 118, 162, 33, 202, 229, 223, 63, 60, 144, 234, 69,
180, 178, 182, 156, 100, 15, 141, 96], [235, 37, 95, 99, 120, 218, 238, 186,
141, 103, 208, 12, 134, 21, 69, 22, 225, 216, 37, 121, 183, 62, 162, 112, 235,
151, 176, 13, 125, 205, 3, 209], [226, 242, 205, 215, 179, 172, 53, 101, 56,
126, 61, 226, 168, 151, 240, 203, 173, 89, 169, 207, 202, 105, 139, 22, 149, 16,
228, 49, 145, 244, 212, 134], [1, 56, 68, 255, 141, 91, 0, 41, 188, 172, 185,
78, 84, 26, 72, 93, 198, 221, 42, 22, 161, 93, 7, 184, 73, 78, 197, 166, 254,
49, 180, 113], [185, 244, 25, 183, 232, 242, 49, 191, 197, 171, 143, 83, 140,
77, 8, 85, 252, 234, 101, 182, 221, 192, 27, 252, 140, 231, 168, 211, 23, 247,
97, 54], [197, 41, 0, 49, 105, 13, 112, 188, 249, 55, 138, 54, 50, 212, 182, 36,
212, 38, 115, 103, 118, 208, 107, 240, 48, 3, 69, 208, 62, 35, 206, 118], [59,
88, 138, 218, 143, 82, 7, 50, 188, 130, 205, 202, 223, 61, 129, 66, 156, 254,
145, 235, 108, 69, 11, 72, 19, 250, 35, 131, 35, 102, 221, 17], [227, 187, 82,
60, 207, 248, 248, 21, 144, 133, 44, 113, 0, 88, 34, 45, 128, 111, 240, 128,
147, 65, 66, 236, 141, 120, 70, 179, 19, 224, 151, 235], [247, 82, 110, 25, 240,
168, 36, 173, 142, 183, 121, 136, 96, 97, 190, 121, 68, 211, 242, 48, 129, 75,
174, 238, 193, 16, 74, 249, 1, 87, 14, 8], [40, 94, 21, 214, 116, 76, 24, 179,
45, 88, 36, 147, 70, 202, 159, 243, 41, 152, 47, 69, 119, 39, 143, 235, 92, 241,
55, 141, 7, 60, 21, 82], [67, 110, 236, 105, 252, 247, 58, 166, 89, 83, 155,
227, 209, 133, 9, 153, 140, 114, 169, 94, 82, 217, 65, 13, 147, 136, 239, 140,
217, 19, 48, 112], [39, 180, 247, 8, 92, 178, 117, 234, 18, 192, 146, 129, 62,
143, 7, 248, 189, 53, 141, 192, 113, 223, 146, 150, 144, 189, 133, 148, 242, 6,
227, 167], [56, 53, 38, 178, 191, 188, 151, 192, 5, 14, 24, 76, 204, 70, 235,
85, 73, 125, 235, 135, 24, 168, 122, 70, 43, 98, 1, 76, 192, 132, 189, 232],
[222, 178, 78, 125, 99, 71, 71, 127, 254, 130, 171, 186, 2, 223, 151, 197, 154,
221, 56, 54, 184, 85, 142, 4, 70, 167, 97, 56, 93, 168, 144, 29], [228, 92, 162,
6, 252, 224, 217, 231, 143, 45, 250, 177, 74, 136, 173, 27, 175, 35, 111, 134,
253, 143, 39, 28, 101, 233, 123, 246, 16, 203, 213, 33], [150, 55, 6, 72, 48,
237, 249, 148, 231, 154, 17, 114, 221, 68, 10, 99, 156, 192, 127, 192, 230, 106,
12, 47, 249, 174, 54, 19, 124, 164, 201, 79], [118, 210, 36, 28, 115, 198, 189,
93, 226, 40, 189, 16, 158, 14, 141, 68, 229, 172, 241, 63, 38, 21, 52, 43, 220,
23, 190, 85, 125, 251, 11, 199], [91, 98, 221, 103, 146, 64, 84, 21, 121, 37,
80, 249, 4, 59, 36, 38, 93, 193, 100, 230, 69, 141, 16, 31, 152, 80, 70, 78,
205, 103, 166, 130], [220, 150, 132, 195, 205, 46, 7, 21, 177, 241, 81, 253,
166, 215, 254, 190, 58, 212, 234, 6, 140, 191, 248, 105, 105, 99, 26, 223, 51,
127, 244, 245], [71, 168, 29, 12, 140, 202, 187, 144, 57, 241, 213, 102, 117,
100, 252, 126, 4, 128, 130, 136, 120, 11, 184, 35, 245, 238, 36, 101, 72, 110,
17, 8], [209, 253, 100, 215, 28, 137, 115, 196, 159, 230, 205, 239, 54, 64, 109,
24, 30, 194, 198, 216, 192, 197, 211, 138, 239, 25, 109, 193, 159, 124, 81,
133], [232, 207, 28, 100, 252, 185, 67, 44, 240, 17, 198, 187, 227, 30, 176,
136, 133, 45, 137, 20, 28, 53, 38, 221, 226, 16, 87, 13, 6, 103, 202, 111],
[209, 92, 88, 221, 247, 191, 65, 211, 191, 63, 218, 5, 111, 108, 0, 189, 252,
133, 165, 125, 18, 150, 255, 53, 8, 202, 240, 218, 137, 207, 203, 118], [174, 3,
116, 205, 248, 40, 151, 144, 7, 53, 101, 22, 142, 74, 50, 2, 80, 163, 38, 255,
173, 178, 34, 164, 100, 18, 96, 161, 164, 131, 219, 168], [184, 134, 34, 8, 161,
109, 48, 122, 30, 43, 58, 93, 242, 180, 74, 99, 18, 107, 186, 124, 210, 12, 152,
92, 67, 97, 53, 173, 136, 210, 199, 53], [48, 224, 96, 56, 251, 24, 167, 207,
218, 104, 141, 123, 254, 141, 225, 202, 143, 238, 96, 2, 197, 180, 164, 152,
230, 153, 58, 53, 146, 232, 136, 147], [172, 34, 52, 228, 64, 186, 75, 234, 187,
33, 167, 181, 29, 208, 126, 107, 235, 6, 25, 149, 98, 70, 174, 212, 91, 208,
176, 82, 57, 150, 138, 110], [56, 21, 38, 37, 219, 100, 251, 96, 111, 195, 53,
22, 196, 216, 71, 114, 73, 56, 89, 208, 56, 179, 159, 27, 116, 102, 121, 163,
44, 167, 176, 14], [5, 236, 183, 226, 152, 68, 73, 26, 135, 29, 240, 55, 14, 13,
91, 38, 19, 36, 57, 60, 86, 141, 133, 25, 101, 207, 211, 253, 177, 71, 251,
201], [253, 232, 206, 111, 200, 219, 151, 111, 27, 180, 154, 219, 106, 29, 120,
122, 136, 98, 159, 50, 102, 208, 203, 46, 129, 41, 59, 20, 125, 229, 112, 233],
[217, 218, 154, 191, 20, 22, 19, 30, 75, 231, 244, 226, 128, 57, 80, 114, 197,
115, 75, 65, 151, 209, 186, 170, 197, 229, 242, 163, 37, 253, 159, 158], [78,
103, 82, 47, 52, 23, 185, 84, 166, 158, 79, 34, 104, 25, 66, 213, 152, 85, 73,
19, 108, 153, 142, 13, 193, 124, 91, 52, 200, 109, 82, 17], [242, 184, 80, 171,
86, 241, 90, 213, 64, 91, 170, 183, 55, 45, 96, 110, 189, 95, 21, 215, 80, 8,
164, 149, 97, 208, 28, 155, 74, 35, 92, 123], [57, 228, 96, 11, 245, 250, 224,
145, 224, 141, 60, 171, 221, 98, 120, 53, 87, 48, 3, 54, 228, 58, 237, 234, 18,
217, 60, 188, 77, 149, 97, 67], [152, 7, 47, 168, 6, 116, 21, 196, 25, 158, 231,
40, 199, 169, 221, 171, 238, 153, 27, 140, 16, 243, 19, 77, 82, 82, 182, 127,
134, 83, 110, 196], [12, 8, 38, 133, 104, 175, 25, 139, 118, 178, 220, 117, 10,
212, 77, 212, 115, 178, 114, 225, 233, 101, 91, 2, 175, 2, 87, 47, 188, 56, 165,
206], [238, 23, 177, 154, 233, 46, 69, 118, 21, 109, 10, 155, 219, 243, 72, 210,
163, 87, 134, 96, 20, 105, 192, 44, 76, 143, 243, 94, 152, 90, 254, 127], [82,
54, 199, 170, 88, 107, 96, 157, 72, 78, 85, 90, 108, 26, 154, 246, 38, 70, 57,
30, 88, 61, 26, 141, 168, 10, 89, 243, 60, 179, 78, 36], [43, 30, 15, 79, 228,
124, 255, 195, 36, 110, 27, 133, 60, 0, 59, 62, 146, 190, 10, 234, 221, 201,
207, 102, 129, 112, 19, 213, 176, 245, 124, 245], [53, 69, 31, 47, 124, 65, 220,
3, 77, 237, 121, 17, 156, 235, 83, 201, 132, 26, 57, 236, 154, 149, 117, 173,
133, 149, 236, 226, 88, 9, 165, 139], [77, 127, 201, 23, 92, 255, 43, 40, 174,
65, 210, 8, 85, 148, 84, 136, 194, 195, 83, 85, 236, 243, 212, 55, 84, 0, 104,
23, 184, 99, 158, 3], [135, 135, 168, 50, 242, 195, 35, 169, 117, 38, 7, 146,
48, 156, 226, 96, 0, 153, 51, 77, 168, 28, 182, 167, 23, 199, 194, 56, 212, 251,
21, 121], [122, 48, 243, 121, 197, 250, 96, 86, 12, 137, 15, 9, 199, 170, 142,
63, 39, 84, 119, 228, 2, 65, 169, 96, 80, 219, 111, 27, 150, 137, 134, 226],
[135, 181, 113, 35, 170, 144, 152, 130, 138, 102, 153, 111, 159, 152, 92, 136,
146, 95, 48, 36, 99, 7, 123, 87, 143, 211, 134, 208, 166, 128, 113, 91], [222,
142, 213, 24, 100, 24, 44, 82, 204, 2, 5, 205, 14, 197, 95, 162, 54, 164, 140,
43, 206, 142, 153, 148, 198, 154, 180, 74, 227, 30, 187, 94], [54, 216, 185, 85,
207, 83, 45, 70, 12, 6, 245, 35, 96, 205, 59, 170, 229, 59, 186, 58, 139, 101,
182, 173, 15, 242, 47, 157, 18, 4, 155, 38], [101, 235, 145, 100, 5, 77, 124,
25, 251, 70, 230, 126, 39, 63, 221, 241, 254, 210, 116, 170, 218, 229, 85, 238,
59, 6, 235, 155, 244, 177, 40, 220], [200, 22, 108, 3, 166, 242, 4, 127, 51,
253, 135, 216, 99, 109, 244, 118, 47, 171, 157, 115, 196, 65, 27, 12, 191, 10,
233, 171, 186, 29, 130, 150], [82, 193, 43, 163, 169, 36, 31, 249, 102, 252,
238, 93, 112, 79, 232, 228, 120, 6, 196, 180, 71, 12, 168, 130, 177, 181, 102,
34, 230, 126, 138, 38], [130, 41, 93, 15, 6, 103, 105, 129, 76, 78, 61, 232,
149, 87, 241, 76, 41, 43, 242, 95, 151, 218, 107, 22, 127, 248, 128, 84, 21,
226, 86, 142], [72, 150, 67, 227, 206, 116, 82, 0, 41, 250, 72, 92, 150, 93,
125, 172, 96, 91, 226, 80, 71, 226, 73, 84, 244, 75, 43, 203, 115, 233, 38, 16],
[86, 47, 162, 73, 51, 16, 12, 163, 10, 184, 177, 201, 38, 136, 79, 229, 212,
201, 142, 142, 42, 18, 115, 119, 18, 80, 137, 86, 189, 77, 221, 112], [221, 200,
134, 46, 61, 213, 79, 109, 3, 255, 14, 40, 66, 17, 95, 140, 176, 182, 192, 105,
229, 84, 250, 15, 219, 15, 78, 231, 127, 5, 12, 78], [162, 154, 133, 223, 249,
193, 150, 250, 187, 184, 163, 37, 196, 13, 9, 155, 187, 233, 87, 250, 168, 105,
224, 241, 88, 53, 234, 25, 242, 127, 133, 171], [204, 159, 187, 56, 52, 16, 127,
60, 90, 136, 78, 30, 206, 153, 54, 181, 77, 109, 183, 45, 85, 112, 253, 221, 2,
176, 238, 145, 7, 143, 176, 65], [195, 249, 220, 201, 196, 169, 74, 253, 22,
244, 133, 180, 8, 71, 144, 87, 52, 210, 100, 133, 34, 228, 188, 236, 85, 125,
211, 220, 172, 113, 196, 134], [14, 101, 195, 122, 41, 217, 184, 44, 122, 52,
75, 121, 110, 183, 107, 129, 144, 95, 27, 36, 248, 140, 54, 132, 17, 47, 164,
223, 4, 189, 94, 233], [35, 184, 196, 153, 226, 118, 59, 5, 53, 62, 143, 186,
230, 150, 4, 159, 255, 138, 104, 177, 17, 86, 71, 10, 24, 233, 107, 190, 206,
238, 158, 247], [17, 129, 35, 21, 238, 24, 128, 92, 208, 176, 216, 4, 231, 227,
14, 106, 239, 167, 126, 124, 78, 168, 17, 158, 187, 115, 207, 54, 128, 217, 149,
163], [3, 135, 234, 150, 28, 98, 3, 22, 67, 104, 162, 207, 94, 89, 211, 202, 73,
230, 191, 54, 125, 89, 194, 170, 143, 195, 39, 225, 241, 148, 141, 122], [245,
220, 84, 163, 112, 221, 187, 42, 30, 54, 125, 212, 43, 74, 130, 190, 123, 255,
33, 54, 185, 186, 248, 88, 41, 126, 144, 222, 52, 71, 249, 236], [16, 70, 67,
185, 109, 27, 253, 101, 159, 4, 65, 237, 190, 222, 242, 32, 73, 215, 43, 236,
22, 89, 36, 211, 85, 236, 213, 245, 152, 229, 192, 177], [140, 95, 170, 11, 179,
166, 141, 221, 83, 235, 130, 196, 24, 141, 115, 202, 123, 167, 104, 222, 181,
113, 78, 153, 134, 166, 207, 103, 41, 219, 179, 221], [71, 80, 102, 156, 239,
92, 75, 78, 233, 107, 137, 17, 168, 182, 63, 246, 156, 66, 195, 86, 124, 121,
91, 40, 24, 66, 142, 179, 251, 23, 142, 232], [238, 141, 51, 50, 184, 153, 72,
35, 96, 59, 33, 180, 206, 112, 212, 199, 30, 161, 103, 129, 244, 52, 41, 162,
174, 108, 16, 53, 117, 70, 246, 225], [187, 88, 97, 49, 181, 122, 245, 253, 147,
208, 223, 219, 85, 233, 182, 122, 244, 51, 14, 66, 171, 170, 190, 104, 14, 45,
53, 24, 75, 157, 145, 134], [179, 84, 208, 22, 172, 138, 127, 108, 208, 17, 228,
74, 205, 64, 157, 117, 171, 175, 30, 178, 221, 184, 8, 195, 246, 28, 66, 137,
167, 36, 57, 18], [110, 162, 129, 65, 204, 147, 99, 136, 114, 191, 109, 76, 210,
223, 63, 152, 213, 147, 91, 149, 150, 125, 34, 212, 70, 110, 156, 169, 6, 237,
71, 167], [157, 28, 176, 241, 201, 244, 230, 48, 67, 44, 245, 109, 48, 228, 54,
157, 173, 85, 237, 201, 51, 180, 79, 104, 24, 42, 183, 184, 153, 140, 115, 240],
[223, 13, 196, 2, 79, 87, 14, 77, 190, 238, 109, 40, 141, 224, 197, 29, 105, 52,
210, 7, 101, 167, 152, 196, 103, 118, 132, 237, 195, 219, 221, 249], [111, 60,
130, 87, 238, 209, 183, 156, 52, 38, 210, 128, 228, 20, 161, 52, 131, 29, 11,
224, 228, 163, 47, 225, 205, 127, 253, 45, 200, 252, 138, 171], [55, 216, 246,
69, 185, 19, 81, 117, 161, 17, 96, 74, 63, 228, 181, 97, 201, 151, 45, 171, 227,
245, 59, 102, 91, 75, 112, 49, 41, 71, 216, 174], [99, 194, 155, 2, 89, 35, 212,
66, 249, 89, 108, 119, 67, 135, 232, 231, 224, 189, 200, 207, 63, 145, 238, 47,
241, 91, 70, 219, 88, 183, 79, 82], [137, 116, 96, 59, 13, 105, 148, 254, 14,
98, 122, 67, 195, 206, 227, 210, 112, 3, 186, 6, 123, 83, 118, 90, 225, 2, 53,
74, 109, 130, 39, 26], [21, 178, 100, 61, 166, 237, 10, 217, 136, 25, 121, 36,
71, 176, 111, 170, 178, 238, 196, 21, 44, 145, 47, 110, 44, 244, 60, 83, 229,
100, 215, 1], [108, 37, 238, 56, 122, 112, 2, 45, 142, 169, 100, 23, 107, 29,
63, 133, 242, 162, 20, 170, 252, 183, 102, 193, 143, 170, 123, 90, 12, 76, 47,
32], [2, 81, 114, 81, 83, 47, 13, 86, 142, 18, 14, 156, 195, 12, 17, 94, 156,
53, 156, 112, 178, 165, 195, 195, 248, 240, 77, 121, 27, 225, 213, 219], [60,
34, 138, 172, 136, 133, 19, 121, 73, 123, 10, 255, 56, 108, 51, 16, 141, 116,
140, 178, 18, 171, 43, 10, 229, 240, 122, 78, 250, 249, 201, 194], [20, 5, 7,
216, 23, 24, 78, 70, 13, 83, 22, 162, 204, 189, 99, 242, 178, 166, 191, 118,
117, 10, 74, 38, 21, 28, 197, 249, 118, 39, 0, 249], [187, 88, 185, 92, 29, 12,
190, 139, 216, 182, 227, 106, 79, 11, 253, 137, 206, 216, 193, 236, 53, 254, 71,
157, 141, 114, 161, 124, 19, 127, 87, 122], [19, 172, 52, 167, 172, 142, 220,
237, 151, 51, 220, 220, 211, 48, 246, 133, 98, 53, 143, 28, 191, 212, 146, 102,
255, 204, 224, 177, 173, 193, 139, 245], [159, 76, 37, 237, 252, 180, 205, 96,
240, 4, 124, 68, 118, 130, 166, 121, 245, 101, 21, 69, 227, 250, 35, 128, 71,
221, 125, 244, 214, 112, 112, 171], [203, 139, 64, 11, 85, 64, 252, 175, 255,
185, 161, 41, 112, 93, 233, 237, 2, 84, 254, 138, 199, 156, 59, 69, 93, 240, 7,
240, 37, 171, 119, 242], [6, 239, 99, 9, 219, 39, 247, 182, 139, 137, 168, 221,
36, 135, 31, 9, 146, 82, 224, 153, 159, 83, 34, 216, 148, 45, 138, 131, 97, 45,
162, 72], [154, 94, 90, 97, 83, 24, 114, 173, 238, 46, 207, 211, 196, 230, 9,
54, 31, 42, 124, 27, 159, 179, 74, 4, 89, 150, 119, 3, 76, 17, 76, 130], [89,
175, 246, 80, 218, 64, 243, 95, 237, 87, 237, 199, 121, 225, 252, 175, 72, 155,
165, 120, 8, 236, 87, 74, 28, 237, 119, 121, 255, 242, 188, 212], [87, 190, 112,
3, 26, 233, 130, 64, 147, 216, 137, 191, 162, 30, 237, 95, 103, 143, 51, 124,
103, 241, 103, 43, 239, 60, 216, 120, 156, 25, 28, 128], [96, 30, 150, 29, 170,
233, 147, 134, 211, 141, 101, 47, 47, 111, 125, 204, 108, 41, 117, 177, 239, 25,
76, 168, 68, 233, 51, 158, 28, 189, 242, 234], [97, 118, 38, 152, 122, 90, 109,
39, 118, 155, 103, 102, 141, 140, 195, 5, 120, 120, 25, 72, 198, 173, 221, 2,
120, 192, 51, 112, 46, 84, 26, 102], [183, 238, 60, 46, 231, 192, 93, 118, 114,
180, 148, 122, 43, 171, 195, 208, 217, 8, 186, 5, 213, 19, 204, 10, 115, 116,
12, 162, 203, 113, 124, 100], [133, 200, 179, 119, 1, 199, 155, 138, 142, 180,
173, 103, 67, 117, 189, 18, 225, 163, 186, 217, 122, 196, 60, 245, 130, 36, 163,
45, 83, 140, 218, 119], [141, 25, 168, 201, 95, 81, 156, 137, 93, 86, 67, 153,
102, 198, 242, 218, 203, 6, 133, 210, 155, 49, 248, 244, 222, 177, 31, 185, 187,
142, 112, 37], [179, 196, 243, 150, 214, 239, 46, 180, 92, 157, 88, 130, 26,
106, 0, 28, 23, 67, 128, 173, 167, 216, 86, 31, 23, 18, 211, 102, 148, 181, 92,
39], [19, 138, 208, 40, 246, 33, 246, 36, 67, 223, 78, 22, 150, 96, 147, 139,
10, 11, 137, 70, 169, 250, 130, 25, 98, 100, 123, 96, 13, 32, 239, 110], [151,
116, 123, 148, 85, 195, 93, 168, 99, 28, 165, 223, 234, 225, 2, 119, 19, 237,
164, 252, 117, 116, 250, 13, 127, 249, 3, 56, 128, 196, 141, 199], [20, 168,
135, 124, 122, 217, 5, 82, 109, 202, 249, 164, 134, 103, 131, 42, 147, 96, 172,
121, 55, 245, 158, 29, 185, 153, 116, 62, 223, 164, 43, 118], [201, 239, 87,
125, 220, 81, 98, 69, 252, 76, 194, 11, 171, 11, 174, 209, 61, 225, 59, 201,
121, 88, 78, 49, 216, 172, 65, 48, 147, 76, 182, 253], [120, 163, 126, 60, 62,
186, 103, 251, 153, 104, 40, 203, 127, 170, 175, 181, 0, 191, 96, 45, 243, 166,
179, 156, 82, 222, 206, 160, 18, 180, 241, 4], [153, 194, 3, 252, 147, 38, 40,
88, 65, 224, 165, 253, 51, 244, 158, 42, 191, 10, 231, 55, 15, 138, 159, 119,
107, 107, 146, 61, 154, 92, 205, 175], [18, 31, 236, 71, 196, 14, 185, 133, 77,
65, 143, 221, 62, 100, 25, 83, 103, 138, 218, 176, 239, 226, 185, 65, 30, 207,
134, 200, 35, 32, 244, 57], [34, 37, 101, 182, 178, 122, 114, 244, 214, 163,
218, 67, 179, 115, 180, 142, 109, 106, 23, 169, 72, 173, 51, 23, 3, 94, 63, 217,
177, 223, 188, 138], [17, 196, 59, 22, 159, 131, 79, 131, 227, 87, 59, 152, 173,
211, 68, 164, 183, 87, 42, 1, 162, 200, 188, 61, 185, 18, 142, 211, 146, 237,
173, 13], [118, 16, 45, 58, 25, 57, 218, 184, 75, 161, 119, 243, 234, 70, 31,
141, 224, 235, 21, 154, 18, 2, 181, 42, 22, 67, 88, 202, 2, 207, 228, 84], [78,
231, 202, 86, 163, 194, 123, 205, 149, 167, 16, 117, 20, 180, 13, 226, 185, 190,
141, 104, 76, 78, 251, 6, 224, 91, 144, 78, 195, 235, 254, 91], [88, 42, 88,
132, 120, 159, 240, 114, 15, 124, 16, 232, 123, 184, 242, 247, 175, 108, 122,
164, 231, 156, 231, 200, 85, 16, 49, 132, 116, 25, 50, 22], [154, 183, 139, 70,
208, 136, 178, 232, 96, 10, 60, 196, 156, 247, 89, 163, 37, 168, 130, 11, 235,
237, 116, 147, 216, 14, 183, 3, 96, 234, 52, 105], [199, 69, 161, 101, 137, 137,
1, 224, 232, 7, 192, 116, 189, 132, 145, 117, 20, 3, 27, 121, 164, 100, 78, 194,
239, 206, 35, 117, 87, 12, 243, 126], [115, 254, 88, 221, 87, 150, 116, 39, 31,
70, 162, 188, 132, 12, 243, 2, 225, 48, 142, 23, 136, 62, 55, 47, 188, 200, 239,
235, 126, 206, 248, 22], [82, 156, 199, 73, 228, 123, 35, 227, 186, 146, 107,
164, 203, 211, 68, 229, 158, 153, 156, 158, 231, 160, 68, 80, 126, 157, 36, 19,
182, 78, 204, 85], [243, 133, 109, 186, 25, 93, 197, 77, 232, 135, 197, 160, 1,
77, 187, 218, 35, 26, 152, 44, 37, 142, 17, 70, 198, 123, 161, 88, 78, 82, 37,
139], [7, 58, 206, 93, 198, 76, 111, 219, 235, 93, 161, 95, 133, 142, 236, 85,
249, 243, 133, 140, 203, 29, 192, 227, 87, 245, 45, 227, 52, 98, 84, 42], [74,
201, 26, 110, 48, 102, 251, 122, 119, 99, 94, 242, 224, 146, 218, 179, 84, 117,
53, 11, 71, 143, 24, 68, 15, 33, 121, 25, 79, 47, 10, 38], [228, 77, 160, 118,
0, 105, 18, 75, 121, 209, 15, 249, 251, 165, 198, 131, 6, 12, 129, 203, 231,
156, 62, 96, 233, 17, 179, 42, 167, 153, 248, 211], [26, 98, 184, 52, 10, 184,
103, 21, 214, 47, 193, 110, 114, 17, 73, 14, 74, 64, 177, 249, 164, 50, 66, 231,
62, 242, 79, 13, 177, 228, 11, 168], [228, 238, 246, 172, 113, 76, 26, 165, 242,
143, 137, 106, 79, 52, 119, 210, 245, 51, 185, 132, 53, 92, 141, 79, 37, 26, 17,
177, 62, 43, 198, 200], [132, 146, 139, 254, 191, 9, 87, 224, 57, 211, 139, 105,
213, 166, 157, 149, 122, 113, 128, 253, 142, 2, 109, 228, 234, 82, 39, 9, 168,
223, 15, 138], [223, 149, 25, 50, 223, 185, 83, 147, 192, 243, 102, 11, 238,
161, 49, 207, 214, 236, 201, 239, 115, 158, 16, 46, 178, 95, 95, 91, 57, 205,
132, 91], [8, 232, 82, 85, 50, 151, 151, 9, 63, 183, 182, 19, 228, 118, 116,
153, 126, 147, 205, 175, 25, 89, 85, 237, 155, 13, 134, 168, 162, 232, 233, 58],
[139, 154, 134, 176, 216, 27, 4, 151, 81, 195, 168, 111, 135, 205, 244, 14, 78,
193, 71, 194, 174, 10, 124, 67, 3, 82, 242, 201, 127, 145, 231, 137], [153, 237,
148, 244, 42, 220, 223, 108, 63, 227, 74, 21, 231, 100, 130, 75, 165, 113, 83,
96, 242, 198, 59, 220, 14, 215, 206, 246, 169, 155, 11, 79], [139, 151, 217, 8,
177, 64, 102, 137, 103, 197, 0, 68, 131, 148, 89, 146, 238, 165, 93, 101, 21,
244, 220, 25, 210, 191, 159, 7, 168, 53, 13, 235], [143, 55, 106, 45, 239, 164,
73, 126, 187, 138, 34, 12, 185, 214, 125, 124, 69, 12, 186, 24, 140, 32, 208,
217, 138, 200, 75, 209, 26, 219, 192, 186], [129, 203, 121, 189, 50, 244, 12,
140, 199, 241, 144, 24, 7, 118, 215, 114, 5, 2, 193, 20, 126, 164, 169, 134,
171, 59, 165, 207, 16, 203, 1, 228], [228, 233, 104, 229, 170, 74, 48, 63, 55,
121, 5, 138, 220, 128, 76, 210, 247, 71, 81, 105, 249, 102, 46, 228, 71, 252,
246, 200, 41, 203, 219, 245], [3, 169, 169, 45, 109, 165, 83, 139, 208, 222,
101, 243, 136, 203, 173, 129, 100, 163, 210, 55, 171, 220, 183, 9, 231, 42, 14,
60, 15, 209, 89, 58], [160, 250, 177, 67, 5, 157, 244, 185, 125, 112, 1, 196,
187, 159, 242, 9, 17, 147, 110, 132, 132, 189, 202, 101, 23, 168, 180, 46, 125,
143, 43, 183], [156, 28, 177, 85, 129, 43, 139, 182, 228, 201, 95, 106, 90, 207,
146, 18, 141, 96, 61, 34, 147, 238, 238, 186, 79, 71, 3, 41, 185, 100, 165, 54],
[83, 158, 8, 104, 145, 95, 173, 163, 155, 155, 189, 250, 7, 255, 38, 185, 224,
96, 174, 30, 197, 164, 107, 21, 133, 50, 107, 144, 126, 169, 108, 40], [23, 10,
214, 188, 200, 207, 12, 198, 5, 194, 108, 87, 55, 16, 103, 3, 106, 77, 240, 126,
204, 11, 130, 161, 7, 85, 158, 128, 113, 176, 164, 94], [85, 33, 156, 187, 99,
219, 113, 127, 71, 157, 244, 133, 135, 8, 81, 39, 58, 33, 117, 236, 247, 178,
146, 253, 84, 201, 190, 247, 152, 248, 181, 40], [72, 101, 50, 175, 15, 202,
212, 26, 136, 126, 48, 165, 136, 224, 52, 46, 188, 219, 31, 147, 57, 178, 45,
226, 69, 26, 25, 207, 221, 208, 215, 161], [134, 132, 103, 6, 202, 196, 135,
188, 155, 65, 220, 187, 234, 67, 151, 102, 132, 137, 194, 150, 64, 99, 123, 64,
96, 15, 130, 166, 165, 231, 39, 128], [240, 186, 49, 71, 221, 92, 64, 51, 75,
182, 133, 119, 52, 92, 28, 189, 250, 213, 198, 220, 235, 29, 160, 163, 212, 230,
191, 17, 168, 37, 142, 22], [50, 174, 15, 241, 137, 124, 104, 92, 131, 44, 100,
146, 193, 243, 201, 100, 52, 216, 48, 63, 30, 176, 74, 185, 47, 25, 247, 98,
235, 204, 133, 171], [37, 191, 175, 107, 200, 8, 195, 151, 47, 77, 11, 169, 2,
164, 66, 150, 145, 160, 54, 3, 82, 86, 248, 9, 97, 233, 36, 180, 207, 143, 179,
58], [165, 166, 62, 148, 113, 191, 87, 198, 55, 4, 98, 1, 137, 141, 1, 250, 142,
244, 212, 46, 93, 225, 253, 83, 46, 3, 89, 107, 72, 115, 61, 88], [168, 109,
122, 211, 20, 68, 103, 213, 29, 213, 169, 8, 121, 242, 247, 243, 32, 3, 165,
240, 140, 178, 136, 180, 9, 105, 197, 239, 50, 107, 242, 252], [190, 98, 110,
246, 164, 17, 82, 142, 138, 10, 141, 18, 136, 104, 193, 208, 208, 95, 231, 160,
97, 171, 53, 159, 57, 164, 30, 88, 247, 143, 2, 71], [14, 14, 157, 24, 209, 251,
196, 103, 85, 249, 105, 5, 126, 51, 162, 201, 173, 227, 222, 41, 250, 81, 88,
86, 231, 139, 235, 1, 120, 14, 112, 15], [43, 38, 153, 32, 250, 88, 189, 146,
209, 216, 223, 4, 244, 171, 120, 204, 223, 190, 129, 37, 160, 23, 59, 38, 223,
192, 90, 57, 187, 248, 143, 158], [118, 18, 235, 248, 30, 197, 122, 1, 31, 83,
117, 243, 191, 106, 16, 20, 254, 102, 145, 97, 27, 53, 150, 226, 2, 37, 139, 51,
17, 155, 13, 230], [5, 195, 41, 37, 208, 1, 26, 228, 159, 57, 117, 53, 108, 186,
229, 253, 48, 109, 75, 87, 136, 132, 232, 247, 80, 94, 19, 89, 178, 140, 52,
148], [219, 69, 141, 168, 104, 100, 115, 147, 41, 158, 160, 16, 192, 66, 42,
135, 81, 7, 252, 102, 193, 212, 25, 182, 198, 134, 195, 165, 232, 158, 124, 72],
[145, 222, 128, 149, 201, 199, 61, 166, 73, 137, 238, 216, 61, 146, 206, 109,
176, 66, 243, 160, 34, 255, 129, 147, 38, 78, 163, 222, 127, 224, 87, 22], [252,
186, 98, 127, 185, 59, 4, 191, 181, 44, 242, 34, 112, 35, 117, 97, 62, 116, 170,
57, 85, 93, 105, 38, 194, 177, 134, 80, 210, 114, 9, 77], [186, 154, 119, 122,
160, 39, 13, 33, 185, 140, 206, 46, 143, 12, 228, 149, 166, 58, 129, 18, 93,
210, 122, 39, 90, 79, 44, 38, 129, 242, 101, 231], [155, 186, 104, 166, 15, 62,
252, 244, 126, 224, 17, 207, 232, 18, 118, 46, 97, 165, 99, 79, 135, 1, 24, 53,
199, 230, 195, 31, 106, 142, 7, 86], [128, 246, 243, 236, 44, 29, 128, 94, 35,
141, 229, 158, 129, 113, 96, 117, 176, 149, 180, 78, 69, 247, 57, 115, 123, 144,
1, 85, 86, 26, 22, 36], [99, 171, 139, 231, 95, 224, 250, 223, 145, 35, 190, 49,
196, 128, 212, 82, 208, 25, 224, 238, 207, 252, 233, 33, 210, 211, 126, 1, 174,
212, 155, 246], [67, 244, 140, 162, 62, 35, 139, 127, 134, 12, 253, 94, 169,
188, 75, 187, 109, 113, 124, 56, 97, 182, 44, 45, 35, 109, 91, 223, 141, 143,
101, 132], [110, 197, 229, 54, 52, 192, 192, 178, 204, 121, 186, 78, 146, 189,
61, 106, 160, 42, 73, 58, 156, 243, 91, 25, 194, 67, 79, 185, 115, 103, 148,
139], [252, 156, 125, 36, 95, 20, 176, 102, 82, 143, 53, 192, 149, 90, 116, 125,
185, 134, 121, 70, 240, 138, 167, 23, 81, 242, 188, 146, 86, 139, 214, 126],
[45, 232, 15, 215, 102, 206, 191, 206, 153, 6, 203, 116, 230, 135, 222, 226, 22,
233, 20, 144, 176, 251, 15, 33, 80, 9, 109, 214, 174, 208, 55, 240], [38, 254,
158, 135, 179, 208, 113, 168, 93, 163, 32, 239, 4, 189, 237, 23, 210, 44, 170,
178, 160, 98, 159, 65, 84, 35, 235, 212, 199, 195, 100, 14], [65, 186, 176, 191,
17, 209, 178, 7, 88, 62, 104, 176, 75, 66, 176, 10, 105, 20, 202, 64, 63, 42,
61, 21, 26, 137, 42, 121, 180, 228, 94, 92], [184, 214, 94, 3, 179, 175, 145,
65, 134, 199, 180, 246, 75, 63, 141, 99, 111, 241, 145, 254, 13, 3, 19, 34, 137,
57, 134, 27, 38, 117, 172, 126], [145, 43, 5, 3, 125, 225, 213, 251, 111, 219,
11, 139, 39, 186, 79, 20, 105, 88, 94, 46, 125, 193, 0, 55, 242, 99, 77, 242,
253, 32, 41, 142], [247, 92, 60, 44, 192, 180, 16, 207, 77, 252, 248, 160, 139,
183, 4, 145, 86, 2, 86, 68, 147, 193, 96, 187, 43, 214, 200, 175, 144, 192, 74,
116], [20, 129, 20, 188, 79, 213, 108, 24, 30, 125, 116, 229, 135, 185, 201,
119, 32, 26, 15, 204, 14, 7, 178, 185, 96, 183, 224, 39, 152, 190, 69, 209],
[33, 144, 197, 148, 138, 166, 110, 189, 208, 144, 249, 127, 110, 53, 193, 16,
14, 0, 45, 35, 95, 67, 189, 128, 19, 209, 234, 178, 94, 58, 17, 62], [1, 1, 18,
47, 42, 96, 223, 120, 10, 212, 239, 200, 151, 17, 70, 116, 16, 73, 17, 80, 194,
61, 141, 229, 254, 245, 53, 175, 252, 118, 170, 142], [104, 111, 216, 25, 130,
171, 228, 134, 61, 204, 72, 116, 126, 231, 45, 25, 92, 89, 126, 125, 3, 35, 39,
115, 192, 144, 83, 160, 192, 31, 210, 73], [135, 87, 6, 233, 15, 24, 210, 251,
255, 55, 41, 98, 163, 10, 236, 44, 68, 1, 40, 115, 22, 100, 215, 73, 94, 152,
199, 136, 236, 176, 150, 194], [215, 59, 162, 219, 131, 76, 184, 107, 30, 133,
95, 238, 20, 32, 187, 247, 251, 17, 81, 52, 236, 91, 243, 57, 92, 13, 237, 37,
94, 203, 131, 172], [44, 41, 117, 8, 233, 175, 2, 210, 218, 179, 170, 229, 20,
201, 215, 193, 179, 96, 10, 20, 210, 46, 19, 51, 208, 145, 132, 121, 121, 76,
119, 218], [205, 63, 215, 32, 85, 213, 156, 131, 74, 240, 169, 122, 181, 215,
34, 3, 87, 26, 60, 42, 198, 63, 1, 109, 190, 65, 150, 133, 18, 40, 173, 119],
[17, 88, 25, 97, 27, 169, 103, 10, 179, 185, 246, 15, 15, 10, 108, 167, 131,
203, 61, 57, 10, 198, 17, 114, 221, 199, 249, 209, 60, 182, 75, 68], [49, 132,
51, 247, 206, 144, 141, 39, 82, 137, 191, 4, 210, 254, 173, 191, 175, 180, 135,
250, 127, 82, 156, 68, 47, 99, 103, 124, 38, 229, 250, 195], [114, 247, 228,
151, 228, 39, 66, 2, 21, 237, 80, 87, 100, 199, 96, 188, 117, 119, 139, 65, 62,
47, 192, 254, 103, 80, 60, 108, 94, 79, 220, 195]]
Closing tx producer channel: channel closed
